Component: ARM Compiler 5.06 update 7 (build 960) Tool: armlink [4d3601]

==============================================================================

Section Cross References

    gd32f4xx_it.o(i.SDIO_IRQHandler) refers to sdcard.o(i.sd_interrupts_process) for sd_interrupts_process
    gd32f4xx_it.o(i.SysTick_Handler) refers to systick.o(i.delay_decrement) for delay_decrement
    gd32f4xx_it.o(i.SysTick_Handler) refers to systick.o(.data) for uwTick
    main.o(i.main) refers to function.o(i.System_Init) for System_Init
    main.o(i.main) refers to function.o(i.UsrFunction) for UsrFunction
    systick.o(i.Get_Tick) refers to systick.o(.data) for uwTick
    systick.o(i.delay_1ms) refers to systick.o(.data) for delay
    systick.o(i.delay_decrement) refers to systick.o(.data) for delay
    systick.o(i.systick_config) refers to systick.o(i.NVIC_SetPriority) for NVIC_SetPriority
    systick.o(i.systick_config) refers to system_gd32f4xx.o(.data) for SystemCoreClock
    sdcard.o(i.cmdsent_error_check) refers to gd32f4xx_sdio.o(i.sdio_flag_get) for sdio_flag_get
    sdcard.o(i.cmdsent_error_check) refers to gd32f4xx_sdio.o(i.sdio_flag_clear) for sdio_flag_clear
    sdcard.o(i.dma_receive_config) refers to gd32f4xx_dma.o(i.dma_flag_clear) for dma_flag_clear
    sdcard.o(i.dma_receive_config) refers to gd32f4xx_dma.o(i.dma_channel_disable) for dma_channel_disable
    sdcard.o(i.dma_receive_config) refers to gd32f4xx_dma.o(i.dma_deinit) for dma_deinit
    sdcard.o(i.dma_receive_config) refers to gd32f4xx_dma.o(i.dma_multi_data_mode_init) for dma_multi_data_mode_init
    sdcard.o(i.dma_receive_config) refers to gd32f4xx_dma.o(i.dma_flow_controller_config) for dma_flow_controller_config
    sdcard.o(i.dma_receive_config) refers to gd32f4xx_dma.o(i.dma_channel_subperipheral_select) for dma_channel_subperipheral_select
    sdcard.o(i.dma_receive_config) refers to gd32f4xx_dma.o(i.dma_channel_enable) for dma_channel_enable
    sdcard.o(i.dma_transfer_config) refers to gd32f4xx_dma.o(i.dma_flag_clear) for dma_flag_clear
    sdcard.o(i.dma_transfer_config) refers to gd32f4xx_dma.o(i.dma_channel_disable) for dma_channel_disable
    sdcard.o(i.dma_transfer_config) refers to gd32f4xx_dma.o(i.dma_deinit) for dma_deinit
    sdcard.o(i.dma_transfer_config) refers to gd32f4xx_dma.o(i.dma_multi_data_mode_init) for dma_multi_data_mode_init
    sdcard.o(i.dma_transfer_config) refers to gd32f4xx_dma.o(i.dma_flow_controller_config) for dma_flow_controller_config
    sdcard.o(i.dma_transfer_config) refers to gd32f4xx_dma.o(i.dma_channel_subperipheral_select) for dma_channel_subperipheral_select
    sdcard.o(i.dma_transfer_config) refers to gd32f4xx_dma.o(i.dma_channel_enable) for dma_channel_enable
    sdcard.o(i.gpio_config) refers to gd32f4xx_gpio.o(i.gpio_af_set) for gpio_af_set
    sdcard.o(i.gpio_config) refers to gd32f4xx_gpio.o(i.gpio_mode_set) for gpio_mode_set
    sdcard.o(i.gpio_config) refers to gd32f4xx_gpio.o(i.gpio_output_options_set) for gpio_output_options_set
    sdcard.o(i.r1_error_check) refers to gd32f4xx_sdio.o(i.sdio_flag_clear) for sdio_flag_clear
    sdcard.o(i.r1_error_check) refers to gd32f4xx_sdio.o(i.sdio_command_index_get) for sdio_command_index_get
    sdcard.o(i.r1_error_check) refers to gd32f4xx_sdio.o(i.sdio_response_get) for sdio_response_get
    sdcard.o(i.r1_error_check) refers to sdcard.o(i.r1_error_type_check) for r1_error_type_check
    sdcard.o(i.r2_error_check) refers to gd32f4xx_sdio.o(i.sdio_flag_clear) for sdio_flag_clear
    sdcard.o(i.r3_error_check) refers to gd32f4xx_sdio.o(i.sdio_flag_clear) for sdio_flag_clear
    sdcard.o(i.r6_error_check) refers to gd32f4xx_sdio.o(i.sdio_flag_clear) for sdio_flag_clear
    sdcard.o(i.r6_error_check) refers to gd32f4xx_sdio.o(i.sdio_command_index_get) for sdio_command_index_get
    sdcard.o(i.r6_error_check) refers to gd32f4xx_sdio.o(i.sdio_response_get) for sdio_response_get
    sdcard.o(i.r7_error_check) refers to gd32f4xx_sdio.o(i.sdio_flag_clear) for sdio_flag_clear
    sdcard.o(i.rcu_config) refers to gd32f4xx_rcu.o(i.rcu_periph_clock_enable) for rcu_periph_clock_enable
    sdcard.o(i.sd_block_read) refers to gd32f4xx_sdio.o(i.sdio_data_config) for sdio_data_config
    sdcard.o(i.sd_block_read) refers to gd32f4xx_sdio.o(i.sdio_data_transfer_config) for sdio_data_transfer_config
    sdcard.o(i.sd_block_read) refers to gd32f4xx_sdio.o(i.sdio_dsm_disable) for sdio_dsm_disable
    sdcard.o(i.sd_block_read) refers to gd32f4xx_sdio.o(i.sdio_dma_disable) for sdio_dma_disable
    sdcard.o(i.sd_block_read) refers to gd32f4xx_sdio.o(i.sdio_response_get) for sdio_response_get
    sdcard.o(i.sd_block_read) refers to sdcard.o(i.sd_datablocksize_get) for sd_datablocksize_get
    sdcard.o(i.sd_block_read) refers to gd32f4xx_sdio.o(i.sdio_command_response_config) for sdio_command_response_config
    sdcard.o(i.sd_block_read) refers to gd32f4xx_sdio.o(i.sdio_wait_type_set) for sdio_wait_type_set
[...]
    Buffer_OverLimit_Data                    0x0800147f   Thumb Code    18  data_save.o(i.Buffer_OverLimit_Data)
    Buffer_Sample_Data                       0x08001491   Thumb Code    18  data_save.o(i.Buffer_Sample_Data)
    BusFault_Handler                         0x080014a3   Thumb Code     4  gd32f4xx_it.o(i.BusFault_Handler)
    Check_And_Create_New_File                0x080014a9   Thumb Code   202  data_save.o(i.Check_And_Create_New_File)
    Check_Voltage_Limit                      0x08001595   Thumb Code    24  data_app.o(i.Check_Voltage_Limit)
    Check_Voltage_Over_Limit                 0x080015b1   Thumb Code    24  sampling_control.o(i.Check_Voltage_Over_Limit)
    Control_LED2_Over_Limit                  0x080015cd   Thumb Code    30  sampling_control.o(i.Control_LED2_Over_Limit)
    Create_Log_File                          0x080015f1   Thumb Code    56  data_save.o(i.Create_Log_File)
    Create_OverLimit_File_Safe               0x0800164d   Thumb Code    88  data_save.o(i.Create_OverLimit_File_Safe)
    Create_Storage_Folders                   0x080016d1   Thumb Code   118  data_save.o(i.Create_Storage_Folders)
    Data_Buffer_Init                         0x080017bd   Thumb Code    42  data_save.o(i.Data_Buffer_Init)
    Data_Save_Init                           0x080017f1   Thumb Code   116  data_save.o(i.Data_Save_Init)
    DateTime_To_Unix                         0x0800189d   Thumb Code   228  data_app.o(i.DateTime_To_Unix)
    DebugMon_Handler                         0x08001991   Thumb Code     2  gd32f4xx_it.o(i.DebugMon_Handler)
    Decode_Hex_Data                          0x08001995   Thumb Code   178  data_app.o(i.Decode_Hex_Data)
    Encode_Sample_Data                       0x08001a51   Thumb Code   108  data_app.o(i.Encode_Sample_Data)
    Encode_Sample_Data_To_Hex                0x08001ad5   Thumb Code   114  data_save.o(i.Encode_Sample_Data_To_Hex)
    Flash_Proc                               0x08001b6d   Thumb Code     2  scheduler.o(i.Flash_Proc)
    Generate_DateTime_String                 0x08001b71   Thumb Code   220  data_save.o(i.Generate_DateTime_String)
    Get_Buffer_Data_Count                    0x08001c7d   Thumb Code     8  data_save.o(i.Get_Buffer_Data_Count)
    Get_Buffer_Log_Count                     0x08001c89   Thumb Code     8  data_save.o(i.Get_Buffer_Log_Count)
    Get_Current_Period_Seconds               0x08001c95   Thumb Code    14  sampling_control.o(i.Get_Current_Period_Seconds)
    Get_Current_Voltage                      0x08001ca9   Thumb Code     8  data_app.o(i.Get_Current_Voltage)
    Get_Storage_Mode                         0x08001cb5   Thumb Code     6  data_save.o(i.Get_Storage_Mode)
    Get_Tick                                 0x08001cc1   Thumb Code     6  systick.o(i.Get_Tick)
    Handle_Config_Read                       0x08001ccd   Thumb Code   192  sdcard_app.o(i.Handle_Config_Read)
    Handle_Config_Save                       0x08001e01   Thumb Code   108  sdcard_app.o(i.Handle_Config_Save)
    Handle_Hide_Command                      0x08001ecd   Thumb Code   136  data_app.o(i.Handle_Hide_Command)
    Handle_Limit_Command                     0x08001f6d   Thumb Code    64  sdcard_app.o(i.Handle_Limit_Command)
    Handle_Ratio_Command                     0x08001ff5   Thumb Code    64  sdcard_app.o(i.Handle_Ratio_Command)
    Handle_Unhide_Command                    0x0800207d   Thumb Code   138  data_app.o(i.Handle_Unhide_Command)
    HardFault_Handler                        0x08002149   Thumb Code     4  gd32f4xx_it.o(i.HardFault_Handler)
    I2C_Start                                0x0800214d   Thumb Code    84  oled.o(i.I2C_Start)
    I2C_Stop                                 0x080021a5   Thumb Code    66  oled.o(i.I2C_Stop)
    I2C_WaitAck                              0x080021ed   Thumb Code   116  oled.o(i.I2C_WaitAck)
    IIC_delay                                0x08002265   Thumb Code    16  oled.o(i.IIC_delay)
    ITM_SendChar                             0x08002275   Thumb Code    42  retarget_io.o(i.ITM_SendChar)
    Init_Device_ID_If_Empty                  0x080022a5   Thumb Code    52  sdcard_app.o(i.Init_Device_ID_If_Empty)
    Is_Sampling_Running                      0x08002329   Thumb Code    14  sampling_control.o(i.Is_Sampling_Running)
    Key_Init                                 0x0800233d   Thumb Code    24  key_driver.o(i.Key_Init)
    Key_Proc                                 0x08002359   Thumb Code   162  scheduler.o(i.Key_Proc)
    Key_Read                                 0x080024e5   Thumb Code    56  key_driver.o(i.Key_Read)
    LED_Init                                 0x08002521   Thumb Code   122  led_driver.o(i.LED_Init)
    Load_Boot_Count_From_Flash               0x080025a5   Thumb Code    92  data_save.o(i.Load_Boot_Count_From_Flash)
    Load_Config_From_Flash                   0x08002605   Thumb Code   110  sdcard_app.o(i.Load_Config_From_Flash)
    Load_Period_Config_From_Flash            0x08002675   Thumb Code   226  sampling_control.o(i.Load_Period_Config_From_Flash)
    MemManage_Handler                        0x0800275d   Thumb Code     4  gd32f4xx_it.o(i.MemManage_Handler)
    NMI_Handler                              0x08002761   Thumb Code     2  gd32f4xx_it.o(i.NMI_Handler)
    OLED_Clear                               0x0800278d   Thumb Code    42  oled.o(i.OLED_Clear)
    OLED_ClearPoint                          0x080027bd   Thumb Code    90  oled.o(i.OLED_ClearPoint)
    OLED_DrawPoint                           0x0800281d   Thumb Code    54  oled.o(i.OLED_DrawPoint)
    OLED_Init                                0x08002859   Thumb Code   324  oled.o(i.OLED_Init)
    OLED_Refresh                             0x080029a1   Thumb Code    70  oled.o(i.OLED_Refresh)
    OLED_ShowChar                            0x080029ed   Thumb Code   240  oled.o(i.OLED_ShowChar)
    OLED_ShowString                          0x08002ae9   Thumb Code    66  oled.o(i.OLED_ShowString)
    OLED_WR_Byte                             0x08002b2b   Thumb Code    56  oled.o(i.OLED_WR_Byte)
    Oled_Printf                              0x08002b63   Thumb Code    54  oled.o(i.Oled_Printf)
    Oled_Proc                                0x08002b99   Thumb Code    34  scheduler.o(i.Oled_Proc)
    Output_Sample_Data                       0x08002bdd   Thumb Code   318  sampling_control.o(i.Output_Sample_Data)
    Parse_Config_File                        0x08002efd   Thumb Code   380  sdcard_app.o(i.Parse_Config_File)
    PendSV_Handler                           0x08003091   Thumb Code     2  gd32f4xx_it.o(i.PendSV_Handler)
    Print_Device_ID                          0x08003095   Thumb Code    92  sdcard_app.o(i.Print_Device_ID)
    Process_Config_Management                0x0800311d   Thumb Code   100  sdcard_app.o(i.Process_Config_Management)
    Process_Data_Buffer                      0x080031b1   Thumb Code   224  data_save.o(i.Process_Data_Buffer)
    Process_Data_Command                     0x0800329d   Thumb Code    94  data_app.o(i.Process_Data_Command)
    RTC_Alarm_IRQHandler                     0x08004d89   Thumb Code    36  rtc_driver.o(i.RTC_Alarm_IRQHandler)
    RTC_WKUP_IRQHandler                      0x08004db9   Thumb Code    30  rtc_driver.o(i.RTC_WKUP_IRQHandler)
    Read_ADC_Voltage                         0x08004dd9   Thumb Code    34  sampling_control.o(i.Read_ADC_Voltage)
    Read_Config_From_SDCard                  0x08004e09   Thumb Code   316  sdcard_app.o(i.Read_Config_From_SDCard)
    Reset_File_Counters                      0x08005021   Thumb Code    54  data_save.o(i.Reset_File_Counters)
    Rtc_Proc                                 0x0800505d   Thumb Code    28  scheduler.o(i.Rtc_Proc)
    SDIO_IRQHandler                          0x08005099   Thumb Code     8  gd32f4xx_it.o(i.SDIO_IRQHandler)
    SVC_Handler                              0x080050a1   Thumb Code     2  gd32f4xx_it.o(i.SVC_Handler)
    Sampling_Control_Init                    0x080050a5   Thumb Code   170  sampling_control.o(i.Sampling_Control_Init)
    Sampling_Control_Reset                   0x0800515d   Thumb Code    70  sampling_control.o(i.Sampling_Control_Reset)
    Sampling_Control_Start                   0x080051b9   Thumb Code    80  sampling_control.o(i.Sampling_Control_Start)
    Sampling_Control_Stop                    0x08005251   Thumb Code    86  sampling_control.o(i.Sampling_Control_Stop)
    Sampling_Control_Task                    0x080052f1   Thumb Code    84  sampling_control.o(i.Sampling_Control_Task)
    Sampling_Control_Toggle                  0x08005349   Thumb Code    28  sampling_control.o(i.Sampling_Control_Toggle)
    Save_Boot_Count_To_Flash                 0x08005369   Thumb Code    66  data_save.o(i.Save_Boot_Count_To_Flash)
    Save_Config_To_Flash                     0x080053ab   Thumb Code    88  sdcard_app.o(i.Save_Config_To_Flash)
    Save_Device_ID_To_Flash                  0x08005403   Thumb Code    74  sdcard_app.o(i.Save_Device_ID_To_Flash)
    Save_Encrypted_Data                      0x0800544d   Thumb Code   148  data_save.o(i.Save_Encrypted_Data)
    Save_HideData                            0x0800550d   Thumb Code   226  data_save.o(i.Save_HideData)
    Save_Log_Data                            0x0800563d   Thumb Code   178  data_save.o(i.Save_Log_Data)
    Save_OverLimit_Data                      0x08005725   Thumb Code   298  data_save.o(i.Save_OverLimit_Data)
    Save_Period_Config_To_Flash              0x080058b9   Thumb Code   138  sampling_control.o(i.Save_Period_Config_To_Flash)
    Save_Sample_Data                         0x08005949   Thumb Code   252  data_save.o(i.Save_Sample_Data)
    Scheduler_Init                           0x08005a95   Thumb Code     8  scheduler.o(i.Scheduler_Init)
    Scheduler_Run                            0x08005aa1   Thumb Code    88  scheduler.o(i.Scheduler_Run)
    Send_Byte                                0x08005b05   Thumb Code    88  oled.o(i.Send_Byte)
    Set_New_Limit                            0x08005b61   Thumb Code   110  sdcard_app.o(i.Set_New_Limit)
    Set_New_Ratio                            0x08005c15   Thumb Code   110  sdcard_app.o(i.Set_New_Ratio)
    Set_Sampling_Period                      0x08005cc9   Thumb Code    88  sampling_control.o(i.Set_Sampling_Period)
    Set_Storage_Mode                         0x08005d25   Thumb Code    28  data_save.o(i.Set_Storage_Mode)
    SysTick_Handler                          0x08005e01   Thumb Code    18  gd32f4xx_it.o(i.SysTick_Handler)
    SystemInit                               0x08005e19   Thumb Code   194  system_gd32f4xx.o(i.SystemInit)
    System_Init                              0x08005eed   Thumb Code    12  function.o(i.System_Init)
    Test_Data_Storage_System                 0x08005ef9   Thumb Code   166  data_save.o(i.Test_Data_Storage_System)
    Toggle_LED1                              0x080060d1   Thumb Code    44  sampling_control.o(i.Toggle_LED1)
    USART0_Config                            0x08006105   Thumb Code   188  usart_driver.o(i.USART0_Config)
    USART0_DMA_Config                        0x080061c9   Thumb Code    98  usart_driver.o(i.USART0_DMA_Config)
    USART0_IRQHandler                        0x08006241   Thumb Code   128  usart_driver.o(i.USART0_IRQHandler)
    Uart_Init                                0x080062d9   Thumb Code    12  usart_driver.o(i.Uart_Init)
    Uart_Proc                                0x080062e5   Thumb Code   240  uart_app.o(i.Uart_Proc)
    Unix_To_DateTime                         0x080063e9   Thumb Code   312  data_app.o(i.Unix_To_DateTime)
    Unlock_Sampling_Control                  0x08006531   Thumb Code    10  sampling_control.o(i.Unlock_Sampling_Control)
    Update_OLED_Display                      0x08006541   Thumb Code   182  sampling_control.o(i.Update_OLED_Display)
    UsageFault_Handler                       0x08006629   Thumb Code     4  gd32f4xx_it.o(i.UsageFault_Handler)
    UsrFunction                              0x0800662d   Thumb Code    82  function.o(i.UsrFunction)
    Validate_Limit                           0x080066b5   Thumb Code    32  sdcard_app.o(i.Validate_Limit)
    Validate_Ratio                           0x080066d9   Thumb Code    32  sdcard_app.o(i.Validate_Ratio)
    Verify_And_Init_RTC_Time                 0x080066fd   Thumb Code   146  data_save.o(i.Verify_And_Init_RTC_Time)
    Verify_File_Counters_Integrity           0x08006791   Thumb Code   174  data_save.o(i.Verify_File_Counters_Integrity)
    __0printf                                0x0800686d   Thumb Code    22  printfa.o(i.__0printf)
    __1printf                                0x0800686d   Thumb Code     0  printfa.o(i.__0printf)
    __2printf                                0x0800686d   Thumb Code     0  printfa.o(i.__0printf)
    __c89printf                              0x0800686d   Thumb Code     0  printfa.o(i.__0printf)
    printf                                   0x0800686d   Thumb Code     0  printfa.o(i.__0printf)
    __0snprintf                              0x0800688d   Thumb Code    48  printfa.o(i.__0snprintf)
    __1snprintf                              0x0800688d   Thumb Code     0  printfa.o(i.__0snprintf)
    __2snprintf                              0x0800688d   Thumb Code     0  printfa.o(i.__0snprintf)
    __c89snprintf                            0x0800688d   Thumb Code     0  printfa.o(i.__0snprintf)
    snprintf                                 0x0800688d   Thumb Code     0  printfa.o(i.__0snprintf)
    __0sprintf                               0x080068c1   Thumb Code    34  printfa.o(i.__0sprintf)
    __1sprintf                               0x080068c1   Thumb Code     0  printfa.o(i.__0sprintf)
    __2sprintf                               0x080068c1   Thumb Code     0  printfa.o(i.__0sprintf)
    __c89sprintf                             0x080068c1   Thumb Code     0  printfa.o(i.__0sprintf)
    sprintf                                  0x080068c1   Thumb Code     0  printfa.o(i.__0sprintf)
    __0vsnprintf                             0x080068e9   Thumb Code    46  printfa.o(i.__0vsnprintf)
    __1vsnprintf                             0x080068e9   Thumb Code     0  printfa.o(i.__0vsnprintf)
    __2vsnprintf                             0x080068e9   Thumb Code     0  printfa.o(i.__0vsnprintf)
    __c89vsnprintf                           0x080068e9   Thumb Code     0  printfa.o(i.__0vsnprintf)
    vsnprintf                                0x080068e9   Thumb Code     0  printfa.o(i.__0vsnprintf)
    __hardfp_atof                            0x08006921   Thumb Code    44  atof.o(i.__hardfp_atof)
    __read_errno                             0x08006959   Thumb Code     6  errno.o(i.__read_errno)
    __scatterload_copy                       0x08006965   Thumb Code    14  handlers.o(i.__scatterload_copy)
    __scatterload_null                       0x08006973   Thumb Code     2  handlers.o(i.__scatterload_null)
    __scatterload_zeroinit                   0x08006975   Thumb Code    14  handlers.o(i.__scatterload_zeroinit)
    __set_errno                              0x08006985   Thumb Code     6  errno.o(i.__set_errno)
    _is_digit                                0x08006b15   Thumb Code    14  scanf_fp.o(i._is_digit)
    adc_calibration_enable                   0x0800724b   Thumb Code    42  gd32f4xx_adc.o(i.adc_calibration_enable)
    adc_channel_length_config                0x08007275   Thumb Code    82  gd32f4xx_adc.o(i.adc_channel_length_config)
    adc_clock_config                         0x080072c9   Thumb Code    28  gd32f4xx_adc.o(i.adc_clock_config)
    adc_data_alignment_config                0x080072ed   Thumb Code    22  gd32f4xx_adc.o(i.adc_data_alignment_config)
    adc_dma_mode_enable                      0x08007303   Thumb Code    10  gd32f4xx_adc.o(i.adc_dma_mode_enable)
    adc_dma_request_after_last_enable        0x0800730d   Thumb Code    10  gd32f4xx_adc.o(i.adc_dma_request_after_last_enable)
    adc_enable                               0x08007317   Thumb Code    18  gd32f4xx_adc.o(i.adc_enable)
    adc_external_trigger_config              0x08007329   Thumb Code    52  gd32f4xx_adc.o(i.adc_external_trigger_config)
    adc_external_trigger_source_config       0x0800735d   Thumb Code    48  gd32f4xx_adc.o(i.adc_external_trigger_source_config)
    adc_routine_channel_config               0x0800738d   Thumb Code   172  gd32f4xx_adc.o(i.adc_routine_channel_config)
    adc_software_trigger_enable              0x08007439   Thumb Code    36  gd32f4xx_adc.o(i.adc_software_trigger_enable)
    adc_special_function_config              0x0800745d   Thumb Code    90  gd32f4xx_adc.o(i.adc_special_function_config)
    adc_sync_mode_config                     0x080074b9   Thumb Code    28  gd32f4xx_adc.o(i.adc_sync_mode_config)
    bsp_adc_init                             0x080074dd   Thumb Code   268  adc_dirver.o(i.bsp_adc_init)
    clust2sect                               0x08007a31   Thumb Code    26  ff.o(i.clust2sect)
    delay_1ms                                0x08007e55   Thumb Code    16  systick.o(i.delay_1ms)
    delay_decrement                          0x08007e69   Thumb Code    18  systick.o(i.delay_decrement)
    disk_initialize                          0x080083bd   Thumb Code   134  diskio.o(i.disk_initialize)
    disk_ioctl                               0x08008443   Thumb Code     6  diskio.o(i.disk_ioctl)
    disk_read                                0x08008449   Thumb Code    80  diskio.o(i.disk_read)
    disk_status                              0x08008499   Thumb Code    12  diskio.o(i.disk_status)
    disk_write                               0x080084a5   Thumb Code    80  diskio.o(i.disk_write)
    dma_channel_disable                      0x080084f5   Thumb Code    32  gd32f4xx_dma.o(i.dma_channel_disable)
    dma_channel_enable                       0x08008515   Thumb Code    32  gd32f4xx_dma.o(i.dma_channel_enable)
    dma_channel_subperipheral_select         0x08008535   Thumb Code    38  gd32f4xx_dma.o(i.dma_channel_subperipheral_select)
    dma_circulation_enable                   0x0800855b   Thumb Code    32  gd32f4xx_dma.o(i.dma_circulation_enable)
    dma_deinit                               0x0800857b   Thumb Code   166  gd32f4xx_dma.o(i.dma_deinit)
    dma_flag_clear                           0x08008621   Thumb Code    62  gd32f4xx_dma.o(i.dma_flag_clear)
    dma_flag_get                             0x0800865f   Thumb Code    76  gd32f4xx_dma.o(i.dma_flag_get)
    dma_flow_controller_config               0x080086ab   Thumb Code    64  gd32f4xx_dma.o(i.dma_flow_controller_config)
    dma_memory_address_config                0x080086eb   Thumb Code    32  gd32f4xx_dma.o(i.dma_memory_address_config)
    dma_multi_data_mode_init                 0x0800870d   Thumb Code   352  gd32f4xx_dma.o(i.dma_multi_data_mode_init)
    dma_single_data_mode_init                0x08008925   Thumb Code   340  gd32f4xx_dma.o(i.dma_single_data_mode_init)
    dma_transfer_number_config               0x08008b31   Thumb Code    16  gd32f4xx_dma.o(i.dma_transfer_number_config)
    dma_transfer_number_get                  0x08008b41   Thumb Code    16  gd32f4xx_dma.o(i.dma_transfer_number_get)
    exti_flag_clear                          0x08008b51   Thumb Code     6  gd32f4xx_exti.o(i.exti_flag_clear)
    f_close                                  0x08008b5d   Thumb Code    22  ff.o(i.f_close)
    f_lseek                                  0x08008b73   Thumb Code   432  ff.o(i.f_lseek)
    f_mkdir                                  0x08008d25   Thumb Code   388  ff.o(i.f_mkdir)
    f_mount                                  0x08008ead   Thumb Code    38  ff.o(i.f_mount)
    f_open                                   0x08008ed9   Thumb Code   368  ff.o(i.f_open)
    f_read                                   0x0800904d   Thumb Code   462  ff.o(i.f_read)
    f_sync                                   0x0800921b   Thumb Code   184  ff.o(i.f_sync)
    f_unlink                                 0x080092d5   Thumb Code   182  ff.o(i.f_unlink)
    f_write                                  0x08009391   Thumb Code   526  ff.o(i.f_write)
    ff_convert                               0x0800959f   Thumb Code    20  unicode_new.o(i.ff_convert)
    ff_wtoupper                              0x080095b3   Thumb Code    16  unicode_new.o(i.ff_wtoupper)
    fputc                                    0x080096e5   Thumb Code    26  retarget_io.o(i.fputc)
    gen_numname                              0x08009705   Thumb Code   202  ff.o(i.gen_numname)
    get_fat                                  0x080097cf   Thumb Code   228  ff.o(i.get_fat)
    get_fattime                              0x080098b3   Thumb Code     4  diskio.o(i.get_fattime)
    gpio_af_set                              0x080098b7   Thumb Code    94  gd32f4xx_gpio.o(i.gpio_af_set)
    gpio_bit_reset                           0x08009915   Thumb Code     4  gd32f4xx_gpio.o(i.gpio_bit_reset)
    gpio_bit_set                             0x08009919   Thumb Code     4  gd32f4xx_gpio.o(i.gpio_bit_set)
    gpio_input_bit_get                       0x08009991   Thumb Code    16  gd32f4xx_gpio.o(i.gpio_input_bit_get)
    gpio_mode_set                            0x080099a1   Thumb Code    78  gd32f4xx_gpio.o(i.gpio_mode_set)
    gpio_output_options_set                  0x080099ef   Thumb Code    66  gd32f4xx_gpio.o(i.gpio_output_options_set)
    main                                     0x08009a31   Thumb Code    14  main.o(i.main)
    my_printf                                0x08009b05   Thumb Code    86  usart_driver.o(i.my_printf)
    nvic_config                              0x08009b5b   Thumb Code    22  function.o(i.nvic_config)
    nvic_irq_enable                          0x08009b71   Thumb Code   186  gd32f4xx_misc.o(i.nvic_irq_enable)
    nvic_priority_group_set                  0x08009c35   Thumb Code    10  gd32f4xx_misc.o(i.nvic_priority_group_set)
    pmu_backup_write_enable                  0x08009cbd   Thumb Code    14  gd32f4xx_pmu.o(i.pmu_backup_write_enable)
    put_fat                                  0x08009cd1   Thumb Code   310  ff.o(i.put_fat)
    rcu_clock_freq_get                       0x0800a0c1   Thumb Code   264  gd32f4xx_rcu.o(i.rcu_clock_freq_get)
    rcu_flag_get                             0x0800a209   Thumb Code    32  gd32f4xx_rcu.o(i.rcu_flag_get)
    rcu_osci_on                              0x0800a22d   Thumb Code    32  gd32f4xx_rcu.o(i.rcu_osci_on)
    rcu_osci_stab_wait                       0x0800a251   Thumb Code   342  gd32f4xx_rcu.o(i.rcu_osci_stab_wait)
    rcu_periph_clock_enable                  0x0800a3ad   Thumb Code    32  gd32f4xx_rcu.o(i.rcu_periph_clock_enable)
    rcu_periph_reset_disable                 0x0800a3d1   Thumb Code    32  gd32f4xx_rcu.o(i.rcu_periph_reset_disable)
    rcu_periph_reset_enable                  0x0800a3f5   Thumb Code    32  gd32f4xx_rcu.o(i.rcu_periph_reset_enable)
    rcu_rtc_clock_config                     0x0800a419   Thumb Code    18  gd32f4xx_rcu.o(i.rcu_rtc_clock_config)
    ringbuffer_init                          0x0800a499   Thumb Code    28  ringbuffer.o(i.ringbuffer_init)
    ringbuffer_is_empty                      0x0800a4b5   Thumb Code    16  ringbuffer.o(i.ringbuffer_is_empty)
    ringbuffer_is_full                       0x0800a4c5   Thumb Code    18  ringbuffer.o(i.ringbuffer_is_full)
    ringbuffer_read                          0x0800a4d7   Thumb Code    66  ringbuffer.o(i.ringbuffer_read)
    ringbuffer_write                         0x0800a519   Thumb Code   100  ringbuffer.o(i.ringbuffer_write)
    rtc_config                               0x0800a595   Thumb Code   192  rtc_driver.o(i.rtc_config)
    rtc_current_time_get                     0x0800a661   Thumb Code    96  gd32f4xx_rtc.o(i.rtc_current_time_get)
    rtc_flag_clear                           0x0800a6e1   Thumb Code    12  gd32f4xx_rtc.o(i.rtc_flag_clear)
    rtc_flag_get                             0x0800a6f1   Thumb Code    16  gd32f4xx_rtc.o(i.rtc_flag_get)
    rtc_get_date                             0x0800a705   Thumb Code    58  rtc_driver.o(i.rtc_get_date)
    rtc_get_time                             0x0800a745   Thumb Code    62  rtc_driver.o(i.rtc_get_time)
    rtc_get_week                             0x0800a789   Thumb Code   122  rtc_driver.o(i.rtc_get_week)
    rtc_init                                 0x0800a809   Thumb Code   216  gd32f4xx_rtc.o(i.rtc_init)
    rtc_init_mode_enter                      0x0800a8e5   Thumb Code    66  gd32f4xx_rtc.o(i.rtc_init_mode_enter)
    rtc_init_mode_exit                       0x0800a92d   Thumb Code    14  gd32f4xx_rtc.o(i.rtc_init_mode_exit)
    rtc_register_sync_wait                   0x0800a941   Thumb Code    92  gd32f4xx_rtc.o(i.rtc_register_sync_wait)
    rtc_set_date                             0x0800a9a1   Thumb Code    76  rtc_driver.o(i.rtc_set_date)
    rtc_set_time                             0x0800a9f1   Thumb Code    76  rtc_driver.o(i.rtc_set_time)
    sd_block_read                            0x0800aa41   Thumb Code   500  sdcard.o(i.sd_block_read)
    sd_block_write                           0x0800ac59   Thumb Code   760  sdcard.o(i.sd_block_write)
    sd_bus_mode_config                       0x0800af79   Thumb Code   144  sdcard.o(i.sd_bus_mode_config)
    sd_card_capacity_get                     0x0800b109   Thumb Code   160  sdcard.o(i.sd_card_capacity_get)
    sd_card_information_get                  0x0800b1b1   Thumb Code   686  sdcard.o(i.sd_card_information_get)
    sd_card_init                             0x0800b471   Thumb Code   268  sdcard.o(i.sd_card_init)
    sd_card_select_deselect                  0x0800b58d   Thumb Code    38  sdcard.o(i.sd_card_select_deselect)
    sd_cardstatus_get                        0x0800b66d   Thumb Code    66  sdcard.o(i.sd_cardstatus_get)
    sd_init                                  0x0800b6cd   Thumb Code    70  sdcard.o(i.sd_init)
    sd_interrupts_process                    0x0800b715   Thumb Code   286  sdcard.o(i.sd_interrupts_process)
    sd_multiblocks_read                      0x0800b845   Thumb Code   632  sdcard.o(i.sd_multiblocks_read)
    sd_multiblocks_write                     0x0800bae1   Thumb Code   878  sdcard.o(i.sd_multiblocks_write)
    sd_power_on                              0x0800be79   Thumb Code   290  sdcard.o(i.sd_power_on)
    sd_transfer_mode_config                  0x0800c101   Thumb Code    20  sdcard.o(i.sd_transfer_mode_config)
    sd_transfer_stop                         0x0800c119   Thumb Code    36  sdcard.o(i.sd_transfer_stop)
    sdio_bus_mode_set                        0x0800c13d   Thumb Code    22  gd32f4xx_sdio.o(i.sdio_bus_mode_set)
    sdio_clock_config                        0x0800c159   Thumb Code    44  gd32f4xx_sdio.o(i.sdio_clock_config)
    sdio_clock_enable                        0x0800c18d   Thumb Code    14  gd32f4xx_sdio.o(i.sdio_clock_enable)
    sdio_command_index_get                   0x0800c1a1   Thumb Code     8  gd32f4xx_sdio.o(i.sdio_command_index_get)
    sdio_command_response_config             0x0800c1ad   Thumb Code    52  gd32f4xx_sdio.o(i.sdio_command_response_config)
    sdio_csm_enable                          0x0800c1e5   Thumb Code    14  gd32f4xx_sdio.o(i.sdio_csm_enable)
    sdio_data_config                         0x0800c1f9   Thumb Code    54  gd32f4xx_sdio.o(i.sdio_data_config)
    sdio_data_read                           0x0800c235   Thumb Code     6  gd32f4xx_sdio.o(i.sdio_data_read)
    sdio_data_transfer_config                0x0800c241   Thumb Code    24  gd32f4xx_sdio.o(i.sdio_data_transfer_config)
    sdio_data_write                          0x0800c25d   Thumb Code     6  gd32f4xx_sdio.o(i.sdio_data_write)
    sdio_deinit                              0x0800c269   Thumb Code    20  gd32f4xx_sdio.o(i.sdio_deinit)
    sdio_dma_disable                         0x0800c27d   Thumb Code    14  gd32f4xx_sdio.o(i.sdio_dma_disable)
    sdio_dma_enable                          0x0800c291   Thumb Code    14  gd32f4xx_sdio.o(i.sdio_dma_enable)
    sdio_dsm_disable                         0x0800c2a5   Thumb Code    14  gd32f4xx_sdio.o(i.sdio_dsm_disable)
    sdio_dsm_enable                          0x0800c2b9   Thumb Code    14  gd32f4xx_sdio.o(i.sdio_dsm_enable)
    sdio_flag_clear                          0x0800c2cd   Thumb Code     6  gd32f4xx_sdio.o(i.sdio_flag_clear)
    sdio_flag_get                            0x0800c2d9   Thumb Code    16  gd32f4xx_sdio.o(i.sdio_flag_get)
    sdio_hardware_clock_disable              0x0800c2ed   Thumb Code    14  gd32f4xx_sdio.o(i.sdio_hardware_clock_disable)
    sdio_interrupt_disable                   0x0800c301   Thumb Code    12  gd32f4xx_sdio.o(i.sdio_interrupt_disable)
    sdio_interrupt_enable                    0x0800c311   Thumb Code    12  gd32f4xx_sdio.o(i.sdio_interrupt_enable)
    sdio_interrupt_flag_clear                0x0800c321   Thumb Code     6  gd32f4xx_sdio.o(i.sdio_interrupt_flag_clear)
    sdio_interrupt_flag_get                  0x0800c32d   Thumb Code    16  gd32f4xx_sdio.o(i.sdio_interrupt_flag_get)
    sdio_power_state_get                     0x0800c341   Thumb Code     6  gd32f4xx_sdio.o(i.sdio_power_state_get)
    sdio_power_state_set                     0x0800c34d   Thumb Code     6  gd32f4xx_sdio.o(i.sdio_power_state_set)
    sdio_response_get                        0x0800c359   Thumb Code    56  gd32f4xx_sdio.o(i.sdio_response_get)
    sdio_wait_type_set                       0x0800c395   Thumb Code    22  gd32f4xx_sdio.o(i.sdio_wait_type_set)
    spi_enable                               0x0800c3b1   Thumb Code    10  gd32f4xx_spi.o(i.spi_enable)
    spi_flash_buffer_read                    0x0800c3bd   Thumb Code    80  spi_flash.o(i.spi_flash_buffer_read)
    spi_flash_buffer_write                   0x0800c411   Thumb Code   290  spi_flash.o(i.spi_flash_buffer_write)
    spi_flash_init                           0x0800c535   Thumb Code   146  spi_flash.o(i.spi_flash_init)
    spi_flash_page_write                     0x0800c5d1   Thumb Code    86  spi_flash.o(i.spi_flash_page_write)
    spi_flash_read_id                        0x0800c62d   Thumb Code    78  spi_flash.o(i.spi_flash_read_id)
    spi_flash_sector_erase                   0x0800c681   Thumb Code    62  spi_flash.o(i.spi_flash_sector_erase)
    spi_flash_send_byte                      0x0800c6c5   Thumb Code    50  spi_flash.o(i.spi_flash_send_byte)
    spi_flash_wait_for_write_end             0x0800c6fd   Thumb Code    50  spi_flash.o(i.spi_flash_wait_for_write_end)
    spi_flash_write_enable                   0x0800c735   Thumb Code    30  spi_flash.o(i.spi_flash_write_enable)
    spi_i2s_data_receive                     0x0800c759   Thumb Code     8  gd32f4xx_spi.o(i.spi_i2s_data_receive)
    spi_i2s_data_transmit                    0x0800c761   Thumb Code     4  gd32f4xx_spi.o(i.spi_i2s_data_transmit)
    spi_i2s_flag_get                         0x0800c765   Thumb Code    16  gd32f4xx_spi.o(i.spi_i2s_flag_get)
    spi_init                                 0x0800c775   Thumb Code    50  gd32f4xx_spi.o(i.spi_init)
    systick_config                           0x0800c9ad   Thumb Code    74  systick.o(i.systick_config)
    usart_baudrate_set                       0x0800c9fd   Thumb Code   224  gd32f4xx_usart.o(i.usart_baudrate_set)
    usart_data_transmit                      0x0800cae5   Thumb Code     8  gd32f4xx_usart.o(i.usart_data_transmit)
    usart_deinit                             0x0800caed   Thumb Code   210  gd32f4xx_usart.o(i.usart_deinit)
    usart_dma_receive_config                 0x0800cbc9   Thumb Code    20  gd32f4xx_usart.o(i.usart_dma_receive_config)
    usart_enable                             0x0800cbdd   Thumb Code    10  gd32f4xx_usart.o(i.usart_enable)
    usart_flag_clear                         0x0800cbe7   Thumb Code    52  gd32f4xx_usart.o(i.usart_flag_clear)
    usart_flag_get                           0x0800cc1b   Thumb Code    30  gd32f4xx_usart.o(i.usart_flag_get)
    usart_hardware_flow_cts_config           0x0800cc39   Thumb Code    20  gd32f4xx_usart.o(i.usart_hardware_flow_cts_config)
    usart_hardware_flow_rts_config           0x0800cc4d   Thumb Code    20  gd32f4xx_usart.o(i.usart_hardware_flow_rts_config)
    usart_interrupt_enable                   0x0800cc61   Thumb Code    26  gd32f4xx_usart.o(i.usart_interrupt_enable)
    usart_interrupt_flag_get                 0x0800cc7b   Thumb Code    56  gd32f4xx_usart.o(i.usart_interrupt_flag_get)
    usart_parity_config                      0x0800ccb3   Thumb Code    16  gd32f4xx_usart.o(i.usart_parity_config)
    usart_receive_config                     0x0800ccc3   Thumb Code    16  gd32f4xx_usart.o(i.usart_receive_config)
    usart_stop_bit_set                       0x0800ccd3   Thumb Code    16  gd32f4xx_usart.o(i.usart_stop_bit_set)
    usart_transmit_config                    0x0800cce3   Thumb Code    16  gd32f4xx_usart.o(i.usart_transmit_config)
    usart_word_length_set                    0x0800ccf3   Thumb Code    16  gd32f4xx_usart.o(i.usart_word_length_set)
    F6x8                                     0x0800cd2c   Data         552  oled.o(.constdata)
    F8X16                                    0x0800cf54   Data        1520  oled.o(.constdata)
    asc2_1206                                0x0800d544   Data        1140  oled.o(.constdata)
    asc2_1608                                0x0800d9b8   Data        1520  oled.o(.constdata)
    asc2_2412                                0x0800dfa8   Data        3420  oled.o(.constdata)
    table_week                               0x0800ed04   Data          12  rtc_driver.o(.constdata)
    __ctype_categories                       0x0800ed1d   Data          64  ctype_c.o(.constdata)
    Region$$Table$$Base                      0x0800ed60   Number         0  anon$$obj.o(Region$$Table)
    Region$$Table$$Limit                     0x0800ed80   Number         0  anon$$obj.o(Region$$Table)
    uwTick                                   0x20000004   Data           4  systick.o(.data)
    sd_scr                                   0x20000008   Data           8  sdcard.o(.data)
    task_num                                 0x2000002c   Data           1  scheduler.o(.data)
    nowtime                                  0x20000030   Data           4  scheduler.o(.data)
    Key_Down                                 0x20000034   Data           1  scheduler.o(.data)
    Key_Up                                   0x20000035   Data           1  scheduler.o(.data)
    Key_Old                                  0x20000036   Data           1  scheduler.o(.data)
    Key_Val                                  0x20000037   Data           1  scheduler.o(.data)
    uart_flag                                0x20000038   Data           1  scheduler.o(.data)
    adc_value                                0x2000003a   Data           2  scheduler.o(.data)
    ADC_value                                0x2000003c   Data           4  scheduler.o(.data)
    hour                                     0x20000040   Data           1  scheduler.o(.data)
    min                                      0x20000041   Data           1  scheduler.o(.data)
    sec                                      0x20000042   Data           1  scheduler.o(.data)
    ampm                                     0x20000043   Data           1  scheduler.o(.data)
    year                                     0x20000044   Data           1  scheduler.o(.data)
    month                                    0x20000045   Data           1  scheduler.o(.data)
    date                                     0x20000046   Data           1  scheduler.o(.data)
    week                                     0x20000047   Data           1  scheduler.o(.data)
    count                                    0x20000048   Data           2  scheduler.o(.data)
    result                                   0x2000004a   Data           2  scheduler.o(.data)
    br                                       0x2000004c   Data           4  scheduler.o(.data)
    bw                                       0x20000050   Data           4  scheduler.o(.data)
    textfilebuffer                           0x20000054   Data        2048  scheduler.o(.data)
    Scheduler_Task                           0x20000854   Data          96  scheduler.o(.data)
    set_value_flag                           0x200008b8   Data           1  sdcard_app.o(.data)
    current_config                           0x200008bc   Data           8  sdcard_app.o(.data)
    hide_mode                                0x200008c4   Data           1  data_app.o(.data)
    g_storage_mode                           0x200008c8   Data           1  data_save.o(.data)
    g_boot_count                             0x200008cc   Data           4  data_save.o(.data)
    g_storage_system_ready                   0x200008d0   Data           1  data_save.o(.data)
    SystemCoreClock                          0x200008d8   Data           4  system_gd32f4xx.o(.data)
    __stderr                                 0x200008e4   Data           4  stderr.o(.data)
    __stdout                                 0x200008ec   Data           4  stdout.o(.data)
    OLED_GRAM                                0x20000914   Data         576  oled.o(.bss)
    rtc_initpara                             0x20000b54   Data          20  rtc_driver.o(.bss)
    uart_dma_rx_buffer                       0x20000b68   Data         128  scheduler.o(.bss)
    uart_read_buffer                         0x20000be8   Data         128  scheduler.o(.bss)
    uart_dma_buffer                          0x20000c68   Data         140  scheduler.o(.bss)
    lfs                                      0x20000cf4   Data         128  scheduler.o(.bss)
    file                                     0x20000d74   Data          84  scheduler.o(.bss)
    cfg                                      0x20000dc8   Data          84  scheduler.o(.bss)
    buffer                                   0x20000e1c   Data         128  scheduler.o(.bss)
    filebuffer                               0x20000e9c   Data         128  scheduler.o(.bss)
    current_sample                           0x20000f1c   Data          12  data_app.o(.bss)
    sampling_ctrl                            0x20000f28   Data          56  sampling_control.o(.bss)
    g_file_counters                          0x20000f80   Data         259  data_save.o(.bss)
    g_data_buffer_mgr                        0x20001084   Data        7128  data_save.o(.bss)
    fs                                       0x20002c5c   Data         560  data_save.o(.bss)
    fdst                                     0x20002e8c   Data         548  data_save.o(.bss)
    __initial_sp                             0x200036b0   Data           0  startup_gd32f450_470.o(STACK)



==============================================================================

Memory Map of the image

  Image Entry point : 0x080001ad

  Load Region LR_IROM1 (Base: 0x08000000, Size: 0x0000f674, Max: 0x00080000, ABSOLUTE, COMPRESSED[0x0000ede8])

    Execution Region ER_IROM1 (Exec base: 0x08000000, Load base: 0x08000000, Size: 0x0000ed80, Max: 0x00080000, ABSOLUTE)

    Exec Addr    Load Addr    Size         Type   Attr      Idx    E Section Name        Object

    0x08000000   0x08000000   0x000001ac   Data   RO         7409    RESET               startup_gd32f450_470.o
    0x080001ac   0x080001ac   0x00000000   Code   RO         8847  * .ARM.Collect$$$$00000000  mc_w.l(entry.o)
    0x080001ac   0x080001ac   0x00000004   Code   RO         9184    .ARM.Collect$$$$00000001  mc_w.l(entry2.o)
    0x080001b0   0x080001b0   0x00000004   Code   RO         9187    .ARM.Collect$$$$00000004  mc_w.l(entry5.o)
    0x080001b4   0x080001b4   0x00000000   Code   RO         9189    .ARM.Collect$$$$00000008  mc_w.l(entry7b.o)
    0x080001b4   0x080001b4   0x00000000   Code   RO         9191    .ARM.Collect$$$$0000000A  mc_w.l(entry8b.o)
    0x080001b4   0x080001b4   0x00000008   Code   RO         9192    .ARM.Collect$$$$0000000B  mc_w.l(entry9a.o)
    0x080001bc   0x080001bc   0x00000004   Code   RO         9199    .ARM.Collect$$$$0000000E  mc_w.l(entry12b.o)
    0x080001c0   0x080001c0   0x00000000   Code   RO         9194    .ARM.Collect$$$$0000000F  mc_w.l(entry10a.o)
    0x080001c0   0x080001c0   0x00000000   Code   RO         9196    .ARM.Collect$$$$00000011  mc_w.l(entry11a.o)
    0x080001c0   0x080001c0   0x00000004   Code   RO         9185    .ARM.Collect$$$$00002712  mc_w.l(entry2.o)
    0x080001c4   0x080001c4   0x00000024   Code   RO         7410    .text               startup_gd32f450_470.o
    0x080001e8   0x080001e8   0x00000024   Code   RO         8857    .text               mc_w.l(memseta.o)
    0x0800020c   0x0800020c   0x00000018   Code   RO         8859    .text               mc_w.l(strcat.o)
    0x08000224   0x08000224   0x00000024   Code   RO         8861    .text               mc_w.l(strstr.o)
    0x08000248   0x08000248   0x00000018   Code   RO         8863    .text               mc_w.l(strncpy.o)
    0x08000260   0x08000260   0x00000014   Code   RO         8865    .text               mc_w.l(strchr.o)
    0x08000274   0x08000274   0x0000000e   Code   RO         8867    .text               mc_w.l(strlen.o)
    0x08000282   0x08000282   0x0000001c   Code   RO         8869    .text               mc_w.l(strcmp.o)
    0x0800029e   0x0800029e   0x00000012   Code   RO         8873    .text               mc_w.l(strcpy.o)
    0x080002b0   0x080002b0   0x00000044   Code   RO         8875    .text               mc_w.l(strtok.o)
    0x080002f4   0x080002f4   0x00000038   Code   RO         9176    .text               mc_w.l(__0sscanf.o)
    0x0800032c   0x0800032c   0x0000014c   Code   RO         9178    .text               mc_w.l(_scanf_int.o)
    0x08000478   0x08000478   0x00000026   Code   RO         9180    .text               mf_w.l(f2d.o)
    0x0800049e   0x0800049e   0x00000038   Code   RO         9182    .text               mf_w.l(d2f.o)
    0x080004d6   0x080004d6   0x0000002c   Code   RO         9201    .text               mc_w.l(uidiv.o)
    0x08000502   0x08000502   0x00000062   Code   RO         9203    .text               mc_w.l(uldiv.o)
    0x08000564   0x08000564   0x0000001c   Code   RO         9214    .text               mc_w.l(_chval.o)
    0x08000580   0x08000580   0x00000028   Code   RO         9216    .text               mc_w.l(scanf_char.o)
    0x080005a8   0x080005a8   0x00000040   Code   RO         9218    .text               mc_w.l(_sgetc.o)
    0x080005e8   0x080005e8   0x0000009c   Code   RO         9220    .text               mc_w.l(strtod.o)
    0x08000684   0x08000684   0x00000000   Code   RO         9222    .text               mc_w.l(iusefp.o)
    0x08000684   0x08000684   0x0000006e   Code   RO         9223    .text               mf_w.l(fepilogue.o)
    0x080006f2   0x080006f2   0x0000014e   Code   RO         9225    .text               mf_w.l(dadd.o)
    0x08000840   0x08000840   0x000000e4   Code   RO         9227    .text               mf_w.l(dmul.o)
    0x08000924   0x08000924   0x000000de   Code   RO         9229    .text               mf_w.l(ddiv.o)
    0x08000a02   0x08000a02   0x00000030   Code   RO         9231    .text               mf_w.l(dfixul.o)
    0x08000a32   0x08000a32   0x00000002   PAD
    0x08000a34   0x08000a34   0x00000030   Code   RO         9233    .text               mf_w.l(cdrcmple.o)
    0x08000a64   0x08000a64   0x00000024   Code   RO         9235    .text               mc_w.l(init.o)
    0x08000a88   0x08000a88   0x0000001e   Code   RO         9237    .text               mc_w.l(llshl.o)
    0x08000aa6   0x08000aa6   0x00000020   Code   RO         9239    .text               mc_w.l(llushr.o)
    0x08000ac6   0x08000ac6   0x00000024   Code   RO         9241    .text               mc_w.l(llsshr.o)
    0x08000aea   0x08000aea   0x0000000a   Code   RO         9243    .text               mc_w.l(isspace_c.o)
    0x08000af4   0x08000af4   0x00000330   Code   RO         9245    .text               mc_w.l(_scanf.o)
    0x08000e24   0x08000e24   0x00000360   Code   RO         9247    .text               mc_w.l(scanf_fp.o)
    0x08001184   0x08001184   0x000000ba   Code   RO         9251    .text               mf_w.l(depilogue.o)
    0x0800123e   0x0800123e   0x00000002   PAD
    0x08001240   0x08001240   0x00000028   Code   RO         9253    .text               mc_w.l(ctype_c.o)
    0x08001268   0x08001268   0x00000018   Code   RO         9256    .text               mf_w.l(dfltul.o)
    0x08001280   0x08001280   0x00000056   Code   RO         9266    .text               mc_w.l(__dczerorl2.o)
    0x080012d6   0x080012d6   0x00000002   PAD
    0x080012d8   0x080012d8   0x00000028   Code   RO         1149    i.Adc_Proc          scheduler.o
    0x08001300   0x08001300   0x000000b4   Code   RO         1658    i.Add_Data_To_Buffer  data_save.o
    0x080013b4   0x080013b4   0x000000a8   Code   RO         1659    i.Add_Log_To_Buffer  data_save.o
    0x0800145c   0x0800145c   0x00000012   Code   RO         1660    i.Buffer_HideData   data_save.o
    0x0800146e   0x0800146e   0x00000010   Code   RO         1661    i.Buffer_Log_Data   data_save.o
    0x0800147e   0x0800147e   0x00000012   Code   RO         1662    i.Buffer_OverLimit_Data  data_save.o
    0x08001490   0x08001490   0x00000012   Code   RO         1663    i.Buffer_Sample_Data  data_save.o
    0x080014a2   0x080014a2   0x00000004   Code   RO            3    i.BusFault_Handler  gd32f4xx_it.o
    0x080014a6   0x080014a6   0x00000002   PAD
    0x080014a8   0x080014a8   0x000000ec   Code   RO         1664    i.Check_And_Create_New_File  data_save.o
    0x08001594   0x08001594   0x0000001c   Code   RO         1454    i.Check_Voltage_Limit  data_app.o
    0x080015b0   0x080015b0   0x0000001c   Code   RO         1529    i.Check_Voltage_Over_Limit  sampling_control.o
    0x080015cc   0x080015cc   0x00000024   Code   RO         1530    i.Control_LED2_Over_Limit  sampling_control.o
    0x080015f0   0x080015f0   0x0000005c   Code   RO         1665    i.Create_Log_File   data_save.o
    0x0800164c   0x0800164c   0x00000084   Code   RO         1666    i.Create_OverLimit_File_Safe  data_save.o
    0x080016d0   0x080016d0   0x000000ec   Code   RO         1667    i.Create_Storage_Folders  data_save.o
    0x080017bc   0x080017bc   0x00000034   Code   RO         1668    i.Data_Buffer_Init  data_save.o
    0x080017f0   0x080017f0   0x000000ac   Code   RO         1669    i.Data_Save_Init    data_save.o
    0x0800189c   0x0800189c   0x000000f4   Code   RO         1455    i.DateTime_To_Unix  data_app.o
    0x08001990   0x08001990   0x00000002   Code   RO            4    i.DebugMon_Handler  gd32f4xx_it.o
    0x08001992   0x08001992   0x00000002   PAD
    0x08001994   0x08001994   0x000000bc   Code   RO         1456    i.Decode_Hex_Data   data_app.o
    0x08001a50   0x08001a50   0x00000084   Code   RO         1457    i.Encode_Sample_Data  data_app.o
    0x08001ad4   0x08001ad4   0x00000098   Code   RO         1670    i.Encode_Sample_Data_To_Hex  data_save.o
    0x08001b6c   0x08001b6c   0x00000002   Code   RO         1150    i.Flash_Proc        scheduler.o
    0x08001b6e   0x08001b6e   0x00000002   PAD
    0x08001b70   0x08001b70   0x0000010c   Code   RO         1671    i.Generate_DateTime_String  data_save.o
    0x08001c7c   0x08001c7c   0x0000000c   Code   RO         1675    i.Get_Buffer_Data_Count  data_save.o
    0x08001c88   0x08001c88   0x0000000c   Code   RO         1676    i.Get_Buffer_Log_Count  data_save.o
    0x08001c94   0x08001c94   0x00000014   Code   RO         1531    i.Get_Current_Period_Seconds  sampling_control.o
    0x08001ca8   0x08001ca8   0x0000000c   Code   RO         1458    i.Get_Current_Voltage  data_app.o
    0x08001cb4   0x08001cb4   0x0000000c   Code   RO         1677    i.Get_Storage_Mode  data_save.o
    0x08001cc0   0x08001cc0   0x0000000c   Code   RO          324    i.Get_Tick          systick.o
    0x08001ccc   0x08001ccc   0x00000134   Code   RO         1325    i.Handle_Config_Read  sdcard_app.o
    0x08001e00   0x08001e00   0x000000cc   Code   RO         1326    i.Handle_Config_Save  sdcard_app.o
    0x08001ecc   0x08001ecc   0x000000a0   Code   RO         1459    i.Handle_Hide_Command  data_app.o
    0x08001f6c   0x08001f6c   0x00000088   Code   RO         1327    i.Handle_Limit_Command  sdcard_app.o
    0x08001ff4   0x08001ff4   0x00000088   Code   RO         1328    i.Handle_Ratio_Command  sdcard_app.o
    0x0800207c   0x0800207c   0x000000cc   Code   RO         1460    i.Handle_Unhide_Command  data_app.o
    0x08002148   0x08002148   0x00000004   Code   RO            5    i.HardFault_Handler  gd32f4xx_it.o
    0x0800214c   0x0800214c   0x00000058   Code   RO          596    i.I2C_Start         oled.o
    0x080021a4   0x080021a4   0x00000048   Code   RO          597    i.I2C_Stop          oled.o
    0x080021ec   0x080021ec   0x00000078   Code   RO          598    i.I2C_WaitAck       oled.o
    0x08002264   0x08002264   0x00000010   Code   RO          599    i.IIC_delay         oled.o
    0x08002274   0x08002274   0x00000030   Code   RO         8772    i.ITM_SendChar      retarget_io.o
    0x080022a4   0x080022a4   0x00000084   Code   RO         1329    i.Init_Device_ID_If_Empty  sdcard_app.o
    0x08002328   0x08002328   0x00000014   Code   RO         1532    i.Is_Sampling_Running  sampling_control.o
    0x0800233c   0x0800233c   0x0000001c   Code   RO          977    i.Key_Init          key_driver.o
    0x08002358   0x08002358   0x0000018c   Code   RO         1151    i.Key_Proc          scheduler.o
    0x080024e4   0x080024e4   0x0000003c   Code   RO          978    i.Key_Read          key_driver.o
    0x08002520   0x08002520   0x00000084   Code   RO          913    i.LED_Init          led_driver.o
    0x080025a4   0x080025a4   0x00000060   Code   RO         1678    i.Load_Boot_Count_From_Flash  data_save.o
    0x08002604   0x08002604   0x0000006e   Code   RO         1330    i.Load_Config_From_Flash  sdcard_app.o
    0x08002672   0x08002672   0x00000002   PAD
    0x08002674   0x08002674   0x000000e8   Code   RO         1533    i.Load_Period_Config_From_Flash  sampling_control.o
    0x0800275c   0x0800275c   0x00000004   Code   RO            6    i.MemManage_Handler  gd32f4xx_it.o
    0x08002760   0x08002760   0x00000002   Code   RO            7    i.NMI_Handler       gd32f4xx_it.o
    0x08002762   0x08002762   0x00000002   PAD
    0x08002764   0x08002764   0x00000028   Code   RO          325    i.NVIC_SetPriority  systick.o
    0x0800278c   0x0800278c   0x00000030   Code   RO          600    i.OLED_Clear        oled.o
    0x080027bc   0x080027bc   0x00000060   Code   RO          601    i.OLED_ClearPoint   oled.o
    0x0800281c   0x0800281c   0x0000003c   Code   RO          608    i.OLED_DrawPoint    oled.o
    0x08002858   0x08002858   0x00000148   Code   RO          609    i.OLED_Init         oled.o
    0x080029a0   0x080029a0   0x0000004c   Code   RO          611    i.OLED_Refresh      oled.o
    0x080029ec   0x080029ec   0x000000fc   Code   RO          613    i.OLED_ShowChar     oled.o
    0x08002ae8   0x08002ae8   0x00000042   Code   RO          617    i.OLED_ShowString   oled.o
    0x08002b2a   0x08002b2a   0x00000038   Code   RO          619    i.OLED_WR_Byte      oled.o
    0x08002b62   0x08002b62   0x00000036   Code   RO          620    i.Oled_Printf       oled.o
    0x08002b98   0x08002b98   0x00000044   Code   RO         1152    i.Oled_Proc         scheduler.o
    0x08002bdc   0x08002bdc   0x000001bc   Code   RO         1534    i.Output_Sample_Data  sampling_control.o
    0x08002d98   0x08002d98   0x00000164   Code   RO         1243    i.Parse_And_Set_RTC_Time  uart_app.o
    0x08002efc   0x08002efc   0x00000194   Code   RO         1332    i.Parse_Config_File  sdcard_app.o
    0x08003090   0x08003090   0x00000002   Code   RO            8    i.PendSV_Handler    gd32f4xx_it.o
    0x08003092   0x08003092   0x00000002   PAD
    0x08003094   0x08003094   0x00000088   Code   RO         1333    i.Print_Device_ID   sdcard_app.o
    0x0800311c   0x0800311c   0x00000094   Code   RO         1334    i.Process_Config_Management  sdcard_app.o
    0x080031b0   0x080031b0   0x000000ec   Code   RO         1679    i.Process_Data_Buffer  data_save.o
    0x0800329c   0x0800329c   0x00000074   Code   RO         1461    i.Process_Data_Command  data_app.o
    0x08003310   0x08003310   0x00000084   Code   RO         1245    i.Process_RTC_Command  uart_app.o
    0x08003394   0x08003394   0x000000a0   Code   RO         1246    i.Process_Sampling_Command  uart_app.o
    0x08003434   0x08003434   0x0000176c   Code   RO         1247    i.Process_Storage_Command  uart_app.o
    0x08004ba0   0x08004ba0   0x000001e8   Code   RO         1248    i.Process_Test_Command  uart_app.o
    0x08004d88   0x08004d88   0x00000030   Code   RO         1003    i.RTC_Alarm_IRQHandler  rtc_driver.o
    0x08004db8   0x08004db8   0x0000001e   Code   RO         1004    i.RTC_WKUP_IRQHandler  rtc_driver.o
    0x08004dd6   0x08004dd6   0x00000002   PAD
    0x08004dd8   0x08004dd8   0x00000030   Code   RO         1535    i.Read_ADC_Voltage  sampling_control.o
    0x08004e08   0x08004e08   0x00000218   Code   RO         1335    i.Read_Config_From_SDCard  sdcard_app.o
    0x08005020   0x08005020   0x0000003c   Code   RO         1680    i.Reset_File_Counters  data_save.o
    0x0800505c   0x0800505c   0x0000003c   Code   RO         1153    i.Rtc_Proc          scheduler.o
    0x08005098   0x08005098   0x00000008   Code   RO            9    i.SDIO_IRQHandler   gd32f4xx_it.o
    0x080050a0   0x080050a0   0x00000002   Code   RO           10    i.SVC_Handler       gd32f4xx_it.o
    0x080050a2   0x080050a2   0x00000002   PAD
    0x080050a4   0x080050a4   0x000000b8   Code   RO         1536    i.Sampling_Control_Init  sampling_control.o
    0x0800515c   0x0800515c   0x0000005c   Code   RO         1537    i.Sampling_Control_Reset  sampling_control.o
    0x080051b8   0x080051b8   0x00000098   Code   RO         1538    i.Sampling_Control_Start  sampling_control.o
    0x08005250   0x08005250   0x000000a0   Code   RO         1539    i.Sampling_Control_Stop  sampling_control.o
    0x080052f0   0x080052f0   0x00000058   Code   RO         1540    i.Sampling_Control_Task  sampling_control.o
    0x08005348   0x08005348   0x00000020   Code   RO         1541    i.Sampling_Control_Toggle  sampling_control.o
    0x08005368   0x08005368   0x00000042   Code   RO         1681    i.Save_Boot_Count_To_Flash  data_save.o
    0x080053aa   0x080053aa   0x00000058   Code   RO         1336    i.Save_Config_To_Flash  sdcard_app.o
    0x08005402   0x08005402   0x0000004a   Code   RO         1337    i.Save_Device_ID_To_Flash  sdcard_app.o
    0x0800544c   0x0800544c   0x000000c0   Code   RO         1682    i.Save_Encrypted_Data  data_save.o
    0x0800550c   0x0800550c   0x00000130   Code   RO         1683    i.Save_HideData     data_save.o
    0x0800563c   0x0800563c   0x000000e8   Code   RO         1684    i.Save_Log_Data     data_save.o
    0x08005724   0x08005724   0x00000194   Code   RO         1685    i.Save_OverLimit_Data  data_save.o
    0x080058b8   0x080058b8   0x00000090   Code   RO         1542    i.Save_Period_Config_To_Flash  sampling_control.o
    0x08005948   0x08005948   0x0000014c   Code   RO         1686    i.Save_Sample_Data  data_save.o
    0x08005a94   0x08005a94   0x0000000c   Code   RO         1155    i.Scheduler_Init    scheduler.o
    0x08005aa0   0x08005aa0   0x00000064   Code   RO         1156    i.Scheduler_Run     scheduler.o
    0x08005b04   0x08005b04   0x0000005c   Code   RO          621    i.Send_Byte         oled.o
    0x08005b60   0x08005b60   0x000000b4   Code   RO         1338    i.Set_New_Limit     sdcard_app.o
    0x08005c14   0x08005c14   0x000000b4   Code   RO         1339    i.Set_New_Ratio     sdcard_app.o
    0x08005cc8   0x08005cc8   0x0000005c   Code   RO         1543    i.Set_Sampling_Period  sampling_control.o
    0x08005d24   0x08005d24   0x00000060   Code   RO         1688    i.Set_Storage_Mode  data_save.o
    0x08005d84   0x08005d84   0x0000007c   Code   RO         1249    i.Show_Current_Time  uart_app.o
    0x08005e00   0x08005e00   0x00000018   Code   RO           11    i.SysTick_Handler   gd32f4xx_it.o
    0x08005e18   0x08005e18   0x000000d4   Code   RO         1888    i.SystemInit        system_gd32f4xx.o
    0x08005eec   0x08005eec   0x0000000c   Code   RO         1112    i.System_Init       function.o
    0x08005ef8   0x08005ef8   0x00000194   Code   RO         1689    i.Test_Data_Storage_System  data_save.o
    0x0800608c   0x0800608c   0x00000020   Code   RO         1251    i.Test_Flash_Silent  uart_app.o
    0x080060ac   0x080060ac   0x00000024   Code   RO         1253    i.Test_SDCard_Silent  uart_app.o
    0x080060d0   0x080060d0   0x00000034   Code   RO         1544    i.Toggle_LED1       sampling_control.o
    0x08006104   0x08006104   0x000000c4   Code   RO          933    i.USART0_Config     usart_driver.o
    0x080061c8   0x080061c8   0x00000078   Code   RO          934    i.USART0_DMA_Config  usart_driver.o
    0x08006240   0x08006240   0x00000098   Code   RO          935    i.USART0_IRQHandler  usart_driver.o
    0x080062d8   0x080062d8   0x0000000c   Code   RO          936    i.Uart_Init         usart_driver.o
    0x080062e4   0x080062e4   0x00000104   Code   RO         1254    i.Uart_Proc         uart_app.o
    0x080063e8   0x080063e8   0x00000148   Code   RO         1462    i.Unix_To_DateTime  data_app.o
    0x08006530   0x08006530   0x00000010   Code   RO         1545    i.Unlock_Sampling_Control  sampling_control.o
    0x08006540   0x08006540   0x000000e8   Code   RO         1546    i.Update_OLED_Display  sampling_control.o
    0x08006628   0x08006628   0x00000004   Code   RO           12    i.UsageFault_Handler  gd32f4xx_it.o
    0x0800662c   0x0800662c   0x00000088   Code   RO         1113    i.UsrFunction       function.o
    0x080066b4   0x080066b4   0x00000024   Code   RO         1341    i.Validate_Limit    sdcard_app.o
    0x080066d8   0x080066d8   0x00000024   Code   RO         1342    i.Validate_Ratio    sdcard_app.o
    0x080066fc   0x080066fc   0x00000092   Code   RO         1690    i.Verify_And_Init_RTC_Time  data_save.o
    0x0800678e   0x0800678e   0x00000002   PAD
    0x08006790   0x08006790   0x000000dc   Code   RO         1691    i.Verify_File_Counters_Integrity  data_save.o
    0x0800686c   0x0800686c   0x00000020   Code   RO         9120    i.__0printf         mc_w.l(printfa.o)
    0x0800688c   0x0800688c   0x00000034   Code   RO         9121    i.__0snprintf       mc_w.l(printfa.o)
    0x080068c0   0x080068c0   0x00000028   Code   RO         9122    i.__0sprintf        mc_w.l(printfa.o)
    0x080068e8   0x080068e8   0x00000034   Code   RO         9125    i.__0vsnprintf      mc_w.l(printfa.o)
    0x0800691c   0x0800691c   0x00000004   PAD
    0x08006920   0x08006920   0x00000038   Code   RO         8841    i.__hardfp_atof     m_wm.l(atof.o)
    0x08006958   0x08006958   0x0000000c   Code   RO         9208    i.__read_errno      mc_w.l(errno.o)
    0x08006964   0x08006964   0x0000000e   Code   RO         9260    i.__scatterload_copy  mc_w.l(handlers.o)
    0x08006972   0x08006972   0x00000002   Code   RO         9261    i.__scatterload_null  mc_w.l(handlers.o)
    0x08006974   0x08006974   0x0000000e   Code   RO         9262    i.__scatterload_zeroinit  mc_w.l(handlers.o)
    0x08006982   0x08006982   0x00000002   PAD
    0x08006984   0x08006984   0x0000000c   Code   RO         9209    i.__set_errno       mc_w.l(errno.o)
    0x08006990   0x08006990   0x00000184   Code   RO         9127    i._fp_digits        mc_w.l(printfa.o)
    0x08006b14   0x08006b14   0x0000000e   Code   RO         9249    i._is_digit         mc_w.l(scanf_fp.o)
    0x08006b22   0x08006b22   0x00000002   PAD
    0x08006b24   0x08006b24   0x000006b4   Code   RO         9128    i._printf_core      mc_w.l(printfa.o)
    0x080071d8   0x080071d8   0x00000024   Code   RO         9129    i._printf_post_padding  mc_w.l(printfa.o)
    0x080071fc   0x080071fc   0x0000002e   Code   RO         9130    i._printf_pre_padding  mc_w.l(printfa.o)
    0x0800722a   0x0800722a   0x00000016   Code   RO         9131    i._snputc           mc_w.l(printfa.o)
    0x08007240   0x08007240   0x0000000a   Code   RO         9132    i._sputc            mc_w.l(printfa.o)
    0x0800724a   0x0800724a   0x0000002a   Code   RO         1929    i.adc_calibration_enable  gd32f4xx_adc.o
    0x08007274   0x08007274   0x00000052   Code   RO         1931    i.adc_channel_length_config  gd32f4xx_adc.o
    0x080072c6   0x080072c6   0x00000002   PAD
    0x080072c8   0x080072c8   0x00000024   Code   RO         1932    i.adc_clock_config  gd32f4xx_adc.o
    0x080072ec   0x080072ec   0x00000016   Code   RO         1933    i.adc_data_alignment_config  gd32f4xx_adc.o
    0x08007302   0x08007302   0x0000000a   Code   RO         1938    i.adc_dma_mode_enable  gd32f4xx_adc.o
    0x0800730c   0x0800730c   0x0000000a   Code   RO         1940    i.adc_dma_request_after_last_enable  gd32f4xx_adc.o
    0x08007316   0x08007316   0x00000012   Code   RO         1941    i.adc_enable        gd32f4xx_adc.o
    0x08007328   0x08007328   0x00000034   Code   RO         1943    i.adc_external_trigger_config  gd32f4xx_adc.o
    0x0800735c   0x0800735c   0x00000030   Code   RO         1944    i.adc_external_trigger_source_config  gd32f4xx_adc.o
    0x0800738c   0x0800738c   0x000000ac   Code   RO         1959    i.adc_routine_channel_config  gd32f4xx_adc.o
    0x08007438   0x08007438   0x00000024   Code   RO         1962    i.adc_software_trigger_enable  gd32f4xx_adc.o
    0x0800745c   0x0800745c   0x0000005a   Code   RO         1963    i.adc_special_function_config  gd32f4xx_adc.o
    0x080074b6   0x080074b6   0x00000002   PAD
    0x080074b8   0x080074b8   0x00000024   Code   RO         1968    i.adc_sync_mode_config  gd32f4xx_adc.o
    0x080074dc   0x080074dc   0x0000011c   Code   RO         1091    i.bsp_adc_init      adc_dirver.o
    0x080075f8   0x080075f8   0x00000090   Code   RO         7468    i.check_fs          ff.o
    0x08007688   0x08007688   0x00000014   Code   RO         7469    i.chk_chr           ff.o
    0x0800769c   0x0800769c   0x00000394   Code   RO         7470    i.chk_mounted       ff.o
    0x08007a30   0x08007a30   0x0000001a   Code   RO         7471    i.clust2sect        ff.o
    0x08007a4a   0x08007a4a   0x00000002   PAD
    0x08007a4c   0x08007a4c   0x00000030   Code   RO          377    i.cmdsent_error_check  sdcard.o
    0x08007a7c   0x08007a7c   0x00000090   Code   RO         7472    i.cmp_lfn           ff.o
    0x08007b0c   0x08007b0c   0x000000ca   Code   RO         7473    i.create_chain      ff.o
    0x08007bd6   0x08007bd6   0x00000002   PAD
    0x08007bd8   0x08007bd8   0x0000027c   Code   RO         7474    i.create_name       ff.o
    0x08007e54   0x08007e54   0x00000014   Code   RO          326    i.delay_1ms         systick.o
    0x08007e68   0x08007e68   0x00000018   Code   RO          327    i.delay_decrement   systick.o
    0x08007e80   0x08007e80   0x000000de   Code   RO         7475    i.dir_find          ff.o
    0x08007f5e   0x08007f5e   0x00000118   Code   RO         7476    i.dir_next          ff.o
    0x08008076   0x08008076   0x000000be   Code   RO         7477    i.dir_read          ff.o
    0x08008134   0x08008134   0x0000018c   Code   RO         7478    i.dir_register      ff.o
    0x080082c0   0x080082c0   0x00000060   Code   RO         7479    i.dir_remove        ff.o
    0x08008320   0x08008320   0x0000009c   Code   RO         7480    i.dir_sdi           ff.o
    0x080083bc   0x080083bc   0x00000086   Code   RO         7416    i.disk_initialize   diskio.o
    0x08008442   0x08008442   0x00000006   Code   RO         7417    i.disk_ioctl        diskio.o
    0x08008448   0x08008448   0x00000050   Code   RO         7418    i.disk_read         diskio.o
    0x08008498   0x08008498   0x0000000c   Code   RO         7419    i.disk_status       diskio.o
    0x080084a4   0x080084a4   0x00000050   Code   RO         7420    i.disk_write        diskio.o
    0x080084f4   0x080084f4   0x00000020   Code   RO         2969    i.dma_channel_disable  gd32f4xx_dma.o
    0x08008514   0x08008514   0x00000020   Code   RO         2970    i.dma_channel_enable  gd32f4xx_dma.o
    0x08008534   0x08008534   0x00000026   Code   RO         2971    i.dma_channel_subperipheral_select  gd32f4xx_dma.o
    0x0800855a   0x0800855a   0x00000020   Code   RO         2973    i.dma_circulation_enable  gd32f4xx_dma.o
    0x0800857a   0x0800857a   0x000000a6   Code   RO         2974    i.dma_deinit        gd32f4xx_dma.o
    0x08008620   0x08008620   0x0000003e   Code   RO         2976    i.dma_flag_clear    gd32f4xx_dma.o
    0x0800865e   0x0800865e   0x0000004c   Code   RO         2977    i.dma_flag_get      gd32f4xx_dma.o
    0x080086aa   0x080086aa   0x00000040   Code   RO         2978    i.dma_flow_controller_config  gd32f4xx_dma.o
    0x080086ea   0x080086ea   0x00000020   Code   RO         2983    i.dma_memory_address_config  gd32f4xx_dma.o
    0x0800870a   0x0800870a   0x00000002   PAD
    0x0800870c   0x0800870c   0x00000164   Code   RO         2987    i.dma_multi_data_mode_init  gd32f4xx_dma.o
    0x08008870   0x08008870   0x000000b4   Code   RO          378    i.dma_receive_config  sdcard.o
    0x08008924   0x08008924   0x00000158   Code   RO         2994    i.dma_single_data_mode_init  gd32f4xx_dma.o
    0x08008a7c   0x08008a7c   0x000000b4   Code   RO          379    i.dma_transfer_config  sdcard.o
    0x08008b30   0x08008b30   0x00000010   Code   RO         2999    i.dma_transfer_number_config  gd32f4xx_dma.o
    0x08008b40   0x08008b40   0x00000010   Code   RO         3000    i.dma_transfer_number_get  gd32f4xx_dma.o
    0x08008b50   0x08008b50   0x0000000c   Code   RO         3995    i.exti_flag_clear   gd32f4xx_exti.o
    0x08008b5c   0x08008b5c   0x00000016   Code   RO         7482    i.f_close           ff.o
    0x08008b72   0x08008b72   0x000001b0   Code   RO         7484    i.f_lseek           ff.o
    0x08008d22   0x08008d22   0x00000002   PAD
    0x08008d24   0x08008d24   0x00000188   Code   RO         7485    i.f_mkdir           ff.o
    0x08008eac   0x08008eac   0x0000002c   Code   RO         7486    i.f_mount           ff.o
    0x08008ed8   0x08008ed8   0x00000174   Code   RO         7487    i.f_open            ff.o
    0x0800904c   0x0800904c   0x000001ce   Code   RO         7489    i.f_read            ff.o
    0x0800921a   0x0800921a   0x000000b8   Code   RO         7493    i.f_sync            ff.o
    0x080092d2   0x080092d2   0x00000002   PAD
    0x080092d4   0x080092d4   0x000000bc   Code   RO         7495    i.f_unlink          ff.o
    0x08009390   0x08009390   0x0000020e   Code   RO         7497    i.f_write           ff.o
    0x0800959e   0x0800959e   0x00000014   Code   RO         7727    i.ff_convert        unicode_new.o
    0x080095b2   0x080095b2   0x00000010   Code   RO         7728    i.ff_wtoupper       unicode_new.o
    0x080095c2   0x080095c2   0x00000002   PAD
    0x080095c4   0x080095c4   0x00000080   Code   RO         7498    i.fit_lfn           ff.o
    0x08009644   0x08009644   0x0000009e   Code   RO         7499    i.follow_path       ff.o
    0x080096e2   0x080096e2   0x00000002   PAD
    0x080096e4   0x080096e4   0x00000020   Code   RO         8777    i.fputc             retarget_io.o
    0x08009704   0x08009704   0x000000ca   Code   RO         7500    i.gen_numname       ff.o
    0x080097ce   0x080097ce   0x000000e4   Code   RO         7501    i.get_fat           ff.o
    0x080098b2   0x080098b2   0x00000004   Code   RO         7421    i.get_fattime       diskio.o
    0x080098b6   0x080098b6   0x0000005e   Code   RO         4388    i.gpio_af_set       gd32f4xx_gpio.o
    0x08009914   0x08009914   0x00000004   Code   RO         4389    i.gpio_bit_reset    gd32f4xx_gpio.o
    0x08009918   0x08009918   0x00000004   Code   RO         4390    i.gpio_bit_set      gd32f4xx_gpio.o
    0x0800991c   0x0800991c   0x00000074   Code   RO          380    i.gpio_config       sdcard.o
    0x08009990   0x08009990   0x00000010   Code   RO         4394    i.gpio_input_bit_get  gd32f4xx_gpio.o
    0x080099a0   0x080099a0   0x0000004e   Code   RO         4396    i.gpio_mode_set     gd32f4xx_gpio.o
    0x080099ee   0x080099ee   0x00000042   Code   RO         4398    i.gpio_output_options_set  gd32f4xx_gpio.o
    0x08009a30   0x08009a30   0x0000000e   Code   RO          207    i.main              main.o
    0x08009a3e   0x08009a3e   0x00000026   Code   RO         7503    i.mem_cmp           ff.o
    0x08009a64   0x08009a64   0x0000001a   Code   RO         7504    i.mem_cpy           ff.o
    0x08009a7e   0x08009a7e   0x00000014   Code   RO         7505    i.mem_set           ff.o
    0x08009a92   0x08009a92   0x00000072   Code   RO         7506    i.move_window       ff.o
    0x08009b04   0x08009b04   0x00000056   Code   RO          937    i.my_printf         usart_driver.o
    0x08009b5a   0x08009b5a   0x00000016   Code   RO         1114    i.nvic_config       function.o
    0x08009b70   0x08009b70   0x000000c4   Code   RO         4961    i.nvic_irq_enable   gd32f4xx_misc.o
    0x08009c34   0x08009c34   0x00000014   Code   RO         4962    i.nvic_priority_group_set  gd32f4xx_misc.o
    0x08009c48   0x08009c48   0x00000074   Code   RO         7507    i.pick_lfn          ff.o
    0x08009cbc   0x08009cbc   0x00000014   Code   RO         5018    i.pmu_backup_write_enable  gd32f4xx_pmu.o
    0x08009cd0   0x08009cd0   0x00000136   Code   RO         7508    i.put_fat           ff.o
    0x08009e06   0x08009e06   0x00000002   PAD
    0x08009e08   0x08009e08   0x00000084   Code   RO          381    i.r1_error_check    sdcard.o
    0x08009e8c   0x08009e8c   0x000000ae   Code   RO          382    i.r1_error_type_check  sdcard.o
    0x08009f3a   0x08009f3a   0x00000002   PAD
    0x08009f3c   0x08009f3c   0x00000050   Code   RO          383    i.r2_error_check    sdcard.o
    0x08009f8c   0x08009f8c   0x0000003c   Code   RO          384    i.r3_error_check    sdcard.o
    0x08009fc8   0x08009fc8   0x000000a8   Code   RO          385    i.r6_error_check    sdcard.o
    0x0800a070   0x0800a070   0x00000050   Code   RO          386    i.r7_error_check    sdcard.o
    0x0800a0c0   0x0800a0c0   0x00000124   Code   RO         5166    i.rcu_clock_freq_get  gd32f4xx_rcu.o
    0x0800a1e4   0x0800a1e4   0x00000024   Code   RO          387    i.rcu_config        sdcard.o
    0x0800a208   0x0800a208   0x00000024   Code   RO         5169    i.rcu_flag_get      gd32f4xx_rcu.o
    0x0800a22c   0x0800a22c   0x00000024   Code   RO         5182    i.rcu_osci_on       gd32f4xx_rcu.o
    0x0800a250   0x0800a250   0x0000015c   Code   RO         5183    i.rcu_osci_stab_wait  gd32f4xx_rcu.o
    0x0800a3ac   0x0800a3ac   0x00000024   Code   RO         5185    i.rcu_periph_clock_enable  gd32f4xx_rcu.o
    0x0800a3d0   0x0800a3d0   0x00000024   Code   RO         5188    i.rcu_periph_reset_disable  gd32f4xx_rcu.o
    0x0800a3f4   0x0800a3f4   0x00000024   Code   RO         5189    i.rcu_periph_reset_enable  gd32f4xx_rcu.o
    0x0800a418   0x0800a418   0x00000018   Code   RO         5194    i.rcu_rtc_clock_config  gd32f4xx_rcu.o
    0x0800a430   0x0800a430   0x00000068   Code   RO         7509    i.remove_chain      ff.o
    0x0800a498   0x0800a498   0x0000001c   Code   RO         7747    i.ringbuffer_init   ringbuffer.o
    0x0800a4b4   0x0800a4b4   0x00000010   Code   RO         7748    i.ringbuffer_is_empty  ringbuffer.o
    0x0800a4c4   0x0800a4c4   0x00000012   Code   RO         7749    i.ringbuffer_is_full  ringbuffer.o
    0x0800a4d6   0x0800a4d6   0x00000042   Code   RO         7750    i.ringbuffer_read   ringbuffer.o
    0x0800a518   0x0800a518   0x00000064   Code   RO         7751    i.ringbuffer_write  ringbuffer.o
    0x0800a57c   0x0800a57c   0x00000016   Code   RO         1005    i.rtc_bcd2dec       rtc_driver.o
    0x0800a592   0x0800a592   0x00000002   PAD
    0x0800a594   0x0800a594   0x000000cc   Code   RO         1006    i.rtc_config        rtc_driver.o
    0x0800a660   0x0800a660   0x00000064   Code   RO         5466    i.rtc_current_time_get  gd32f4xx_rtc.o
    0x0800a6c4   0x0800a6c4   0x0000001c   Code   RO         1007    i.rtc_dec2bcd       rtc_driver.o
    0x0800a6e0   0x0800a6e0   0x00000010   Code   RO         5468    i.rtc_flag_clear    gd32f4xx_rtc.o
    0x0800a6f0   0x0800a6f0   0x00000014   Code   RO         5469    i.rtc_flag_get      gd32f4xx_rtc.o
    0x0800a704   0x0800a704   0x00000040   Code   RO         1008    i.rtc_get_date      rtc_driver.o
    0x0800a744   0x0800a744   0x00000044   Code   RO         1009    i.rtc_get_time      rtc_driver.o
    0x0800a788   0x0800a788   0x00000080   Code   RO         1010    i.rtc_get_week      rtc_driver.o
    0x0800a808   0x0800a808   0x000000dc   Code   RO         5471    i.rtc_init          gd32f4xx_rtc.o
    0x0800a8e4   0x0800a8e4   0x00000048   Code   RO         5472    i.rtc_init_mode_enter  gd32f4xx_rtc.o
    0x0800a92c   0x0800a92c   0x00000014   Code   RO         5473    i.rtc_init_mode_exit  gd32f4xx_rtc.o
    0x0800a940   0x0800a940   0x00000060   Code   RO         5478    i.rtc_register_sync_wait  gd32f4xx_rtc.o
    0x0800a9a0   0x0800a9a0   0x00000050   Code   RO         1012    i.rtc_set_date      rtc_driver.o
    0x0800a9f0   0x0800a9f0   0x00000050   Code   RO         1013    i.rtc_set_time      rtc_driver.o
    0x0800aa40   0x0800aa40   0x00000218   Code   RO          388    i.sd_block_read     sdcard.o
    0x0800ac58   0x0800ac58   0x00000320   Code   RO          389    i.sd_block_write    sdcard.o
    0x0800af78   0x0800af78   0x00000094   Code   RO          390    i.sd_bus_mode_config  sdcard.o
    0x0800b00c   0x0800b00c   0x000000fc   Code   RO          391    i.sd_bus_width_config  sdcard.o
    0x0800b108   0x0800b108   0x000000a8   Code   RO          392    i.sd_card_capacity_get  sdcard.o
    0x0800b1b0   0x0800b1b0   0x000002c0   Code   RO          393    i.sd_card_information_get  sdcard.o
    0x0800b470   0x0800b470   0x0000011c   Code   RO          394    i.sd_card_init      sdcard.o
    0x0800b58c   0x0800b58c   0x00000026   Code   RO          395    i.sd_card_select_deselect  sdcard.o
    0x0800b5b2   0x0800b5b2   0x00000002   PAD
    0x0800b5b4   0x0800b5b4   0x000000b8   Code   RO          396    i.sd_card_state_get  sdcard.o
    0x0800b66c   0x0800b66c   0x00000048   Code   RO          397    i.sd_cardstatus_get  sdcard.o
    0x0800b6b4   0x0800b6b4   0x00000018   Code   RO          398    i.sd_datablocksize_get  sdcard.o
    0x0800b6cc   0x0800b6cc   0x00000046   Code   RO          400    i.sd_init           sdcard.o
    0x0800b712   0x0800b712   0x00000002   PAD
    0x0800b714   0x0800b714   0x00000130   Code   RO          401    i.sd_interrupts_process  sdcard.o
    0x0800b844   0x0800b844   0x0000029c   Code   RO          403    i.sd_multiblocks_read  sdcard.o
    0x0800bae0   0x0800bae0   0x00000398   Code   RO          404    i.sd_multiblocks_write  sdcard.o
    0x0800be78   0x0800be78   0x0000012c   Code   RO          406    i.sd_power_on       sdcard.o
    0x0800bfa4   0x0800bfa4   0x0000015c   Code   RO          407    i.sd_scr_get        sdcard.o
    0x0800c100   0x0800c100   0x00000018   Code   RO          409    i.sd_transfer_mode_config  sdcard.o
    0x0800c118   0x0800c118   0x00000024   Code   RO          411    i.sd_transfer_stop  sdcard.o
    0x0800c13c   0x0800c13c   0x0000001c   Code   RO         5719    i.sdio_bus_mode_set  gd32f4xx_sdio.o
    0x0800c158   0x0800c158   0x00000034   Code   RO         5726    i.sdio_clock_config  gd32f4xx_sdio.o
    0x0800c18c   0x0800c18c   0x00000014   Code   RO         5728    i.sdio_clock_enable  gd32f4xx_sdio.o
    0x0800c1a0   0x0800c1a0   0x0000000c   Code   RO         5729    i.sdio_command_index_get  gd32f4xx_sdio.o
    0x0800c1ac   0x0800c1ac   0x00000038   Code   RO         5730    i.sdio_command_response_config  gd32f4xx_sdio.o
    0x0800c1e4   0x0800c1e4   0x00000014   Code   RO         5732    i.sdio_csm_enable   gd32f4xx_sdio.o
    0x0800c1f8   0x0800c1f8   0x0000003c   Code   RO         5733    i.sdio_data_config  gd32f4xx_sdio.o
    0x0800c234   0x0800c234   0x0000000c   Code   RO         5735    i.sdio_data_read    gd32f4xx_sdio.o
    0x0800c240   0x0800c240   0x0000001c   Code   RO         5736    i.sdio_data_transfer_config  gd32f4xx_sdio.o
    0x0800c25c   0x0800c25c   0x0000000c   Code   RO         5737    i.sdio_data_write   gd32f4xx_sdio.o
    0x0800c268   0x0800c268   0x00000014   Code   RO         5738    i.sdio_deinit       gd32f4xx_sdio.o
    0x0800c27c   0x0800c27c   0x00000014   Code   RO         5739    i.sdio_dma_disable  gd32f4xx_sdio.o
    0x0800c290   0x0800c290   0x00000014   Code   RO         5740    i.sdio_dma_enable   gd32f4xx_sdio.o
    0x0800c2a4   0x0800c2a4   0x00000014   Code   RO         5741    i.sdio_dsm_disable  gd32f4xx_sdio.o
    0x0800c2b8   0x0800c2b8   0x00000014   Code   RO         5742    i.sdio_dsm_enable   gd32f4xx_sdio.o
    0x0800c2cc   0x0800c2cc   0x0000000c   Code   RO         5744    i.sdio_flag_clear   gd32f4xx_sdio.o
    0x0800c2d8   0x0800c2d8   0x00000014   Code   RO         5745    i.sdio_flag_get     gd32f4xx_sdio.o
    0x0800c2ec   0x0800c2ec   0x00000014   Code   RO         5746    i.sdio_hardware_clock_disable  gd32f4xx_sdio.o
    0x0800c300   0x0800c300   0x00000010   Code   RO         5748    i.sdio_interrupt_disable  gd32f4xx_sdio.o
    0x0800c310   0x0800c310   0x00000010   Code   RO         5749    i.sdio_interrupt_enable  gd32f4xx_sdio.o
    0x0800c320   0x0800c320   0x0000000c   Code   RO         5750    i.sdio_interrupt_flag_clear  gd32f4xx_sdio.o
    0x0800c32c   0x0800c32c   0x00000014   Code   RO         5751    i.sdio_interrupt_flag_get  gd32f4xx_sdio.o
    0x0800c340   0x0800c340   0x0000000c   Code   RO         5754    i.sdio_power_state_get  gd32f4xx_sdio.o
    0x0800c34c   0x0800c34c   0x0000000c   Code   RO         5755    i.sdio_power_state_set  gd32f4xx_sdio.o
    0x0800c358   0x0800c358   0x0000003c   Code   RO         5759    i.sdio_response_get  gd32f4xx_sdio.o
    0x0800c394   0x0800c394   0x0000001c   Code   RO         5764    i.sdio_wait_type_set  gd32f4xx_sdio.o
    0x0800c3b0   0x0800c3b0   0x0000000a   Code   RO         6025    i.spi_enable        gd32f4xx_spi.o
    0x0800c3ba   0x0800c3ba   0x00000002   PAD
    0x0800c3bc   0x0800c3bc   0x00000054   Code   RO          777    i.spi_flash_buffer_read  spi_flash.o
    0x0800c410   0x0800c410   0x00000122   Code   RO          778    i.spi_flash_buffer_write  spi_flash.o
    0x0800c532   0x0800c532   0x00000002   PAD
    0x0800c534   0x0800c534   0x0000009c   Code   RO          780    i.spi_flash_init    spi_flash.o
    0x0800c5d0   0x0800c5d0   0x0000005c   Code   RO          781    i.spi_flash_page_write  spi_flash.o
    0x0800c62c   0x0800c62c   0x00000054   Code   RO          783    i.spi_flash_read_id  spi_flash.o
    0x0800c680   0x0800c680   0x00000044   Code   RO          784    i.spi_flash_sector_erase  spi_flash.o
    0x0800c6c4   0x0800c6c4   0x00000038   Code   RO          785    i.spi_flash_send_byte  spi_flash.o
    0x0800c6fc   0x0800c6fc   0x00000038   Code   RO          788    i.spi_flash_wait_for_write_end  spi_flash.o
    0x0800c734   0x0800c734   0x00000024   Code   RO          789    i.spi_flash_write_enable  spi_flash.o
    0x0800c758   0x0800c758   0x00000008   Code   RO         6027    i.spi_i2s_data_receive  gd32f4xx_spi.o
    0x0800c760   0x0800c760   0x00000004   Code   RO         6028    i.spi_i2s_data_transmit  gd32f4xx_spi.o
    0x0800c764   0x0800c764   0x00000010   Code   RO         6030    i.spi_i2s_flag_get  gd32f4xx_spi.o
    0x0800c774   0x0800c774   0x00000032   Code   RO         6035    i.spi_init          gd32f4xx_spi.o
    0x0800c7a6   0x0800c7a6   0x0000000c   Code   RO         8778    i.stderr_putchar    retarget_io.o
    0x0800c7b2   0x0800c7b2   0x00000020   Code   RO         7510    i.sum_sfn           ff.o
    0x0800c7d2   0x0800c7d2   0x000000ca   Code   RO         7511    i.sync              ff.o
    0x0800c89c   0x0800c89c   0x00000108   Code   RO         1889    i.system_clock_240m_25m_hxtal  system_gd32f4xx.o
    0x0800c9a4   0x0800c9a4   0x00000008   Code   RO         1890    i.system_clock_config  system_gd32f4xx.o
    0x0800c9ac   0x0800c9ac   0x00000050   Code   RO          328    i.systick_config    systick.o
    0x0800c9fc   0x0800c9fc   0x000000e8   Code   RO         7010    i.usart_baudrate_set  gd32f4xx_usart.o
    0x0800cae4   0x0800cae4   0x00000008   Code   RO         7015    i.usart_data_transmit  gd32f4xx_usart.o
    0x0800caec   0x0800caec   0x000000dc   Code   RO         7016    i.usart_deinit      gd32f4xx_usart.o
    0x0800cbc8   0x0800cbc8   0x00000014   Code   RO         7018    i.usart_dma_receive_config  gd32f4xx_usart.o
    0x0800cbdc   0x0800cbdc   0x0000000a   Code   RO         7020    i.usart_enable      gd32f4xx_usart.o
    0x0800cbe6   0x0800cbe6   0x00000034   Code   RO         7021    i.usart_flag_clear  gd32f4xx_usart.o
    0x0800cc1a   0x0800cc1a   0x0000001e   Code   RO         7022    i.usart_flag_get    gd32f4xx_usart.o
    0x0800cc38   0x0800cc38   0x00000014   Code   RO         7027    i.usart_hardware_flow_cts_config  gd32f4xx_usart.o
    0x0800cc4c   0x0800cc4c   0x00000014   Code   RO         7028    i.usart_hardware_flow_rts_config  gd32f4xx_usart.o
    0x0800cc60   0x0800cc60   0x0000001a   Code   RO         7030    i.usart_interrupt_enable  gd32f4xx_usart.o
    0x0800cc7a   0x0800cc7a   0x00000038   Code   RO         7032    i.usart_interrupt_flag_get  gd32f4xx_usart.o
    0x0800ccb2   0x0800ccb2   0x00000010   Code   RO         7045    i.usart_parity_config  gd32f4xx_usart.o
    0x0800ccc2   0x0800ccc2   0x00000010   Code   RO         7047    i.usart_receive_config  gd32f4xx_usart.o
    0x0800ccd2   0x0800ccd2   0x00000010   Code   RO         7058    i.usart_stop_bit_set  gd32f4xx_usart.o
    0x0800cce2   0x0800cce2   0x00000010   Code   RO         7062    i.usart_transmit_config  gd32f4xx_usart.o
    0x0800ccf2   0x0800ccf2   0x00000010   Code   RO         7063    i.usart_word_length_set  gd32f4xx_usart.o
    0x0800cd02   0x0800cd02   0x0000002a   Code   RO         7512    i.validate          ff.o
    0x0800cd2c   0x0800cd2c   0x00001fd8   Data   RO          623    .constdata          oled.o
    0x0800ed04   0x0800ed04   0x0000000c   Data   RO         1016    .constdata          rtc_driver.o
    0x0800ed10   0x0800ed10   0x0000000d   Data   RO         7514    .constdata          ff.o
    0x0800ed1d   0x0800ed1d   0x00000040   Data   RO         9254    .constdata          mc_w.l(ctype_c.o)
    0x0800ed5d   0x0800ed5d   0x00000003   PAD
    0x0800ed60   0x0800ed60   0x00000020   Data   RO         9258    Region$$Table       anon$$obj.o


    Execution Region RW_IRAM1 (Exec base: 0x20000000, Load base: 0x0800ed80, Size: 0x000036b0, Max: 0x00030000, ABSOLUTE, COMPRESSED[0x00000068])

    Exec Addr    Load Addr    Size         Type   Attr      Idx    E Section Name        Object

    0x20000000   COMPRESSED   0x00000008   Data   RW          329    .data               systick.o
    0x20000008   COMPRESSED   0x00000024   Data   RW          413    .data               sdcard.o
    0x2000002c   COMPRESSED   0x00000888   Data   RW         1160    .data               scheduler.o
    0x200008b4   COMPRESSED   0x00000001   Data   RW         1255    .data               uart_app.o
    0x200008b5   COMPRESSED   0x00000003   PAD
    0x200008b8   COMPRESSED   0x0000000c   Data   RW         1343    .data               sdcard_app.o
    0x200008c4   COMPRESSED   0x00000001   Data   RW         1464    .data               data_app.o
    0x200008c5   COMPRESSED   0x00000003   PAD
    0x200008c8   COMPRESSED   0x00000010   Data   RW         1693    .data               data_save.o
    0x200008d8   COMPRESSED   0x00000004   Data   RW         1891    .data               system_gd32f4xx.o
    0x200008dc   COMPRESSED   0x00000006   Data   RW         7515    .data               ff.o
    0x200008e2   COMPRESSED   0x00000002   PAD
    0x200008e4   COMPRESSED   0x00000004   Data   RW         8854    .data               mc_w.l(stderr.o)
    0x200008e8   COMPRESSED   0x00000004   Data   RW         8876    .data               mc_w.l(strtok.o)
    0x200008ec   COMPRESSED   0x00000004   Data   RW         9200    .data               mc_w.l(stdout.o)
    0x200008f0   COMPRESSED   0x00000004   Data   RW         9210    .data               mc_w.l(errno.o)
    0x200008f4        -       0x00000020   Zero   RW          412    .bss                sdcard.o
    0x20000914        -       0x00000240   Zero   RW          622    .bss                oled.o
    0x20000b54        -       0x00000014   Zero   RW         1015    .bss                rtc_driver.o
    0x20000b68        -       0x000003b4   Zero   RW         1159    .bss                scheduler.o
    0x20000f1c        -       0x0000000c   Zero   RW         1463    .bss                data_app.o
    0x20000f28        -       0x00000058   Zero   RW         1547    .bss                sampling_control.o
    0x20000f80        -       0x00002130   Zero   RW         1692    .bss                data_save.o
    0x200030b0        -       0x00000200   Zero   RW         7513    .bss                ff.o
    0x200032b0        -       0x00000400   Zero   RW         7407    STACK               startup_gd32f450_470.o


==============================================================================

Image component sizes


      Code (inc. data)   RO Data    RW Data    ZI Data      Debug   Object Name

       284         16          0          0          0        699   adc_dirver.o
      1412        186          0          1         12       7937   data_app.o
      4582       1188          0         16       8496      24443   data_save.o
       316          0          0          0          0       4660   diskio.o
      7770         80         13          6        512      36163   ff.o
       170         54          0          0          0       1566   function.o
       654         16          0          0          0       9050   gd32f4xx_adc.o
      1266          8          0          0          0      10167   gd32f4xx_dma.o
        12          6          0          0          0        598   gd32f4xx_exti.o
       262          0          0          0          0       4533   gd32f4xx_gpio.o
        56          6          0          0          0      83005   gd32f4xx_it.o
       216         20          0          0          0       1540   gd32f4xx_misc.o
        20          6          0          0          0        574   gd32f4xx_pmu.o
       844         60          0          0          0       6717   gd32f4xx_rcu.o
       544         32          0          0          0       5690   gd32f4xx_rtc.o
       628        136          0          0          0      16310   gd32f4xx_sdio.o
        88          0          0          0          0       4006   gd32f4xx_spi.o
       774         18          0          0          0      11252   gd32f4xx_usart.o
        88          8          0          0          0       1082   key_driver.o
       132         10          0          0          0        555   led_driver.o
        14          0          0          0          0      11396   main.o
      1424         58       8152          0        576      10664   oled.o
        92         12          0          0          0       3903   retarget_io.o
       228          0          0          0          0       3942   ringbuffer.o
       752         50         12          0         20       7607   rtc_driver.o
      2072        432          0          0         88      13042   sampling_control.o
       678        328          0       2184        948       5869   scheduler.o
      7134        352          0         36         32      32443   sdcard.o
      2844        920          0         12          0      13253   sdcard_app.o
       922         50          0          0          0       6816   spi_flash.o
        36          8        428          0       1024        888   startup_gd32f450_470.o
       484         32          0          4          0       2959   system_gd32f4xx.o
       176         30          0          8          0      29666   systick.o
      7584       4560          0          1          0       9225   uart_app.o
        36          0          0          0          0       1155   unicode_new.o
       566         54          0          0          0       3252   usart_driver.o

    ----------------------------------------------------------------------
     45210       8736       8637       2276      11708     386627   Object Totals
         0          0         32          0          0          0   (incl. Generated)
        50          0          0          8          0          0   (incl. Padding)

    ----------------------------------------------------------------------

      Code (inc. data)   RO Data    RW Data    ZI Data      Debug   Library Member Name

        56         12          0          0          0        132   atof.o
        56          8          0          0          0         84   __0sscanf.o
        86          0          0          0          0          0   __dczerorl2.o
        28          0          0          0          0         68   _chval.o
       816          6          0          0          0        112   _scanf.o
       332          0          0          0          0         96   _scanf_int.o
        64          0          0          0          0         84   _sgetc.o
        40          6         64          0          0         68   ctype_c.o
         0          0          0          0          0          0   entry.o
         0          0          0          0          0          0   entry10a.o
         0          0          0          0          0          0   entry11a.o
         4          0          0          0          0          0   entry12b.o
         8          4          0          0          0          0   entry2.o
         4          0          0          0          0          0   entry5.o
         0          0          0          0          0          0   entry7b.o
         0          0          0          0          0          0   entry8b.o
         8          4          0          0          0          0   entry9a.o
        24         12          0          4          0        136   errno.o
        30          0          0          0          0          0   handlers.o
        36          8          0          0          0         68   init.o
        10          0          0          0          0         68   isspace_c.o
         0          0          0          0          0          0   iusefp.o
        30          0          0          0          0         68   llshl.o
        36          0          0          0          0         68   llsshr.o
        32          0          0          0          0         68   llushr.o
        36          0          0          0          0        108   memseta.o
      2394        106          0          0          0        852   printfa.o
        40          8          0          0          0         84   scanf_char.o
       878         12          0          0          0        216   scanf_fp.o
         0          0          0          4          0          0   stderr.o
         0          0          0          4          0          0   stdout.o
        24          0          0          0          0         68   strcat.o
        20          0          0          0          0         68   strchr.o
        28          0          0          0          0         76   strcmp.o
        18          0          0          0          0         68   strcpy.o
        14          0          0          0          0         68   strlen.o
        24          0          0          0          0         76   strncpy.o
        36          0          0          0          0         80   strstr.o
       156         12          0          0          0        120   strtod.o
        68          6          0          4          0         80   strtok.o
        44          0          0          0          0         80   uidiv.o
        98          0          0          0          0         92   uldiv.o
        48          0          0          0          0         68   cdrcmple.o
        56          0          0          0          0         88   d2f.o
       334          0          0          0          0        148   dadd.o
       222          0          0          0          0        100   ddiv.o
       186          0          0          0          0        176   depilogue.o
        48          0          0          0          0         68   dfixul.o
        24          0          0          0          0         76   dfltul.o
       228          0          0          0          0         96   dmul.o
        38          0          0          0          0         68   f2d.o
       110          0          0          0          0        168   fepilogue.o

    ----------------------------------------------------------------------
      6886        208         67         16          0       4312   Library Totals
        14          4          3          0          0          0   (incl. Padding)

    ----------------------------------------------------------------------

      Code (inc. data)   RO Data    RW Data    ZI Data      Debug   Library Name

        56         12          0          0          0        132   m_wm.l
      5522        192         64         16          0       3124   mc_w.l
      1294          0          0          0          0       1056   mf_w.l

    ----------------------------------------------------------------------
      6886        208         67         16          0       4312   Library Totals

    ----------------------------------------------------------------------

==============================================================================


      Code (inc. data)   RO Data    RW Data    ZI Data      Debug   

     52096       8944       8704       2292      11708     356435   Grand Totals
     52096       8944       8704        104      11708     356435   ELF Image Totals (compressed)
     52096       8944       8704        104          0          0   ROM Totals

==============================================================================

    Total RO  Size (Code + RO Data)                60800 (  59.38kB)
    Total RW  Size (RW Data + ZI Data)             14000 (  13.67kB)
    Total ROM Size (Code + RO Data + RW Data)      60904 (  59.48kB)

==============================================================================

