Component: ARM Compiler 5.06 update 6 (build 750) Tool: armlink [4d35ed]

==============================================================================

Section Cross References

    gd32f4xx_it.o(i.SDIO_IRQHandler) refers to sdcard.o(i.sd_interrupts_process) for sd_interrupts_process
    gd32f4xx_it.o(i.SysTick_Handler) refers to systick.o(i.delay_decrement) for delay_decrement
    main.o(i.main) refers to function.o(i.System_Init) for System_Init
    main.o(i.main) refers to function.o(i.UsrFunction) for UsrFunction
    systick.o(i.delay_1ms) refers to systick.o(.data) for delay
    systick.o(i.delay_decrement) refers to systick.o(.data) for delay
    systick.o(i.systick_config) refers to systick.o(i.NVIC_SetPriority) for NVIC_SetPriority
    systick.o(i.systick_config) refers to system_gd32f4xx.o(.data) for SystemCoreClock
    led.o(i.LED_Init) refers to gd32f4xx_rcu.o(i.rcu_periph_clock_enable) for rcu_periph_clock_enable
    led.o(i.LED_Init) refers to gd32f4xx_gpio.o(i.gpio_mode_set) for gpio_mode_set
    led.o(i.LED_Init) refers to gd32f4xx_gpio.o(i.gpio_output_options_set) for gpio_output_options_set
    led.o(i.LED_Init) refers to gd32f4xx_gpio.o(i.gpio_bit_reset) for gpio_bit_reset
    usart.o(i.fputc) refers to gd32f4xx_usart.o(i.usart_data_transmit) for usart_data_transmit
    usart.o(i.fputc) refers to gd32f4xx_usart.o(i.usart_flag_get) for usart_flag_get
    usart.o(i.gd_eval_com_init) refers to gd32f4xx_rcu.o(i.rcu_periph_clock_enable) for rcu_periph_clock_enable
    usart.o(i.gd_eval_com_init) refers to gd32f4xx_gpio.o(i.gpio_af_set) for gpio_af_set
    usart.o(i.gd_eval_com_init) refers to gd32f4xx_gpio.o(i.gpio_mode_set) for gpio_mode_set
    usart.o(i.gd_eval_com_init) refers to gd32f4xx_gpio.o(i.gpio_output_options_set) for gpio_output_options_set
    usart.o(i.gd_eval_com_init) refers to gd32f4xx_usart.o(i.usart_deinit) for usart_deinit
    usart.o(i.gd_eval_com_init) refers to gd32f4xx_usart.o(i.usart_baudrate_set) for usart_baudrate_set
    usart.o(i.gd_eval_com_init) refers to gd32f4xx_usart.o(i.usart_receive_config) for usart_receive_config
    usart.o(i.gd_eval_com_init) refers to gd32f4xx_usart.o(i.usart_transmit_config) for usart_transmit_config
    usart.o(i.gd_eval_com_init) refers to gd32f4xx_usart.o(i.usart_enable) for usart_enable
    sdcard.o(i.cmdsent_error_check) refers to gd32f4xx_sdio.o(i.sdio_flag_get) for sdio_flag_get
    sdcard.o(i.cmdsent_error_check) refers to gd32f4xx_sdio.o(i.sdio_flag_clear) for sdio_flag_clear
    sdcard.o(i.dma_receive_config) refers to gd32f4xx_dma.o(i.dma_flag_clear) for dma_flag_clear
    sdcard.o(i.dma_receive_config) refers to gd32f4xx_dma.o(i.dma_channel_disable) for dma_channel_disable
    sdcard.o(i.dma_receive_config) refers to gd32f4xx_dma.o(i.dma_deinit) for dma_deinit
    sdcard.o(i.dma_receive_config) refers to gd32f4xx_dma.o(i.dma_multi_data_mode_init) for dma_multi_data_mode_init
    sdcard.o(i.dma_receive_config) refers to gd32f4xx_dma.o(i.dma_flow_controller_config) for dma_flow_controller_config
    sdcard.o(i.dma_receive_config) refers to gd32f4xx_dma.o(i.dma_channel_subperipheral_select) for dma_channel_subperipheral_select
    sdcard.o(i.dma_receive_config) refers to gd32f4xx_dma.o(i.dma_channel_enable) for dma_channel_enable
    sdcard.o(i.dma_transfer_config) refers to gd32f4xx_dma.o(i.dma_flag_clear) for dma_flag_clear
    sdcard.o(i.dma_transfer_config) refers to gd32f4xx_dma.o(i.dma_channel_disable) for dma_channel_disable
    sdcard.o(i.dma_transfer_config) refers to gd32f4xx_dma.o(i.dma_deinit) for dma_deinit
    sdcard.o(i.dma_transfer_config) refers to gd32f4xx_dma.o(i.dma_multi_data_mode_init) for dma_multi_data_mode_init
    sdcard.o(i.dma_transfer_config) refers to gd32f4xx_dma.o(i.dma_flow_controller_config) for dma_flow_controller_config
    sdcard.o(i.dma_transfer_config) refers to gd32f4xx_dma.o(i.dma_channel_subperipheral_select) for dma_channel_subperipheral_select
    sdcard.o(i.dma_transfer_config) refers to gd32f4xx_dma.o(i.dma_channel_enable) for dma_channel_enable
    sdcard.o(i.gpio_config) refers to gd32f4xx_gpio.o(i.gpio_af_set) for gpio_af_set
    sdcard.o(i.gpio_config) refers to gd32f4xx_gpio.o(i.gpio_mode_set) for gpio_mode_set
    sdcard.o(i.gpio_config) refers to gd32f4xx_gpio.o(i.gpio_output_options_set) for gpio_output_options_set
    sdcard.o(i.r1_error_check) refers to gd32f4xx_sdio.o(i.sdio_flag_clear) for sdio_flag_clear
    sdcard.o(i.r1_error_check) refers to gd32f4xx_sdio.o(i.sdio_command_index_get) for sdio_command_index_get
    sdcard.o(i.r1_error_check) refers to gd32f4xx_sdio.o(i.sdio_response_get) for sdio_response_get
    sdcard.o(i.r1_error_check) refers to sdcard.o(i.r1_error_type_check) for r1_error_type_check
    sdcard.o(i.r2_error_check) refers to gd32f4xx_sdio.o(i.sdio_flag_clear) for sdio_flag_clear
    sdcard.o(i.r3_error_check) refers to gd32f4xx_sdio.o(i.sdio_flag_clear) for sdio_flag_clear
[...]
    Removing gd32f4xx_tli.o(i.tli_lut_enable), (14 bytes).
    Removing gd32f4xx_tli.o(i.tli_lut_init), (28 bytes).
    Removing gd32f4xx_tli.o(i.tli_lut_struct_para_init), (12 bytes).
    Removing gd32f4xx_tli.o(i.tli_reload_config), (36 bytes).
    Removing gd32f4xx_tli.o(i.tli_struct_para_init), (34 bytes).
    Removing gd32f4xx_trng.o(.rev16_text), (4 bytes).
    Removing gd32f4xx_trng.o(.revsh_text), (4 bytes).
    Removing gd32f4xx_trng.o(i.trng_deinit), (20 bytes).
    Removing gd32f4xx_trng.o(i.trng_disable), (20 bytes).
    Removing gd32f4xx_trng.o(i.trng_enable), (20 bytes).
    Removing gd32f4xx_trng.o(i.trng_flag_get), (24 bytes).
    Removing gd32f4xx_trng.o(i.trng_get_true_random_data), (12 bytes).
    Removing gd32f4xx_trng.o(i.trng_interrupt_disable), (20 bytes).
    Removing gd32f4xx_trng.o(i.trng_interrupt_enable), (20 bytes).
    Removing gd32f4xx_trng.o(i.trng_interrupt_flag_clear), (16 bytes).
    Removing gd32f4xx_trng.o(i.trng_interrupt_flag_get), (24 bytes).
    Removing gd32f4xx_usart.o(.rev16_text), (4 bytes).
    Removing gd32f4xx_usart.o(.revsh_text), (4 bytes).
    Removing gd32f4xx_usart.o(i.usart_address_config), (20 bytes).
    Removing gd32f4xx_usart.o(i.usart_block_length_config), (28 bytes).
    Removing gd32f4xx_usart.o(i.usart_break_frame_coherence_config), (24 bytes).
    Removing gd32f4xx_usart.o(i.usart_data_first_config), (20 bytes).
    Removing gd32f4xx_usart.o(i.usart_disable), (10 bytes).
    Removing gd32f4xx_usart.o(i.usart_dma_receive_config), (20 bytes).
    Removing gd32f4xx_usart.o(i.usart_dma_transmit_config), (20 bytes).
    Removing gd32f4xx_usart.o(i.usart_flag_clear), (52 bytes).
    Removing gd32f4xx_usart.o(i.usart_guard_time_config), (24 bytes).
    Removing gd32f4xx_usart.o(i.usart_halfduplex_disable), (10 bytes).
    Removing gd32f4xx_usart.o(i.usart_halfduplex_enable), (10 bytes).
    Removing gd32f4xx_usart.o(i.usart_hardware_flow_coherence_config), (24 bytes).
    Removing gd32f4xx_usart.o(i.usart_hardware_flow_cts_config), (20 bytes).
    Removing gd32f4xx_usart.o(i.usart_hardware_flow_rts_config), (20 bytes).
    Removing gd32f4xx_usart.o(i.usart_interrupt_disable), (26 bytes).
    Removing gd32f4xx_usart.o(i.usart_interrupt_enable), (26 bytes).
    Removing gd32f4xx_usart.o(i.usart_interrupt_flag_clear), (26 bytes).
    Removing gd32f4xx_usart.o(i.usart_interrupt_flag_get), (56 bytes).
    Removing gd32f4xx_usart.o(i.usart_invert_config), (104 bytes).
    Removing gd32f4xx_usart.o(i.usart_irda_lowpower_config), (20 bytes).
    Removing gd32f4xx_usart.o(i.usart_irda_mode_disable), (10 bytes).
    Removing gd32f4xx_usart.o(i.usart_irda_mode_enable), (10 bytes).
    Removing gd32f4xx_usart.o(i.usart_lin_break_detection_length_config), (20 bytes).
    Removing gd32f4xx_usart.o(i.usart_lin_mode_disable), (10 bytes).
    Removing gd32f4xx_usart.o(i.usart_lin_mode_enable), (10 bytes).
    Removing gd32f4xx_usart.o(i.usart_mute_mode_disable), (10 bytes).
    Removing gd32f4xx_usart.o(i.usart_mute_mode_enable), (10 bytes).
    Removing gd32f4xx_usart.o(i.usart_mute_mode_wakeup_config), (16 bytes).
    Removing gd32f4xx_usart.o(i.usart_oversample_config), (16 bytes).
    Removing gd32f4xx_usart.o(i.usart_parity_check_coherence_config), (24 bytes).
    Removing gd32f4xx_usart.o(i.usart_parity_config), (16 bytes).
    Removing gd32f4xx_usart.o(i.usart_prescaler_config), (16 bytes).
    Removing gd32f4xx_usart.o(i.usart_receiver_timeout_disable), (14 bytes).
    Removing gd32f4xx_usart.o(i.usart_receiver_timeout_enable), (14 bytes).
    Removing gd32f4xx_usart.o(i.usart_receiver_timeout_threshold_config), (20 bytes).
    Removing gd32f4xx_usart.o(i.usart_sample_bit_config), (16 bytes).
    Removing gd32f4xx_usart.o(i.usart_send_break), (10 bytes).
    Removing gd32f4xx_usart.o(i.usart_smartcard_autoretry_config), (26 bytes).
    Removing gd32f4xx_usart.o(i.usart_smartcard_mode_disable), (10 bytes).
    Removing gd32f4xx_usart.o(i.usart_smartcard_mode_enable), (10 bytes).
    Removing gd32f4xx_usart.o(i.usart_smartcard_mode_nack_disable), (10 bytes).
    Removing gd32f4xx_usart.o(i.usart_smartcard_mode_nack_enable), (10 bytes).
    Removing gd32f4xx_usart.o(i.usart_stop_bit_set), (16 bytes).
    Removing gd32f4xx_usart.o(i.usart_synchronous_clock_config), (34 bytes).
    Removing gd32f4xx_usart.o(i.usart_synchronous_clock_disable), (10 bytes).
    Removing gd32f4xx_usart.o(i.usart_synchronous_clock_enable), (10 bytes).
    Removing gd32f4xx_usart.o(i.usart_word_length_set), (16 bytes).
    Removing gd32f4xx_wwdgt.o(.rev16_text), (4 bytes).
    Removing gd32f4xx_wwdgt.o(.revsh_text), (4 bytes).
    Removing gd32f4xx_wwdgt.o(i.wwdgt_config), (28 bytes).
    Removing gd32f4xx_wwdgt.o(i.wwdgt_counter_update), (16 bytes).
    Removing gd32f4xx_wwdgt.o(i.wwdgt_deinit), (20 bytes).
    Removing gd32f4xx_wwdgt.o(i.wwdgt_enable), (20 bytes).
    Removing gd32f4xx_wwdgt.o(i.wwdgt_flag_clear), (12 bytes).
    Removing gd32f4xx_wwdgt.o(i.wwdgt_flag_get), (24 bytes).
    Removing gd32f4xx_wwdgt.o(i.wwdgt_interrupt_enable), (20 bytes).
    Removing startup_gd32f450_470.o(HEAP), (1024 bytes).
    Removing diskio.o(.rev16_text), (4 bytes).
    Removing diskio.o(.revsh_text), (4 bytes).
    Removing ff.o(i.dir_read), (86 bytes).
    Removing ff.o(i.dir_remove), (44 bytes).
    Removing ff.o(i.f_chmod), (84 bytes).
    Removing ff.o(i.f_getfree), (276 bytes).
    Removing ff.o(i.f_lseek), (432 bytes).
    Removing ff.o(i.f_mkdir), (384 bytes).
    Removing ff.o(i.f_opendir), (110 bytes).
    Removing ff.o(i.f_readdir), (88 bytes).
    Removing ff.o(i.f_rename), (290 bytes).
    Removing ff.o(i.f_stat), (58 bytes).
    Removing ff.o(i.f_truncate), (156 bytes).
    Removing ff.o(i.f_unlink), (178 bytes).
    Removing ff.o(i.f_utime), (86 bytes).
    Removing ff.o(i.get_fileinfo), (152 bytes).
    Removing dadd.o(.text), (334 bytes).
    Removing dmul.o(.text), (228 bytes).
    Removing ddiv.o(.text), (222 bytes).
    Removing dfixul.o(.text), (48 bytes).
    Removing cdrcmple.o(.text), (48 bytes).
    Removing depilogue.o(.text), (186 bytes).

900 unused section(s) (total 58220 bytes) removed from the image.

==============================================================================

Image Symbol Table

    Local Symbols

    Symbol Name                              Value     Ov Type        Size  Object(Section)

    ../clib/microlib/division.c              0x00000000   Number         0  uldiv.o ABSOLUTE
    ../clib/microlib/division.c              0x00000000   Number         0  uidiv.o ABSOLUTE
    ../clib/microlib/init/entry.s            0x00000000   Number         0  entry10a.o ABSOLUTE
    ../clib/microlib/init/entry.s            0x00000000   Number         0  entry2.o ABSOLUTE
    ../clib/microlib/init/entry.s            0x00000000   Number         0  entry9a.o ABSOLUTE
    ../clib/microlib/init/entry.s            0x00000000   Number         0  entry7a.o ABSOLUTE
    ../clib/microlib/init/entry.s            0x00000000   Number         0  entry8b.o ABSOLUTE
    ../clib/microlib/init/entry.s            0x00000000   Number         0  entry8a.o ABSOLUTE
    ../clib/microlib/init/entry.s            0x00000000   Number         0  entry9b.o ABSOLUTE
    ../clib/microlib/init/entry.s            0x00000000   Number         0  entry7b.o ABSOLUTE
    ../clib/microlib/init/entry.s            0x00000000   Number         0  entry5.o ABSOLUTE
    ../clib/microlib/init/entry.s            0x00000000   Number         0  entry11b.o ABSOLUTE
    ../clib/microlib/init/entry.s            0x00000000   Number         0  entry11a.o ABSOLUTE
    ../clib/microlib/init/entry.s            0x00000000   Number         0  entry10b.o ABSOLUTE
    ../clib/microlib/init/entry.s            0x00000000   Number         0  entry.o ABSOLUTE
    ../clib/microlib/longlong.c              0x00000000   Number         0  llsshr.o ABSOLUTE
    ../clib/microlib/longlong.c              0x00000000   Number         0  llushr.o ABSOLUTE
    ../clib/microlib/longlong.c              0x00000000   Number         0  llshl.o ABSOLUTE
    ../clib/microlib/printf/printf.c         0x00000000   Number         0  printfa.o ABSOLUTE
    ../clib/microlib/printf/printf.c         0x00000000   Number         0  printfb.o ABSOLUTE
    ../clib/microlib/printf/printf.c         0x00000000   Number         0  printf6.o ABSOLUTE
    ../clib/microlib/printf/printf.c         0x00000000   Number         0  printf1.o ABSOLUTE
    ../clib/microlib/printf/printf.c         0x00000000   Number         0  printf2.o ABSOLUTE
    ../clib/microlib/printf/printf.c         0x00000000   Number         0  printf3.o ABSOLUTE
    ../clib/microlib/printf/printf.c         0x00000000   Number         0  printf4.o ABSOLUTE
    ../clib/microlib/printf/printf.c         0x00000000   Number         0  printf5.o ABSOLUTE
    ../clib/microlib/printf/printf.c         0x00000000   Number         0  printf7.o ABSOLUTE
    ../clib/microlib/printf/printf.c         0x00000000   Number         0  printf8.o ABSOLUTE
    ../clib/microlib/printf/printf.c         0x00000000   Number         0  printf0.o ABSOLUTE
    ../clib/microlib/printf/stubs.s          0x00000000   Number         0  stubs.o ABSOLUTE
    ../clib/microlib/stdio/streams.c         0x00000000   Number         0  stdout.o ABSOLUTE
    ../clib/microlib/stubs.s                 0x00000000   Number         0  iusefp.o ABSOLUTE
    ../fplib/microlib/fpadd.c                0x00000000   Number         0  dadd.o ABSOLUTE
    ../fplib/microlib/fpdiv.c                0x00000000   Number         0  ddiv.o ABSOLUTE
    ../fplib/microlib/fpepilogue.c           0x00000000   Number         0  depilogue.o ABSOLUTE
    ../fplib/microlib/fpfix.c                0x00000000   Number         0  dfixul.o ABSOLUTE
    ../fplib/microlib/fpmul.c                0x00000000   Number         0  dmul.o ABSOLUTE
    ..\CMSIS\GD\GD32F4xx\Source\ARM\startup_gd32f450_470.s 0x00000000   Number         0  startup_gd32f450_470.o ABSOLUTE
    ..\CMSIS\GD\GD32F4xx\Source\system_gd32f4xx.c 0x00000000   Number         0  system_gd32f4xx.o ABSOLUTE
    ..\Fatfs\diskio.c                        0x00000000   Number         0  diskio.o ABSOLUTE
    ..\Fatfs\ff.c                            0x00000000   Number         0  ff.o ABSOLUTE
    ..\Function\Function.c                   0x00000000   Number         0  function.o ABSOLUTE
    ..\HardWare\LED\LED.c                    0x00000000   Number         0  led.o ABSOLUTE
    ..\HardWare\SDCARD\sdcard.c              0x00000000   Number         0  sdcard.o ABSOLUTE
    ..\HardWare\USART\USART.c                0x00000000   Number         0  usart.o ABSOLUTE
    ..\Library\GD32F4xx_standard_peripheral\Source\gd32f4xx_adc.c 0x00000000   Number         0  gd32f4xx_adc.o ABSOLUTE
    ..\Library\GD32F4xx_standard_peripheral\Source\gd32f4xx_can.c 0x00000000   Number         0  gd32f4xx_can.o ABSOLUTE
    ..\Library\GD32F4xx_standard_peripheral\Source\gd32f4xx_crc.c 0x00000000   Number         0  gd32f4xx_crc.o ABSOLUTE
    ..\Library\GD32F4xx_standard_peripheral\Source\gd32f4xx_ctc.c 0x00000000   Number         0  gd32f4xx_ctc.o ABSOLUTE
    ..\Library\GD32F4xx_standard_peripheral\Source\gd32f4xx_dac.c 0x00000000   Number         0  gd32f4xx_dac.o ABSOLUTE
    ..\Library\GD32F4xx_standard_peripheral\Source\gd32f4xx_dbg.c 0x00000000   Number         0  gd32f4xx_dbg.o ABSOLUTE
    ..\Library\GD32F4xx_standard_peripheral\Source\gd32f4xx_dci.c 0x00000000   Number         0  gd32f4xx_dci.o ABSOLUTE
    ..\Library\GD32F4xx_standard_peripheral\Source\gd32f4xx_dma.c 0x00000000   Number         0  gd32f4xx_dma.o ABSOLUTE
    ..\Library\GD32F4xx_standard_peripheral\Source\gd32f4xx_enet.c 0x00000000   Number         0  gd32f4xx_enet.o ABSOLUTE
    ..\Library\GD32F4xx_standard_peripheral\Source\gd32f4xx_exmc.c 0x00000000   Number         0  gd32f4xx_exmc.o ABSOLUTE
    ..\Library\GD32F4xx_standard_peripheral\Source\gd32f4xx_exti.c 0x00000000   Number         0  gd32f4xx_exti.o ABSOLUTE
    ..\Library\GD32F4xx_standard_peripheral\Source\gd32f4xx_fmc.c 0x00000000   Number         0  gd32f4xx_fmc.o ABSOLUTE
    ..\Library\GD32F4xx_standard_peripheral\Source\gd32f4xx_fwdgt.c 0x00000000   Number         0  gd32f4xx_fwdgt.o ABSOLUTE
    ..\Library\GD32F4xx_standard_peripheral\Source\gd32f4xx_gpio.c 0x00000000   Number         0  gd32f4xx_gpio.o ABSOLUTE
    ..\Library\GD32F4xx_standard_peripheral\Source\gd32f4xx_i2c.c 0x00000000   Number         0  gd32f4xx_i2c.o ABSOLUTE
    ..\Library\GD32F4xx_standard_peripheral\Source\gd32f4xx_ipa.c 0x00000000   Number         0  gd32f4xx_ipa.o ABSOLUTE
    ..\Library\GD32F4xx_standard_peripheral\Source\gd32f4xx_iref.c 0x00000000   Number         0  gd32f4xx_iref.o ABSOLUTE
    ..\Library\GD32F4xx_standard_peripheral\Source\gd32f4xx_misc.c 0x00000000   Number         0  gd32f4xx_misc.o ABSOLUTE
    ..\Library\GD32F4xx_standard_peripheral\Source\gd32f4xx_pmu.c 0x00000000   Number         0  gd32f4xx_pmu.o ABSOLUTE
    ..\Library\GD32F4xx_standard_peripheral\Source\gd32f4xx_rcu.c 0x00000000   Number         0  gd32f4xx_rcu.o ABSOLUTE
    ..\Library\GD32F4xx_standard_peripheral\Source\gd32f4xx_rtc.c 0x00000000   Number         0  gd32f4xx_rtc.o ABSOLUTE
    ..\Library\GD32F4xx_standard_peripheral\Source\gd32f4xx_sdio.c 0x00000000   Number         0  gd32f4xx_sdio.o ABSOLUTE
    ..\Library\GD32F4xx_standard_peripheral\Source\gd32f4xx_spi.c 0x00000000   Number         0  gd32f4xx_spi.o ABSOLUTE
    ..\Library\GD32F4xx_standard_peripheral\Source\gd32f4xx_syscfg.c 0x00000000   Number         0  gd32f4xx_syscfg.o ABSOLUTE
    ..\Library\GD32F4xx_standard_peripheral\Source\gd32f4xx_timer.c 0x00000000   Number         0  gd32f4xx_timer.o ABSOLUTE
    ..\Library\GD32F4xx_standard_peripheral\Source\gd32f4xx_tli.c 0x00000000   Number         0  gd32f4xx_tli.o ABSOLUTE
    ..\Library\GD32F4xx_standard_peripheral\Source\gd32f4xx_trng.c 0x00000000   Number         0  gd32f4xx_trng.o ABSOLUTE
    ..\Library\GD32F4xx_standard_peripheral\Source\gd32f4xx_usart.c 0x00000000   Number         0  gd32f4xx_usart.o ABSOLUTE
    ..\Library\GD32F4xx_standard_peripheral\Source\gd32f4xx_wwdgt.c 0x00000000   Number         0  gd32f4xx_wwdgt.o ABSOLUTE
    ..\User\gd32f4xx_it.c                    0x00000000   Number         0  gd32f4xx_it.o ABSOLUTE
    ..\User\main.c                           0x00000000   Number         0  main.o ABSOLUTE
    ..\User\systick.c                        0x00000000   Number         0  systick.o ABSOLUTE
    ..\\CMSIS\\GD\\GD32F4xx\\Source\\system_gd32f4xx.c 0x00000000   Number         0  system_gd32f4xx.o ABSOLUTE
    ..\\Fatfs\\diskio.c                      0x00000000   Number         0  diskio.o ABSOLUTE
    ..\\Function\\Function.c                 0x00000000   Number         0  function.o ABSOLUTE
    ..\\HardWare\\LED\\LED.c                 0x00000000   Number         0  led.o ABSOLUTE
    ..\\HardWare\\SDCARD\\sdcard.c           0x00000000   Number         0  sdcard.o ABSOLUTE
    ..\\HardWare\\USART\\USART.c             0x00000000   Number         0  usart.o ABSOLUTE
    ..\\Library\\GD32F4xx_standard_peripheral\\Source\\gd32f4xx_adc.c 0x00000000   Number         0  gd32f4xx_adc.o ABSOLUTE
    ..\\Library\\GD32F4xx_standard_peripheral\\Source\\gd32f4xx_can.c 0x00000000   Number         0  gd32f4xx_can.o ABSOLUTE
    ..\\Library\\GD32F4xx_standard_peripheral\\Source\\gd32f4xx_crc.c 0x00000000   Number         0  gd32f4xx_crc.o ABSOLUTE
    ..\\Library\\GD32F4xx_standard_peripheral\\Source\\gd32f4xx_ctc.c 0x00000000   Number         0  gd32f4xx_ctc.o ABSOLUTE
    ..\\Library\\GD32F4xx_standard_peripheral\\Source\\gd32f4xx_dac.c 0x00000000   Number         0  gd32f4xx_dac.o ABSOLUTE
    ..\\Library\\GD32F4xx_standard_peripheral\\Source\\gd32f4xx_dbg.c 0x00000000   Number         0  gd32f4xx_dbg.o ABSOLUTE
    ..\\Library\\GD32F4xx_standard_peripheral\\Source\\gd32f4xx_dci.c 0x00000000   Number         0  gd32f4xx_dci.o ABSOLUTE
    ..\\Library\\GD32F4xx_standard_peripheral\\Source\\gd32f4xx_dma.c 0x00000000   Number         0  gd32f4xx_dma.o ABSOLUTE
    ..\\Library\\GD32F4xx_standard_peripheral\\Source\\gd32f4xx_enet.c 0x00000000   Number         0  gd32f4xx_enet.o ABSOLUTE
    ..\\Library\\GD32F4xx_standard_peripheral\\Source\\gd32f4xx_exmc.c 0x00000000   Number         0  gd32f4xx_exmc.o ABSOLUTE
    ..\\Library\\GD32F4xx_standard_peripheral\\Source\\gd32f4xx_exti.c 0x00000000   Number         0  gd32f4xx_exti.o ABSOLUTE
    ..\\Library\\GD32F4xx_standard_peripheral\\Source\\gd32f4xx_fmc.c 0x00000000   Number         0  gd32f4xx_fmc.o ABSOLUTE
    ..\\Library\\GD32F4xx_standard_peripheral\\Source\\gd32f4xx_fwdgt.c 0x00000000   Number         0  gd32f4xx_fwdgt.o ABSOLUTE
    ..\\Library\\GD32F4xx_standard_peripheral\\Source\\gd32f4xx_gpio.c 0x00000000   Number         0  gd32f4xx_gpio.o ABSOLUTE
    ..\\Library\\GD32F4xx_standard_peripheral\\Source\\gd32f4xx_i2c.c 0x00000000   Number         0  gd32f4xx_i2c.o ABSOLUTE
    ..\\Library\\GD32F4xx_standard_peripheral\\Source\\gd32f4xx_ipa.c 0x00000000   Number         0  gd32f4xx_ipa.o ABSOLUTE
    ..\\Library\\GD32F4xx_standard_peripheral\\Source\\gd32f4xx_iref.c 0x00000000   Number         0  gd32f4xx_iref.o ABSOLUTE
    ..\\Library\\GD32F4xx_standard_peripheral\\Source\\gd32f4xx_misc.c 0x00000000   Number         0  gd32f4xx_misc.o ABSOLUTE
    ..\\Library\\GD32F4xx_standard_peripheral\\Source\\gd32f4xx_pmu.c 0x00000000   Number         0  gd32f4xx_pmu.o ABSOLUTE
    ..\\Library\\GD32F4xx_standard_peripheral\\Source\\gd32f4xx_rcu.c 0x00000000   Number         0  gd32f4xx_rcu.o ABSOLUTE
    ..\\Library\\GD32F4xx_standard_peripheral\\Source\\gd32f4xx_rtc.c 0x00000000   Number         0  gd32f4xx_rtc.o ABSOLUTE
    ..\\Library\\GD32F4xx_standard_peripheral\\Source\\gd32f4xx_sdio.c 0x00000000   Number         0  gd32f4xx_sdio.o ABSOLUTE
    ..\\Library\\GD32F4xx_standard_peripheral\\Source\\gd32f4xx_spi.c 0x00000000   Number         0  gd32f4xx_spi.o ABSOLUTE
    ..\\Library\\GD32F4xx_standard_peripheral\\Source\\gd32f4xx_syscfg.c 0x00000000   Number         0  gd32f4xx_syscfg.o ABSOLUTE
    ..\\Library\\GD32F4xx_standard_peripheral\\Source\\gd32f4xx_timer.c 0x00000000   Number         0  gd32f4xx_timer.o ABSOLUTE
    ..\\Library\\GD32F4xx_standard_peripheral\\Source\\gd32f4xx_tli.c 0x00000000   Number         0  gd32f4xx_tli.o ABSOLUTE
    ..\\Library\\GD32F4xx_standard_peripheral\\Source\\gd32f4xx_trng.c 0x00000000   Number         0  gd32f4xx_trng.o ABSOLUTE
    ..\\Library\\GD32F4xx_standard_peripheral\\Source\\gd32f4xx_usart.c 0x00000000   Number         0  gd32f4xx_usart.o ABSOLUTE
    ..\\Library\\GD32F4xx_standard_peripheral\\Source\\gd32f4xx_wwdgt.c 0x00000000   Number         0  gd32f4xx_wwdgt.o ABSOLUTE
    ..\\User\\gd32f4xx_it.c                  0x00000000   Number         0  gd32f4xx_it.o ABSOLUTE
    ..\\User\\main.c                         0x00000000   Number         0  main.o ABSOLUTE
    ..\\User\\systick.c                      0x00000000   Number         0  systick.o ABSOLUTE
    cdrcmple.s                               0x00000000   Number         0  cdrcmple.o ABSOLUTE
    dc.s                                     0x00000000   Number         0  dc.o ABSOLUTE
    handlers.s                               0x00000000   Number         0  handlers.o ABSOLUTE
    init.s                                   0x00000000   Number         0  init.o ABSOLUTE
    RESET                                    0x08000000   Section      428  startup_gd32f450_470.o(RESET)
    .ARM.Collect$$$$00000000                 0x080001ac   Section        0  entry.o(.ARM.Collect$$$$00000000)
    .ARM.Collect$$$$00000001                 0x080001ac   Section        4  entry2.o(.ARM.Collect$$$$00000001)
    .ARM.Collect$$$$00000004                 0x080001b0   Section        4  entry5.o(.ARM.Collect$$$$00000004)
    .ARM.Collect$$$$00000008                 0x080001b4   Section        0  entry7b.o(.ARM.Collect$$$$00000008)
    .ARM.Collect$$$$0000000A                 0x080001b4   Section        0  entry8b.o(.ARM.Collect$$$$0000000A)
    .ARM.Collect$$$$0000000B                 0x080001b4   Section        8  entry9a.o(.ARM.Collect$$$$0000000B)
    .ARM.Collect$$$$0000000D                 0x080001bc   Section        0  entry10a.o(.ARM.Collect$$$$0000000D)
    .ARM.Collect$$$$0000000F                 0x080001bc   Section        0  entry11a.o(.ARM.Collect$$$$0000000F)
    .ARM.Collect$$$$00002712                 0x080001bc   Section        4  entry2.o(.ARM.Collect$$$$00002712)
    __lit__00000000                          0x080001bc   Data           4  entry2.o(.ARM.Collect$$$$00002712)
    .text                                    0x080001c0   Section       36  startup_gd32f450_470.o(.text)
    $v0                                      0x080001c0   Number         0  startup_gd32f450_470.o(.text)
    .text                                    0x080001e4   Section        0  uidiv.o(.text)
    .text                                    0x08000210   Section       36  init.o(.text)
    i.BusFault_Handler                       0x08000234   Section        0  gd32f4xx_it.o(i.BusFault_Handler)
    i.DebugMon_Handler                       0x08000238   Section        0  gd32f4xx_it.o(i.DebugMon_Handler)
    i.HardFault_Handler                      0x0800023a   Section        0  gd32f4xx_it.o(i.HardFault_Handler)
    i.LED_Init                               0x08000240   Section        0  led.o(i.LED_Init)
    i.MemManage_Handler                      0x08000290   Section        0  gd32f4xx_it.o(i.MemManage_Handler)
    i.NMI_Handler                            0x08000294   Section        0  gd32f4xx_it.o(i.NMI_Handler)
    i.NVIC_SetPriority                       0x08000298   Section        0  systick.o(i.NVIC_SetPriority)
    NVIC_SetPriority                         0x08000299   Thumb Code    32  systick.o(i.NVIC_SetPriority)
    i.PendSV_Handler                         0x080002c0   Section        0  gd32f4xx_it.o(i.PendSV_Handler)
    i.SDIO_IRQHandler                        0x080002c2   Section        0  gd32f4xx_it.o(i.SDIO_IRQHandler)
    i.SVC_Handler                            0x080002ca   Section        0  gd32f4xx_it.o(i.SVC_Handler)
    i.SysTick_Handler                        0x080002cc   Section        0  gd32f4xx_it.o(i.SysTick_Handler)
    i.SystemInit                             0x080002d4   Section        0  system_gd32f4xx.o(i.SystemInit)
    i.System_Init                            0x080003a8   Section        0  function.o(i.System_Init)
    i.UsageFault_Handler                     0x080003b0   Section        0  gd32f4xx_it.o(i.UsageFault_Handler)
    i.UsrFunction                            0x080003b4   Section        0  function.o(i.UsrFunction)
    i.__0printf$3                            0x080005e8   Section        0  printf3.o(i.__0printf$3)
    i.__scatterload_copy                     0x08000608   Section       14  handlers.o(i.__scatterload_copy)
    i.__scatterload_null                     0x08000616   Section        2  handlers.o(i.__scatterload_null)
    i.__scatterload_zeroinit                 0x08000618   Section       14  handlers.o(i.__scatterload_zeroinit)
    i._printf_core                           0x08000628   Section        0  printf3.o(i._printf_core)
    _printf_core                             0x08000629   Thumb Code   436  printf3.o(i._printf_core)
    i.check_fs                               0x080007e0   Section        0  ff.o(i.check_fs)
    check_fs                                 0x080007e1   Thumb Code   138  ff.o(i.check_fs)
    i.chk_chr                                0x08000870   Section        0  ff.o(i.chk_chr)
    chk_chr                                  0x08000871   Thumb Code    20  ff.o(i.chk_chr)
    i.chk_mounted                            0x08000884   Section        0  ff.o(i.chk_mounted)
    chk_mounted                              0x08000885   Thumb Code   898  ff.o(i.chk_mounted)
    i.clust2sect                             0x08000c18   Section        0  ff.o(i.clust2sect)
    i.cmdsent_error_check                    0x08000c34   Section        0  sdcard.o(i.cmdsent_error_check)
    cmdsent_error_check                      0x08000c35   Thumb Code    40  sdcard.o(i.cmdsent_error_check)
    i.create_chain                           0x08000c64   Section        0  ff.o(i.create_chain)
    create_chain                             0x08000c65   Thumb Code   202  ff.o(i.create_chain)
    i.create_name                            0x08000d30   Section        0  ff.o(i.create_name)
    create_name                              0x08000d31   Thumb Code   336  ff.o(i.create_name)
    i.delay_1ms                              0x08000e90   Section        0  systick.o(i.delay_1ms)
    i.delay_decrement                        0x08000ea4   Section        0  systick.o(i.delay_decrement)
    i.dir_find                               0x08000ebc   Section        0  ff.o(i.dir_find)
    dir_find                                 0x08000ebd   Thumb Code    92  ff.o(i.dir_find)
    i.dir_next                               0x08000f18   Section        0  ff.o(i.dir_next)
    dir_next                                 0x08000f19   Thumb Code   280  ff.o(i.dir_next)
    i.dir_register                           0x08001030   Section        0  ff.o(i.dir_register)
    dir_register                             0x08001031   Thumb Code   110  ff.o(i.dir_register)
    i.dir_sdi                                0x0800109e   Section        0  ff.o(i.dir_sdi)
    dir_sdi                                  0x0800109f   Thumb Code   156  ff.o(i.dir_sdi)
    i.disk_initialize                        0x0800113a   Section        0  diskio.o(i.disk_initialize)
    i.disk_ioctl                             0x080011c0   Section        0  diskio.o(i.disk_ioctl)
    i.disk_read                              0x080011c6   Section        0  diskio.o(i.disk_read)
    i.disk_status                            0x08001216   Section        0  diskio.o(i.disk_status)
    i.disk_write                             0x08001222   Section        0  diskio.o(i.disk_write)
    i.dma_channel_disable                    0x08001272   Section        0  gd32f4xx_dma.o(i.dma_channel_disable)
    i.dma_channel_enable                     0x08001292   Section        0  gd32f4xx_dma.o(i.dma_channel_enable)
    i.dma_channel_subperipheral_select       0x080012b2   Section        0  gd32f4xx_dma.o(i.dma_channel_subperipheral_select)
    i.dma_deinit                             0x080012d8   Section        0  gd32f4xx_dma.o(i.dma_deinit)
    i.dma_flag_clear                         0x0800137e   Section        0  gd32f4xx_dma.o(i.dma_flag_clear)
    i.dma_flag_get                           0x080013bc   Section        0  gd32f4xx_dma.o(i.dma_flag_get)
    i.dma_flow_controller_config             0x08001408   Section        0  gd32f4xx_dma.o(i.dma_flow_controller_config)
    i.dma_multi_data_mode_init               0x08001448   Section        0  gd32f4xx_dma.o(i.dma_multi_data_mode_init)
    i.dma_receive_config                     0x080015ac   Section        0  sdcard.o(i.dma_receive_config)
    dma_receive_config                       0x080015ad   Thumb Code   170  sdcard.o(i.dma_receive_config)
    i.dma_transfer_config                    0x08001660   Section        0  sdcard.o(i.dma_transfer_config)
    dma_transfer_config                      0x08001661   Thumb Code   172  sdcard.o(i.dma_transfer_config)
    i.f_close                                0x08001714   Section        0  ff.o(i.f_close)
    i.f_mount                                0x0800172c   Section        0  ff.o(i.f_mount)
    i.f_open                                 0x08001758   Section        0  ff.o(i.f_open)
    i.f_read                                 0x080018c4   Section        0  ff.o(i.f_read)
    i.f_sync                                 0x08001a92   Section        0  ff.o(i.f_sync)
    i.f_write                                0x08001b4a   Section        0  ff.o(i.f_write)
    i.follow_path                            0x08001d58   Section        0  ff.o(i.follow_path)
    follow_path                              0x08001d59   Thumb Code   158  ff.o(i.follow_path)
    i.fputc                                  0x08001df8   Section        0  usart.o(i.fputc)
    i.gd_eval_com_init                       0x08001e1c   Section        0  usart.o(i.gd_eval_com_init)
    i.get_fat                                0x08001eb0   Section        0  ff.o(i.get_fat)
    i.get_fattime                            0x08001f94   Section        0  diskio.o(i.get_fattime)
    i.gpio_af_set                            0x08001f98   Section        0  gd32f4xx_gpio.o(i.gpio_af_set)
    i.gpio_bit_reset                         0x08001ff6   Section        0  gd32f4xx_gpio.o(i.gpio_bit_reset)
    i.gpio_bit_set                           0x08001ffa   Section        0  gd32f4xx_gpio.o(i.gpio_bit_set)
    i.gpio_config                            0x08002000   Section        0  sdcard.o(i.gpio_config)
    gpio_config                              0x08002001   Thumb Code   106  sdcard.o(i.gpio_config)
    i.gpio_mode_set                          0x08002074   Section        0  gd32f4xx_gpio.o(i.gpio_mode_set)
    i.gpio_output_options_set                0x080020c2   Section        0  gd32f4xx_gpio.o(i.gpio_output_options_set)
    i.main                                   0x08002104   Section        0  main.o(i.main)
    i.mem_cmp                                0x08002112   Section        0  ff.o(i.mem_cmp)
    mem_cmp                                  0x08002113   Thumb Code    38  ff.o(i.mem_cmp)
    i.mem_cpy                                0x08002138   Section        0  ff.o(i.mem_cpy)
    mem_cpy                                  0x08002139   Thumb Code    26  ff.o(i.mem_cpy)
    i.mem_set                                0x08002152   Section        0  ff.o(i.mem_set)
    mem_set                                  0x08002153   Thumb Code    20  ff.o(i.mem_set)
    i.memory_compare                         0x08002166   Section        0  function.o(i.memory_compare)
    i.move_window                            0x0800218a   Section        0  ff.o(i.move_window)
    move_window                              0x0800218b   Thumb Code   114  ff.o(i.move_window)
    i.nvic_config                            0x080021fc   Section        0  function.o(i.nvic_config)
    i.nvic_irq_enable                        0x08002214   Section        0  gd32f4xx_misc.o(i.nvic_irq_enable)
    i.nvic_priority_group_set                0x080022d8   Section        0  gd32f4xx_misc.o(i.nvic_priority_group_set)
    i.put_fat                                0x080022ec   Section        0  ff.o(i.put_fat)
    i.r1_error_check                         0x08002424   Section        0  sdcard.o(i.r1_error_check)
    r1_error_check                           0x08002425   Thumb Code   120  sdcard.o(i.r1_error_check)
    i.r1_error_type_check                    0x080024a8   Section        0  sdcard.o(i.r1_error_type_check)
    r1_error_type_check                      0x080024a9   Thumb Code   174  sdcard.o(i.r1_error_type_check)
    i.r2_error_check                         0x08002558   Section        0  sdcard.o(i.r2_error_check)
    r2_error_check                           0x08002559   Thumb Code    70  sdcard.o(i.r2_error_check)
    i.r3_error_check                         0x080025a8   Section        0  sdcard.o(i.r3_error_check)
    r3_error_check                           0x080025a9   Thumb Code    52  sdcard.o(i.r3_error_check)
    i.r6_error_check                         0x080025e4   Section        0  sdcard.o(i.r6_error_check)
    r6_error_check                           0x080025e5   Thumb Code   158  sdcard.o(i.r6_error_check)
    i.r7_error_check                         0x0800268c   Section        0  sdcard.o(i.r7_error_check)
    r7_error_check                           0x0800268d   Thumb Code    74  sdcard.o(i.r7_error_check)
    i.rcu_clock_freq_get                     0x080026dc   Section        0  gd32f4xx_rcu.o(i.rcu_clock_freq_get)
    i.rcu_config                             0x08002800   Section        0  sdcard.o(i.rcu_config)
    rcu_config                               0x08002801   Thumb Code    36  sdcard.o(i.rcu_config)
    i.rcu_periph_clock_enable                0x08002824   Section        0  gd32f4xx_rcu.o(i.rcu_periph_clock_enable)
    i.rcu_periph_reset_disable               0x08002848   Section        0  gd32f4xx_rcu.o(i.rcu_periph_reset_disable)
    i.rcu_periph_reset_enable                0x0800286c   Section        0  gd32f4xx_rcu.o(i.rcu_periph_reset_enable)
    i.remove_chain                           0x08002890   Section        0  ff.o(i.remove_chain)
    remove_chain                             0x08002891   Thumb Code   104  ff.o(i.remove_chain)
    i.sd_block_read                          0x080028f8   Section        0  sdcard.o(i.sd_block_read)
    i.sd_block_write                         0x08002b10   Section        0  sdcard.o(i.sd_block_write)
    i.sd_bus_mode_config                     0x08002e30   Section        0  sdcard.o(i.sd_bus_mode_config)
    i.sd_bus_width_config                    0x08002ec4   Section        0  sdcard.o(i.sd_bus_width_config)
    sd_bus_width_config                      0x08002ec5   Thumb Code   242  sdcard.o(i.sd_bus_width_config)
    i.sd_card_information_get                0x08002fc0   Section        0  sdcard.o(i.sd_card_information_get)
    i.sd_card_init                           0x08003280   Section        0  sdcard.o(i.sd_card_init)
    i.sd_card_select_deselect                0x0800339c   Section        0  sdcard.o(i.sd_card_select_deselect)
    i.sd_card_state_get                      0x080033c4   Section        0  sdcard.o(i.sd_card_state_get)
    sd_card_state_get                        0x080033c5   Thumb Code   166  sdcard.o(i.sd_card_state_get)
    i.sd_cardstatus_get                      0x0800347c   Section        0  sdcard.o(i.sd_cardstatus_get)
    i.sd_datablocksize_get                   0x080034c4   Section        0  sdcard.o(i.sd_datablocksize_get)
    sd_datablocksize_get                     0x080034c5   Thumb Code    24  sdcard.o(i.sd_datablocksize_get)
    i.sd_init                                0x080034dc   Section        0  sdcard.o(i.sd_init)
    i.sd_interrupts_process                  0x08003524   Section        0  sdcard.o(i.sd_interrupts_process)
    i.sd_multiblocks_read                    0x08003654   Section        0  sdcard.o(i.sd_multiblocks_read)
    i.sd_multiblocks_write                   0x080038f0   Section        0  sdcard.o(i.sd_multiblocks_write)
    i.sd_power_on                            0x08003c88   Section        0  sdcard.o(i.sd_power_on)
    i.sd_scr_get                             0x08003db4   Section        0  sdcard.o(i.sd_scr_get)
    sd_scr_get                               0x08003db5   Thumb Code   344  sdcard.o(i.sd_scr_get)
    i.sd_transfer_mode_config                0x08003f10   Section        0  sdcard.o(i.sd_transfer_mode_config)
    i.sd_transfer_stop                       0x08003f28   Section        0  sdcard.o(i.sd_transfer_stop)
    i.sdio_bus_mode_set                      0x08003f4c   Section        0  gd32f4xx_sdio.o(i.sdio_bus_mode_set)
    i.sdio_clock_config                      0x08003f68   Section        0  gd32f4xx_sdio.o(i.sdio_clock_config)
    i.sdio_clock_enable                      0x08003f9c   Section        0  gd32f4xx_sdio.o(i.sdio_clock_enable)
    i.sdio_command_index_get                 0x08003fb0   Section        0  gd32f4xx_sdio.o(i.sdio_command_index_get)
    i.sdio_command_response_config           0x08003fbc   Section        0  gd32f4xx_sdio.o(i.sdio_command_response_config)
    i.sdio_csm_enable                        0x08003ff4   Section        0  gd32f4xx_sdio.o(i.sdio_csm_enable)
    i.sdio_data_config                       0x08004008   Section        0  gd32f4xx_sdio.o(i.sdio_data_config)
    i.sdio_data_read                         0x08004044   Section        0  gd32f4xx_sdio.o(i.sdio_data_read)
    i.sdio_data_transfer_config              0x08004050   Section        0  gd32f4xx_sdio.o(i.sdio_data_transfer_config)
    i.sdio_data_write                        0x0800406c   Section        0  gd32f4xx_sdio.o(i.sdio_data_write)
    i.sdio_deinit                            0x08004078   Section        0  gd32f4xx_sdio.o(i.sdio_deinit)
    i.sdio_dma_disable                       0x0800408c   Section        0  gd32f4xx_sdio.o(i.sdio_dma_disable)
    i.sdio_dma_enable                        0x080040a0   Section        0  gd32f4xx_sdio.o(i.sdio_dma_enable)
    i.sdio_dsm_disable                       0x080040b4   Section        0  gd32f4xx_sdio.o(i.sdio_dsm_disable)
    i.sdio_dsm_enable                        0x080040c8   Section        0  gd32f4xx_sdio.o(i.sdio_dsm_enable)
    i.sdio_flag_clear                        0x080040dc   Section        0  gd32f4xx_sdio.o(i.sdio_flag_clear)
    i.sdio_flag_get                          0x080040e8   Section        0  gd32f4xx_sdio.o(i.sdio_flag_get)
    i.sdio_hardware_clock_disable            0x080040fc   Section        0  gd32f4xx_sdio.o(i.sdio_hardware_clock_disable)
    i.sdio_interrupt_disable                 0x08004110   Section        0  gd32f4xx_sdio.o(i.sdio_interrupt_disable)
    i.sdio_interrupt_enable                  0x08004120   Section        0  gd32f4xx_sdio.o(i.sdio_interrupt_enable)
    i.sdio_interrupt_flag_clear              0x08004130   Section        0  gd32f4xx_sdio.o(i.sdio_interrupt_flag_clear)
    i.sdio_interrupt_flag_get                0x0800413c   Section        0  gd32f4xx_sdio.o(i.sdio_interrupt_flag_get)
    i.sdio_power_state_get                   0x08004150   Section        0  gd32f4xx_sdio.o(i.sdio_power_state_get)
    i.sdio_power_state_set                   0x0800415c   Section        0  gd32f4xx_sdio.o(i.sdio_power_state_set)
    i.sdio_response_get                      0x08004168   Section        0  gd32f4xx_sdio.o(i.sdio_response_get)
    i.sdio_wait_type_set                     0x080041a4   Section        0  gd32f4xx_sdio.o(i.sdio_wait_type_set)
    i.sync                                   0x080041c0   Section        0  ff.o(i.sync)
    sync                                     0x080041c1   Thumb Code   202  ff.o(i.sync)
    i.system_clock_240m_25m_hxtal            0x0800428c   Section        0  system_gd32f4xx.o(i.system_clock_240m_25m_hxtal)
    system_clock_240m_25m_hxtal              0x0800428d   Thumb Code   250  system_gd32f4xx.o(i.system_clock_240m_25m_hxtal)
    i.system_clock_config                    0x08004394   Section        0  system_gd32f4xx.o(i.system_clock_config)
    system_clock_config                      0x08004395   Thumb Code     8  system_gd32f4xx.o(i.system_clock_config)
    i.systick_config                         0x0800439c   Section        0  systick.o(i.systick_config)
    i.usart_baudrate_set                     0x080043ec   Section        0  gd32f4xx_usart.o(i.usart_baudrate_set)
    i.usart_data_receive                     0x080044d4   Section        0  gd32f4xx_usart.o(i.usart_data_receive)
    i.usart_data_transmit                    0x080044de   Section        0  gd32f4xx_usart.o(i.usart_data_transmit)
    i.usart_deinit                           0x080044e8   Section        0  gd32f4xx_usart.o(i.usart_deinit)
    i.usart_enable                           0x080045c4   Section        0  gd32f4xx_usart.o(i.usart_enable)
    i.usart_flag_get                         0x080045ce   Section        0  gd32f4xx_usart.o(i.usart_flag_get)
    i.usart_receive_config                   0x080045ec   Section        0  gd32f4xx_usart.o(i.usart_receive_config)
    i.usart_transmit_config                  0x080045fc   Section        0  gd32f4xx_usart.o(i.usart_transmit_config)
    i.validate                               0x0800460c   Section        0  ff.o(i.validate)
    validate                                 0x0800460d   Thumb Code    42  ff.o(i.validate)
    i.write_file                             0x08004638   Section        0  function.o(i.write_file)
    .data                                    0x20000000   Section        4  systick.o(.data)
    delay                                    0x20000000   Data           4  systick.o(.data)
    .data                                    0x20000004   Section       36  sdcard.o(.data)
    cardtype                                 0x2000000c   Data           1  sdcard.o(.data)
    sd_rca                                   0x2000000e   Data           2  sdcard.o(.data)
    transmode                                0x20000010   Data           4  sdcard.o(.data)
    totalnumber_bytes                        0x20000014   Data           4  sdcard.o(.data)
    stopcondition                            0x20000018   Data           4  sdcard.o(.data)
    transerror                               0x2000001c   Data           1  sdcard.o(.data)
    transend                                 0x20000020   Data           4  sdcard.o(.data)
    number_bytes                             0x20000024   Data           4  sdcard.o(.data)
    .data                                    0x20000028   Section       20  function.o(.data)
    .data                                    0x2000003c   Section        4  system_gd32f4xx.o(.data)
    .data                                    0x20000040   Section        6  ff.o(.data)
    FatFs                                    0x20000040   Data           4  ff.o(.data)
    Fsid                                     0x20000044   Data           2  ff.o(.data)
    .data                                    0x20000048   Section        4  stdout.o(.data)
    .bss                                     0x2000004c   Section       32  sdcard.o(.bss)
    sd_csd                                   0x2000004c   Data          16  sdcard.o(.bss)
    sd_cid                                   0x2000005c   Data          16  sdcard.o(.bss)
    .bss                                     0x2000006c   Section     1876  function.o(.bss)
    STACK                                    0x200007c0   Section     1024  startup_gd32f450_470.o(STACK)

    Global Symbols

    Symbol Name                              Value     Ov Type        Size  Object(Section)

    BuildAttributes$$THM_ISAv4$E$P$D$K$B$S$7EM$VFPi3$EXTD16$VFPS$VFMA$PE$A:L22UL41UL21$X:L11$S22US41US21$IEEE1$IW$USESV6$~STKCKD$USESV7$~SHL$OSPACE$ROPI$EBA8$MICROLIB$REQ8$PRES8$EABIv2 0x00000000   Number         0  anon$$obj.o ABSOLUTE
    __ARM_use_no_argv                        0x00000000   Number         0  main.o ABSOLUTE
    _printf_a                                0x00000000   Number         0  stubs.o ABSOLUTE
    _printf_c                                0x00000000   Number         0  stubs.o ABSOLUTE
    _printf_charcount                        0x00000000   Number         0  stubs.o ABSOLUTE
    _printf_d                                0x00000000   Number         0  stubs.o ABSOLUTE
    _printf_e                                0x00000000   Number         0  stubs.o ABSOLUTE
    _printf_f                                0x00000000   Number         0  stubs.o ABSOLUTE
    _printf_flags                            0x00000000   Number         0  stubs.o ABSOLUTE
    _printf_fp_dec                           0x00000000   Number         0  stubs.o ABSOLUTE
    _printf_fp_hex                           0x00000000   Number         0  stubs.o ABSOLUTE
    _printf_g                                0x00000000   Number         0  stubs.o ABSOLUTE
    _printf_i                                0x00000000   Number         0  stubs.o ABSOLUTE
    _printf_int_dec                          0x00000000   Number         0  stubs.o ABSOLUTE
    _printf_l                                0x00000000   Number         0  stubs.o ABSOLUTE
    _printf_lc                               0x00000000   Number         0  stubs.o ABSOLUTE
    _printf_ll                               0x00000000   Number         0  stubs.o ABSOLUTE
    _printf_lld                              0x00000000   Number         0  stubs.o ABSOLUTE
    _printf_lli                              0x00000000   Number         0  stubs.o ABSOLUTE
    _printf_llo                              0x00000000   Number         0  stubs.o ABSOLUTE
    _printf_llu                              0x00000000   Number         0  stubs.o ABSOLUTE
    _printf_llx                              0x00000000   Number         0  stubs.o ABSOLUTE
    _printf_longlong_dec                     0x00000000   Number         0  stubs.o ABSOLUTE
    _printf_longlong_hex                     0x00000000   Number         0  stubs.o ABSOLUTE
    _printf_longlong_oct                     0x00000000   Number         0  stubs.o ABSOLUTE
    _printf_ls                               0x00000000   Number         0  stubs.o ABSOLUTE
    _printf_mbtowc                           0x00000000   Number         0  stubs.o ABSOLUTE
    _printf_n                                0x00000000   Number         0  stubs.o ABSOLUTE
    _printf_o                                0x00000000   Number         0  stubs.o ABSOLUTE
    _printf_p                                0x00000000   Number         0  stubs.o ABSOLUTE
    _printf_percent                          0x00000000   Number         0  stubs.o ABSOLUTE
    _printf_pre_padding                      0x00000000   Number         0  stubs.o ABSOLUTE
    _printf_return_value                     0x00000000   Number         0  stubs.o ABSOLUTE
    _printf_s                                0x00000000   Number         0  stubs.o ABSOLUTE
    _printf_sizespec                         0x00000000   Number         0  stubs.o ABSOLUTE
    _printf_str                              0x00000000   Number         0  stubs.o ABSOLUTE
    _printf_truncate_signed                  0x00000000   Number         0  stubs.o ABSOLUTE
    _printf_truncate_unsigned                0x00000000   Number         0  stubs.o ABSOLUTE
    _printf_u                                0x00000000   Number         0  stubs.o ABSOLUTE
    _printf_wc                               0x00000000   Number         0  stubs.o ABSOLUTE
    _printf_wctomb                           0x00000000   Number         0  stubs.o ABSOLUTE
    _printf_widthprec                        0x00000000   Number         0  stubs.o ABSOLUTE
    _printf_x                                0x00000000   Number         0  stubs.o ABSOLUTE
    __cpp_initialize__aeabi_                  - Undefined Weak Reference
    __cxa_finalize                            - Undefined Weak Reference
    __decompress                              - Undefined Weak Reference
    _clock_init                               - Undefined Weak Reference
    _microlib_exit                            - Undefined Weak Reference
    __Vectors_Size                           0x000001ac   Number         0  startup_gd32f450_470.o ABSOLUTE
    __Vectors                                0x08000000   Data           4  startup_gd32f450_470.o(RESET)
    __Vectors_End                            0x080001ac   Data           0  startup_gd32f450_470.o(RESET)
    __main                                   0x080001ad   Thumb Code     0  entry.o(.ARM.Collect$$$$00000000)
    _main_stk                                0x080001ad   Thumb Code     0  entry2.o(.ARM.Collect$$$$00000001)
    _main_scatterload                        0x080001b1   Thumb Code     0  entry5.o(.ARM.Collect$$$$00000004)
    __main_after_scatterload                 0x080001b5   Thumb Code     0  entry5.o(.ARM.Collect$$$$00000004)
    _main_clock                              0x080001b5   Thumb Code     0  entry7b.o(.ARM.Collect$$$$00000008)
    _main_cpp_init                           0x080001b5   Thumb Code     0  entry8b.o(.ARM.Collect$$$$0000000A)
    _main_init                               0x080001b5   Thumb Code     0  entry9a.o(.ARM.Collect$$$$0000000B)
    __rt_final_cpp                           0x080001bd   Thumb Code     0  entry10a.o(.ARM.Collect$$$$0000000D)
    __rt_final_exit                          0x080001bd   Thumb Code     0  entry11a.o(.ARM.Collect$$$$0000000F)
    Reset_Handler                            0x080001c1   Thumb Code     8  startup_gd32f450_470.o(.text)
    ADC_IRQHandler                           0x080001db   Thumb Code     0  startup_gd32f450_470.o(.text)
    CAN0_EWMC_IRQHandler                     0x080001db   Thumb Code     0  startup_gd32f450_470.o(.text)
    CAN0_RX0_IRQHandler                      0x080001db   Thumb Code     0  startup_gd32f450_470.o(.text)
    CAN0_RX1_IRQHandler                      0x080001db   Thumb Code     0  startup_gd32f450_470.o(.text)
    CAN0_TX_IRQHandler                       0x080001db   Thumb Code     0  startup_gd32f450_470.o(.text)
    CAN1_EWMC_IRQHandler                     0x080001db   Thumb Code     0  startup_gd32f450_470.o(.text)
    CAN1_RX0_IRQHandler                      0x080001db   Thumb Code     0  startup_gd32f450_470.o(.text)
    CAN1_RX1_IRQHandler                      0x080001db   Thumb Code     0  startup_gd32f450_470.o(.text)
    CAN1_TX_IRQHandler                       0x080001db   Thumb Code     0  startup_gd32f450_470.o(.text)
    DCI_IRQHandler                           0x080001db   Thumb Code     0  startup_gd32f450_470.o(.text)
    DMA0_Channel0_IRQHandler                 0x080001db   Thumb Code     0  startup_gd32f450_470.o(.text)
    DMA0_Channel1_IRQHandler                 0x080001db   Thumb Code     0  startup_gd32f450_470.o(.text)
    DMA0_Channel2_IRQHandler                 0x080001db   Thumb Code     0  startup_gd32f450_470.o(.text)
    DMA0_Channel3_IRQHandler                 0x080001db   Thumb Code     0  startup_gd32f450_470.o(.text)
    DMA0_Channel4_IRQHandler                 0x080001db   Thumb Code     0  startup_gd32f450_470.o(.text)
    DMA0_Channel5_IRQHandler                 0x080001db   Thumb Code     0  startup_gd32f450_470.o(.text)
    DMA0_Channel6_IRQHandler                 0x080001db   Thumb Code     0  startup_gd32f450_470.o(.text)
    DMA0_Channel7_IRQHandler                 0x080001db   Thumb Code     0  startup_gd32f450_470.o(.text)
    DMA1_Channel0_IRQHandler                 0x080001db   Thumb Code     0  startup_gd32f450_470.o(.text)
    DMA1_Channel1_IRQHandler                 0x080001db   Thumb Code     0  startup_gd32f450_470.o(.text)
    DMA1_Channel2_IRQHandler                 0x080001db   Thumb Code     0  startup_gd32f450_470.o(.text)
    DMA1_Channel3_IRQHandler                 0x080001db   Thumb Code     0  startup_gd32f450_470.o(.text)
    DMA1_Channel4_IRQHandler                 0x080001db   Thumb Code     0  startup_gd32f450_470.o(.text)
    DMA1_Channel5_IRQHandler                 0x080001db   Thumb Code     0  startup_gd32f450_470.o(.text)
    DMA1_Channel6_IRQHandler                 0x080001db   Thumb Code     0  startup_gd32f450_470.o(.text)
    DMA1_Channel7_IRQHandler                 0x080001db   Thumb Code     0  startup_gd32f450_470.o(.text)
    ENET_IRQHandler                          0x080001db   Thumb Code     0  startup_gd32f450_470.o(.text)
    ENET_WKUP_IRQHandler                     0x080001db   Thumb Code     0  startup_gd32f450_470.o(.text)
    EXMC_IRQHandler                          0x080001db   Thumb Code     0  startup_gd32f450_470.o(.text)
    EXTI0_IRQHandler                         0x080001db   Thumb Code     0  startup_gd32f450_470.o(.text)
    EXTI10_15_IRQHandler                     0x080001db   Thumb Code     0  startup_gd32f450_470.o(.text)
    EXTI1_IRQHandler                         0x080001db   Thumb Code     0  startup_gd32f450_470.o(.text)
    EXTI2_IRQHandler                         0x080001db   Thumb Code     0  startup_gd32f450_470.o(.text)
    EXTI3_IRQHandler                         0x080001db   Thumb Code     0  startup_gd32f450_470.o(.text)
    EXTI4_IRQHandler                         0x080001db   Thumb Code     0  startup_gd32f450_470.o(.text)
    EXTI5_9_IRQHandler                       0x080001db   Thumb Code     0  startup_gd32f450_470.o(.text)
    FMC_IRQHandler                           0x080001db   Thumb Code     0  startup_gd32f450_470.o(.text)
    FPU_IRQHandler                           0x080001db   Thumb Code     0  startup_gd32f450_470.o(.text)
    I2C0_ER_IRQHandler                       0x080001db   Thumb Code     0  startup_gd32f450_470.o(.text)
    I2C0_EV_IRQHandler                       0x080001db   Thumb Code     0  startup_gd32f450_470.o(.text)
    I2C1_ER_IRQHandler                       0x080001db   Thumb Code     0  startup_gd32f450_470.o(.text)
    I2C1_EV_IRQHandler                       0x080001db   Thumb Code     0  startup_gd32f450_470.o(.text)
    I2C2_ER_IRQHandler                       0x080001db   Thumb Code     0  startup_gd32f450_470.o(.text)
    I2C2_EV_IRQHandler                       0x080001db   Thumb Code     0  startup_gd32f450_470.o(.text)
    IPA_IRQHandler                           0x080001db   Thumb Code     0  startup_gd32f450_470.o(.text)
    LVD_IRQHandler                           0x080001db   Thumb Code     0  startup_gd32f450_470.o(.text)
    RCU_CTC_IRQHandler                       0x080001db   Thumb Code     0  startup_gd32f450_470.o(.text)
    RTC_Alarm_IRQHandler                     0x080001db   Thumb Code     0  startup_gd32f450_470.o(.text)
    RTC_WKUP_IRQHandler                      0x080001db   Thumb Code     0  startup_gd32f450_470.o(.text)
    SPI0_IRQHandler                          0x080001db   Thumb Code     0  startup_gd32f450_470.o(.text)
    SPI1_IRQHandler                          0x080001db   Thumb Code     0  startup_gd32f450_470.o(.text)
    SPI2_IRQHandler                          0x080001db   Thumb Code     0  startup_gd32f450_470.o(.text)
    SPI3_IRQHandler                          0x080001db   Thumb Code     0  startup_gd32f450_470.o(.text)
    SPI4_IRQHandler                          0x080001db   Thumb Code     0  startup_gd32f450_470.o(.text)
    SPI5_IRQHandler                          0x080001db   Thumb Code     0  startup_gd32f450_470.o(.text)
    TAMPER_STAMP_IRQHandler                  0x080001db   Thumb Code     0  startup_gd32f450_470.o(.text)
    TIMER0_BRK_TIMER8_IRQHandler             0x080001db   Thumb Code     0  startup_gd32f450_470.o(.text)
    TIMER0_Channel_IRQHandler                0x080001db   Thumb Code     0  startup_gd32f450_470.o(.text)
    TIMER0_TRG_CMT_TIMER10_IRQHandler        0x080001db   Thumb Code     0  startup_gd32f450_470.o(.text)
    TIMER0_UP_TIMER9_IRQHandler              0x080001db   Thumb Code     0  startup_gd32f450_470.o(.text)
    TIMER1_IRQHandler                        0x080001db   Thumb Code     0  startup_gd32f450_470.o(.text)
    TIMER2_IRQHandler                        0x080001db   Thumb Code     0  startup_gd32f450_470.o(.text)
    TIMER3_IRQHandler                        0x080001db   Thumb Code     0  startup_gd32f450_470.o(.text)
    TIMER4_IRQHandler                        0x080001db   Thumb Code     0  startup_gd32f450_470.o(.text)
    TIMER5_DAC_IRQHandler                    0x080001db   Thumb Code     0  startup_gd32f450_470.o(.text)
    TIMER6_IRQHandler                        0x080001db   Thumb Code     0  startup_gd32f450_470.o(.text)
    TIMER7_BRK_TIMER11_IRQHandler            0x080001db   Thumb Code     0  startup_gd32f450_470.o(.text)
    TIMER7_Channel_IRQHandler                0x080001db   Thumb Code     0  startup_gd32f450_470.o(.text)
    TIMER7_TRG_CMT_TIMER13_IRQHandler        0x080001db   Thumb Code     0  startup_gd32f450_470.o(.text)
    TIMER7_UP_TIMER12_IRQHandler             0x080001db   Thumb Code     0  startup_gd32f450_470.o(.text)
    TLI_ER_IRQHandler                        0x080001db   Thumb Code     0  startup_gd32f450_470.o(.text)
    TLI_IRQHandler                           0x080001db   Thumb Code     0  startup_gd32f450_470.o(.text)
    TRNG_IRQHandler                          0x080001db   Thumb Code     0  startup_gd32f450_470.o(.text)
    UART3_IRQHandler                         0x080001db   Thumb Code     0  startup_gd32f450_470.o(.text)
    UART4_IRQHandler                         0x080001db   Thumb Code     0  startup_gd32f450_470.o(.text)
    UART6_IRQHandler                         0x080001db   Thumb Code     0  startup_gd32f450_470.o(.text)
    UART7_IRQHandler                         0x080001db   Thumb Code     0  startup_gd32f450_470.o(.text)
    USART0_IRQHandler                        0x080001db   Thumb Code     0  startup_gd32f450_470.o(.text)
    USART1_IRQHandler                        0x080001db   Thumb Code     0  startup_gd32f450_470.o(.text)
    USART2_IRQHandler                        0x080001db   Thumb Code     0  startup_gd32f450_470.o(.text)
    USART5_IRQHandler                        0x080001db   Thumb Code     0  startup_gd32f450_470.o(.text)
    USBFS_IRQHandler                         0x080001db   Thumb Code     0  startup_gd32f450_470.o(.text)
    USBFS_WKUP_IRQHandler                    0x080001db   Thumb Code     0  startup_gd32f450_470.o(.text)
    USBHS_EP1_In_IRQHandler                  0x080001db   Thumb Code     0  startup_gd32f450_470.o(.text)
    USBHS_EP1_Out_IRQHandler                 0x080001db   Thumb Code     0  startup_gd32f450_470.o(.text)
    USBHS_IRQHandler                         0x080001db   Thumb Code     0  startup_gd32f450_470.o(.text)
    USBHS_WKUP_IRQHandler                    0x080001db   Thumb Code     0  startup_gd32f450_470.o(.text)
    WWDGT_IRQHandler                         0x080001db   Thumb Code     0  startup_gd32f450_470.o(.text)
    __aeabi_uidiv                            0x080001e5   Thumb Code     0  uidiv.o(.text)
    __aeabi_uidivmod                         0x080001e5   Thumb Code    44  uidiv.o(.text)
    __scatterload                            0x08000211   Thumb Code    28  init.o(.text)
    __scatterload_rt2                        0x08000211   Thumb Code     0  init.o(.text)
    BusFault_Handler                         0x08000235   Thumb Code     4  gd32f4xx_it.o(i.BusFault_Handler)
    DebugMon_Handler                         0x08000239   Thumb Code     2  gd32f4xx_it.o(i.DebugMon_Handler)
    HardFault_Handler                        0x0800023b   Thumb Code     4  gd32f4xx_it.o(i.HardFault_Handler)
    LED_Init                                 0x08000241   Thumb Code    76  led.o(i.LED_Init)
    MemManage_Handler                        0x08000291   Thumb Code     4  gd32f4xx_it.o(i.MemManage_Handler)
    NMI_Handler                              0x08000295   Thumb Code     2  gd32f4xx_it.o(i.NMI_Handler)
    PendSV_Handler                           0x080002c1   Thumb Code     2  gd32f4xx_it.o(i.PendSV_Handler)
    SDIO_IRQHandler                          0x080002c3   Thumb Code     8  gd32f4xx_it.o(i.SDIO_IRQHandler)
    SVC_Handler                              0x080002cb   Thumb Code     2  gd32f4xx_it.o(i.SVC_Handler)
    SysTick_Handler                          0x080002cd   Thumb Code     8  gd32f4xx_it.o(i.SysTick_Handler)
    SystemInit                               0x080002d5   Thumb Code   194  system_gd32f4xx.o(i.SystemInit)
    System_Init                              0x080003a9   Thumb Code     8  function.o(i.System_Init)
    UsageFault_Handler                       0x080003b1   Thumb Code     4  gd32f4xx_it.o(i.UsageFault_Handler)
    UsrFunction                              0x080003b5   Thumb Code   290  function.o(i.UsrFunction)
    __0printf$3                              0x080005e9   Thumb Code    22  printf3.o(i.__0printf$3)
    __1printf$3                              0x080005e9   Thumb Code     0  printf3.o(i.__0printf$3)
    __2printf                                0x080005e9   Thumb Code     0  printf3.o(i.__0printf$3)
    __scatterload_copy                       0x08000609   Thumb Code    14  handlers.o(i.__scatterload_copy)
    __scatterload_null                       0x08000617   Thumb Code     2  handlers.o(i.__scatterload_null)
    __scatterload_zeroinit                   0x08000619   Thumb Code    14  handlers.o(i.__scatterload_zeroinit)
    clust2sect                               0x08000c19   Thumb Code    26  ff.o(i.clust2sect)
    delay_1ms                                0x08000e91   Thumb Code    16  systick.o(i.delay_1ms)
    delay_decrement                          0x08000ea5   Thumb Code    18  systick.o(i.delay_decrement)
    disk_initialize                          0x0800113b   Thumb Code   134  diskio.o(i.disk_initialize)
    disk_ioctl                               0x080011c1   Thumb Code     6  diskio.o(i.disk_ioctl)
    disk_read                                0x080011c7   Thumb Code    80  diskio.o(i.disk_read)
    disk_status                              0x08001217   Thumb Code    12  diskio.o(i.disk_status)
    disk_write                               0x08001223   Thumb Code    80  diskio.o(i.disk_write)
    dma_channel_disable                      0x08001273   Thumb Code    32  gd32f4xx_dma.o(i.dma_channel_disable)
    dma_channel_enable                       0x08001293   Thumb Code    32  gd32f4xx_dma.o(i.dma_channel_enable)
    dma_channel_subperipheral_select         0x080012b3   Thumb Code    38  gd32f4xx_dma.o(i.dma_channel_subperipheral_select)
    dma_deinit                               0x080012d9   Thumb Code   166  gd32f4xx_dma.o(i.dma_deinit)
    dma_flag_clear                           0x0800137f   Thumb Code    62  gd32f4xx_dma.o(i.dma_flag_clear)
    dma_flag_get                             0x080013bd   Thumb Code    76  gd32f4xx_dma.o(i.dma_flag_get)
    dma_flow_controller_config               0x08001409   Thumb Code    64  gd32f4xx_dma.o(i.dma_flow_controller_config)
    dma_multi_data_mode_init                 0x08001449   Thumb Code   352  gd32f4xx_dma.o(i.dma_multi_data_mode_init)
    f_close                                  0x08001715   Thumb Code    22  ff.o(i.f_close)
    f_mount                                  0x0800172d   Thumb Code    38  ff.o(i.f_mount)
    f_open                                   0x08001759   Thumb Code   364  ff.o(i.f_open)
    f_read                                   0x080018c5   Thumb Code   462  ff.o(i.f_read)
    f_sync                                   0x08001a93   Thumb Code   184  ff.o(i.f_sync)
    f_write                                  0x08001b4b   Thumb Code   526  ff.o(i.f_write)
    fputc                                    0x08001df9   Thumb Code    32  usart.o(i.fputc)
    gd_eval_com_init                         0x08001e1d   Thumb Code   138  usart.o(i.gd_eval_com_init)
    get_fat                                  0x08001eb1   Thumb Code   228  ff.o(i.get_fat)
    get_fattime                              0x08001f95   Thumb Code     4  diskio.o(i.get_fattime)
    gpio_af_set                              0x08001f99   Thumb Code    94  gd32f4xx_gpio.o(i.gpio_af_set)
    gpio_bit_reset                           0x08001ff7   Thumb Code     4  gd32f4xx_gpio.o(i.gpio_bit_reset)
    gpio_bit_set                             0x08001ffb   Thumb Code     4  gd32f4xx_gpio.o(i.gpio_bit_set)
    gpio_mode_set                            0x08002075   Thumb Code    78  gd32f4xx_gpio.o(i.gpio_mode_set)
    gpio_output_options_set                  0x080020c3   Thumb Code    66  gd32f4xx_gpio.o(i.gpio_output_options_set)
    main                                     0x08002105   Thumb Code    14  main.o(i.main)
    memory_compare                           0x08002167   Thumb Code    36  function.o(i.memory_compare)
    nvic_config                              0x080021fd   Thumb Code    22  function.o(i.nvic_config)
    nvic_irq_enable                          0x08002215   Thumb Code   186  gd32f4xx_misc.o(i.nvic_irq_enable)
    nvic_priority_group_set                  0x080022d9   Thumb Code    10  gd32f4xx_misc.o(i.nvic_priority_group_set)
    put_fat                                  0x080022ed   Thumb Code   310  ff.o(i.put_fat)
    rcu_clock_freq_get                       0x080026dd   Thumb Code   264  gd32f4xx_rcu.o(i.rcu_clock_freq_get)
    rcu_periph_clock_enable                  0x08002825   Thumb Code    32  gd32f4xx_rcu.o(i.rcu_periph_clock_enable)
    rcu_periph_reset_disable                 0x08002849   Thumb Code    32  gd32f4xx_rcu.o(i.rcu_periph_reset_disable)
    rcu_periph_reset_enable                  0x0800286d   Thumb Code    32  gd32f4xx_rcu.o(i.rcu_periph_reset_enable)
    sd_block_read                            0x080028f9   Thumb Code   500  sdcard.o(i.sd_block_read)
    sd_block_write                           0x08002b11   Thumb Code   760  sdcard.o(i.sd_block_write)
    sd_bus_mode_config                       0x08002e31   Thumb Code   144  sdcard.o(i.sd_bus_mode_config)
    sd_card_information_get                  0x08002fc1   Thumb Code   686  sdcard.o(i.sd_card_information_get)
    sd_card_init                             0x08003281   Thumb Code   268  sdcard.o(i.sd_card_init)
    sd_card_select_deselect                  0x0800339d   Thumb Code    38  sdcard.o(i.sd_card_select_deselect)
    sd_cardstatus_get                        0x0800347d   Thumb Code    66  sdcard.o(i.sd_cardstatus_get)
    sd_init                                  0x080034dd   Thumb Code    70  sdcard.o(i.sd_init)
    sd_interrupts_process                    0x08003525   Thumb Code   286  sdcard.o(i.sd_interrupts_process)
    sd_multiblocks_read                      0x08003655   Thumb Code   632  sdcard.o(i.sd_multiblocks_read)
    sd_multiblocks_write                     0x080038f1   Thumb Code   878  sdcard.o(i.sd_multiblocks_write)
    sd_power_on                              0x08003c89   Thumb Code   290  sdcard.o(i.sd_power_on)
    sd_transfer_mode_config                  0x08003f11   Thumb Code    20  sdcard.o(i.sd_transfer_mode_config)
    sd_transfer_stop                         0x08003f29   Thumb Code    36  sdcard.o(i.sd_transfer_stop)
    sdio_bus_mode_set                        0x08003f4d   Thumb Code    22  gd32f4xx_sdio.o(i.sdio_bus_mode_set)
    sdio_clock_config                        0x08003f69   Thumb Code    44  gd32f4xx_sdio.o(i.sdio_clock_config)
    sdio_clock_enable                        0x08003f9d   Thumb Code    14  gd32f4xx_sdio.o(i.sdio_clock_enable)
    sdio_command_index_get                   0x08003fb1   Thumb Code     8  gd32f4xx_sdio.o(i.sdio_command_index_get)
    sdio_command_response_config             0x08003fbd   Thumb Code    52  gd32f4xx_sdio.o(i.sdio_command_response_config)
    sdio_csm_enable                          0x08003ff5   Thumb Code    14  gd32f4xx_sdio.o(i.sdio_csm_enable)
    sdio_data_config                         0x08004009   Thumb Code    54  gd32f4xx_sdio.o(i.sdio_data_config)
    sdio_data_read                           0x08004045   Thumb Code     6  gd32f4xx_sdio.o(i.sdio_data_read)
    sdio_data_transfer_config                0x08004051   Thumb Code    24  gd32f4xx_sdio.o(i.sdio_data_transfer_config)
    sdio_data_write                          0x0800406d   Thumb Code     6  gd32f4xx_sdio.o(i.sdio_data_write)
    sdio_deinit                              0x08004079   Thumb Code    20  gd32f4xx_sdio.o(i.sdio_deinit)
    sdio_dma_disable                         0x0800408d   Thumb Code    14  gd32f4xx_sdio.o(i.sdio_dma_disable)
    sdio_dma_enable                          0x080040a1   Thumb Code    14  gd32f4xx_sdio.o(i.sdio_dma_enable)
    sdio_dsm_disable                         0x080040b5   Thumb Code    14  gd32f4xx_sdio.o(i.sdio_dsm_disable)
    sdio_dsm_enable                          0x080040c9   Thumb Code    14  gd32f4xx_sdio.o(i.sdio_dsm_enable)
    sdio_flag_clear                          0x080040dd   Thumb Code     6  gd32f4xx_sdio.o(i.sdio_flag_clear)
    sdio_flag_get                            0x080040e9   Thumb Code    16  gd32f4xx_sdio.o(i.sdio_flag_get)
    sdio_hardware_clock_disable              0x080040fd   Thumb Code    14  gd32f4xx_sdio.o(i.sdio_hardware_clock_disable)
    sdio_interrupt_disable                   0x08004111   Thumb Code    12  gd32f4xx_sdio.o(i.sdio_interrupt_disable)
    sdio_interrupt_enable                    0x08004121   Thumb Code    12  gd32f4xx_sdio.o(i.sdio_interrupt_enable)
    sdio_interrupt_flag_clear                0x08004131   Thumb Code     6  gd32f4xx_sdio.o(i.sdio_interrupt_flag_clear)
    sdio_interrupt_flag_get                  0x0800413d   Thumb Code    16  gd32f4xx_sdio.o(i.sdio_interrupt_flag_get)
    sdio_power_state_get                     0x08004151   Thumb Code     6  gd32f4xx_sdio.o(i.sdio_power_state_get)
    sdio_power_state_set                     0x0800415d   Thumb Code     6  gd32f4xx_sdio.o(i.sdio_power_state_set)
    sdio_response_get                        0x08004169   Thumb Code    56  gd32f4xx_sdio.o(i.sdio_response_get)
    sdio_wait_type_set                       0x080041a5   Thumb Code    22  gd32f4xx_sdio.o(i.sdio_wait_type_set)
    systick_config                           0x0800439d   Thumb Code    74  systick.o(i.systick_config)
    usart_baudrate_set                       0x080043ed   Thumb Code   224  gd32f4xx_usart.o(i.usart_baudrate_set)
    usart_data_receive                       0x080044d5   Thumb Code    10  gd32f4xx_usart.o(i.usart_data_receive)
    usart_data_transmit                      0x080044df   Thumb Code     8  gd32f4xx_usart.o(i.usart_data_transmit)
    usart_deinit                             0x080044e9   Thumb Code   210  gd32f4xx_usart.o(i.usart_deinit)
    usart_enable                             0x080045c5   Thumb Code    10  gd32f4xx_usart.o(i.usart_enable)
    usart_flag_get                           0x080045cf   Thumb Code    30  gd32f4xx_usart.o(i.usart_flag_get)
    usart_receive_config                     0x080045ed   Thumb Code    16  gd32f4xx_usart.o(i.usart_receive_config)
    usart_transmit_config                    0x080045fd   Thumb Code    16  gd32f4xx_usart.o(i.usart_transmit_config)
    write_file                               0x08004639   Thumb Code    66  function.o(i.write_file)
    Region$$Table$$Base                      0x080046a8   Number         0  anon$$obj.o(Region$$Table)
    Region$$Table$$Limit                     0x080046c8   Number         0  anon$$obj.o(Region$$Table)
    sd_scr                                   0x20000004   Data           8  sdcard.o(.data)
    flash_id                                 0x20000028   Data           4  function.o(.data)
    i                                        0x2000002c   Data           2  function.o(.data)
    count                                    0x2000002e   Data           2  function.o(.data)
    result                                   0x20000030   Data           2  function.o(.data)
    is_successful                            0x20000032   Data           1  function.o(.data)
    br                                       0x20000034   Data           4  function.o(.data)
    bw                                       0x20000038   Data           4  function.o(.data)
    SystemCoreClock                          0x2000003c   Data           4  system_gd32f4xx.o(.data)
    __stdout                                 0x20000048   Data           4  stdout.o(.data)
    tx_buffer                                0x2000006c   Data         256  function.o(.bss)
    rx_buffer                                0x2000016c   Data         256  function.o(.bss)
    fdst                                     0x2000026c   Data         548  function.o(.bss)
    fs                                       0x20000490   Data         560  function.o(.bss)
    buffer                                   0x200006c0   Data         128  function.o(.bss)
    filebuffer                               0x20000740   Data         128  function.o(.bss)
    __initial_sp                             0x20000bc0   Data           0  startup_gd32f450_470.o(STACK)



==============================================================================

Memory Map of the image

  Image Entry point : 0x080001ad

  Load Region LR_IROM1 (Base: 0x08000000, Size: 0x00004714, Max: 0x00080000, ABSOLUTE)

    Execution Region ER_IROM1 (Exec base: 0x08000000, Load base: 0x08000000, Size: 0x000046c8, Max: 0x00080000, ABSOLUTE)

    Exec Addr    Load Addr    Size         Type   Attr      Idx    E Section Name        Object

    0x08000000   0x08000000   0x000001ac   Data   RO         6153    RESET               startup_gd32f450_470.o
    0x080001ac   0x080001ac   0x00000000   Code   RO         6443  * .ARM.Collect$$$$00000000  mc_w.l(entry.o)
    0x080001ac   0x080001ac   0x00000004   Code   RO         6707    .ARM.Collect$$$$00000001  mc_w.l(entry2.o)
    0x080001b0   0x080001b0   0x00000004   Code   RO         6710    .ARM.Collect$$$$00000004  mc_w.l(entry5.o)
    0x080001b4   0x080001b4   0x00000000   Code   RO         6712    .ARM.Collect$$$$00000008  mc_w.l(entry7b.o)
    0x080001b4   0x080001b4   0x00000000   Code   RO         6714    .ARM.Collect$$$$0000000A  mc_w.l(entry8b.o)
    0x080001b4   0x080001b4   0x00000008   Code   RO         6715    .ARM.Collect$$$$0000000B  mc_w.l(entry9a.o)
    0x080001bc   0x080001bc   0x00000000   Code   RO         6717    .ARM.Collect$$$$0000000D  mc_w.l(entry10a.o)
    0x080001bc   0x080001bc   0x00000000   Code   RO         6719    .ARM.Collect$$$$0000000F  mc_w.l(entry11a.o)
    0x080001bc   0x080001bc   0x00000004   Code   RO         6708    .ARM.Collect$$$$00002712  mc_w.l(entry2.o)
    0x080001c0   0x080001c0   0x00000024   Code   RO         6154    .text               startup_gd32f450_470.o
    0x080001e4   0x080001e4   0x0000002c   Code   RO         6722    .text               mc_w.l(uidiv.o)
    0x08000210   0x08000210   0x00000024   Code   RO         6737    .text               mc_w.l(init.o)
    0x08000234   0x08000234   0x00000004   Code   RO            3    i.BusFault_Handler  gd32f4xx_it.o
    0x08000238   0x08000238   0x00000002   Code   RO            4    i.DebugMon_Handler  gd32f4xx_it.o
    0x0800023a   0x0800023a   0x00000004   Code   RO            5    i.HardFault_Handler  gd32f4xx_it.o
    0x0800023e   0x0800023e   0x00000002   PAD
    0x08000240   0x08000240   0x00000050   Code   RO          282    i.LED_Init          led.o
    0x08000290   0x08000290   0x00000004   Code   RO            6    i.MemManage_Handler  gd32f4xx_it.o
    0x08000294   0x08000294   0x00000002   Code   RO            7    i.NMI_Handler       gd32f4xx_it.o
    0x08000296   0x08000296   0x00000002   PAD
    0x08000298   0x08000298   0x00000028   Code   RO          239    i.NVIC_SetPriority  systick.o
    0x080002c0   0x080002c0   0x00000002   Code   RO            8    i.PendSV_Handler    gd32f4xx_it.o
    0x080002c2   0x080002c2   0x00000008   Code   RO            9    i.SDIO_IRQHandler   gd32f4xx_it.o
    0x080002ca   0x080002ca   0x00000002   Code   RO           10    i.SVC_Handler       gd32f4xx_it.o
    0x080002cc   0x080002cc   0x00000008   Code   RO           11    i.SysTick_Handler   gd32f4xx_it.o
    0x080002d4   0x080002d4   0x000000d4   Code   RO          632    i.SystemInit        system_gd32f4xx.o
    0x080003a8   0x080003a8   0x00000008   Code   RO          561    i.System_Init       function.o
    0x080003b0   0x080003b0   0x00000004   Code   RO           12    i.UsageFault_Handler  gd32f4xx_it.o
    0x080003b4   0x080003b4   0x00000234   Code   RO          562    i.UsrFunction       function.o
    0x080005e8   0x080005e8   0x00000020   Code   RO         6535    i.__0printf$3       mc_w.l(printf3.o)
    0x08000608   0x08000608   0x0000000e   Code   RO         6749    i.__scatterload_copy  mc_w.l(handlers.o)
    0x08000616   0x08000616   0x00000002   Code   RO         6750    i.__scatterload_null  mc_w.l(handlers.o)
    0x08000618   0x08000618   0x0000000e   Code   RO         6751    i.__scatterload_zeroinit  mc_w.l(handlers.o)
    0x08000626   0x08000626   0x00000002   PAD
    0x08000628   0x08000628   0x000001b8   Code   RO         6542    i._printf_core      mc_w.l(printf3.o)
    0x080007e0   0x080007e0   0x00000090   Code   RO         6212    i.check_fs          ff.o
    0x08000870   0x08000870   0x00000014   Code   RO         6213    i.chk_chr           ff.o
    0x08000884   0x08000884   0x00000394   Code   RO         6214    i.chk_mounted       ff.o
    0x08000c18   0x08000c18   0x0000001a   Code   RO         6215    i.clust2sect        ff.o
    0x08000c32   0x08000c32   0x00000002   PAD
    0x08000c34   0x08000c34   0x00000030   Code   RO          342    i.cmdsent_error_check  sdcard.o
    0x08000c64   0x08000c64   0x000000ca   Code   RO         6216    i.create_chain      ff.o
    0x08000d2e   0x08000d2e   0x00000002   PAD
    0x08000d30   0x08000d30   0x00000160   Code   RO         6217    i.create_name       ff.o
    0x08000e90   0x08000e90   0x00000014   Code   RO          240    i.delay_1ms         systick.o
    0x08000ea4   0x08000ea4   0x00000018   Code   RO          241    i.delay_decrement   systick.o
    0x08000ebc   0x08000ebc   0x0000005c   Code   RO         6218    i.dir_find          ff.o
    0x08000f18   0x08000f18   0x00000118   Code   RO         6219    i.dir_next          ff.o
    0x08001030   0x08001030   0x0000006e   Code   RO         6221    i.dir_register      ff.o
    0x0800109e   0x0800109e   0x0000009c   Code   RO         6223    i.dir_sdi           ff.o
    0x0800113a   0x0800113a   0x00000086   Code   RO         6160    i.disk_initialize   diskio.o
    0x080011c0   0x080011c0   0x00000006   Code   RO         6161    i.disk_ioctl        diskio.o
    0x080011c6   0x080011c6   0x00000050   Code   RO         6162    i.disk_read         diskio.o
    0x08001216   0x08001216   0x0000000c   Code   RO         6163    i.disk_status       diskio.o
    0x08001222   0x08001222   0x00000050   Code   RO         6164    i.disk_write        diskio.o
    0x08001272   0x08001272   0x00000020   Code   RO         1713    i.dma_channel_disable  gd32f4xx_dma.o
    0x08001292   0x08001292   0x00000020   Code   RO         1714    i.dma_channel_enable  gd32f4xx_dma.o
    0x080012b2   0x080012b2   0x00000026   Code   RO         1715    i.dma_channel_subperipheral_select  gd32f4xx_dma.o
    0x080012d8   0x080012d8   0x000000a6   Code   RO         1718    i.dma_deinit        gd32f4xx_dma.o
    0x0800137e   0x0800137e   0x0000003e   Code   RO         1720    i.dma_flag_clear    gd32f4xx_dma.o
    0x080013bc   0x080013bc   0x0000004c   Code   RO         1721    i.dma_flag_get      gd32f4xx_dma.o
    0x08001408   0x08001408   0x00000040   Code   RO         1722    i.dma_flow_controller_config  gd32f4xx_dma.o
    0x08001448   0x08001448   0x00000164   Code   RO         1731    i.dma_multi_data_mode_init  gd32f4xx_dma.o
    0x080015ac   0x080015ac   0x000000b4   Code   RO          343    i.dma_receive_config  sdcard.o
    0x08001660   0x08001660   0x000000b4   Code   RO          344    i.dma_transfer_config  sdcard.o
    0x08001714   0x08001714   0x00000016   Code   RO         6225    i.f_close           ff.o
    0x0800172a   0x0800172a   0x00000002   PAD
    0x0800172c   0x0800172c   0x0000002c   Code   RO         6229    i.f_mount           ff.o
    0x08001758   0x08001758   0x0000016c   Code   RO         6230    i.f_open            ff.o
    0x080018c4   0x080018c4   0x000001ce   Code   RO         6232    i.f_read            ff.o
    0x08001a92   0x08001a92   0x000000b8   Code   RO         6236    i.f_sync            ff.o
    0x08001b4a   0x08001b4a   0x0000020e   Code   RO         6240    i.f_write           ff.o
    0x08001d58   0x08001d58   0x0000009e   Code   RO         6241    i.follow_path       ff.o
    0x08001df6   0x08001df6   0x00000002   PAD
    0x08001df8   0x08001df8   0x00000024   Code   RO          309    i.fputc             usart.o
    0x08001e1c   0x08001e1c   0x00000094   Code   RO          310    i.gd_eval_com_init  usart.o
    0x08001eb0   0x08001eb0   0x000000e4   Code   RO         6242    i.get_fat           ff.o
    0x08001f94   0x08001f94   0x00000004   Code   RO         6165    i.get_fattime       diskio.o
    0x08001f98   0x08001f98   0x0000005e   Code   RO         3132    i.gpio_af_set       gd32f4xx_gpio.o
    0x08001ff6   0x08001ff6   0x00000004   Code   RO         3133    i.gpio_bit_reset    gd32f4xx_gpio.o
    0x08001ffa   0x08001ffa   0x00000004   Code   RO         3134    i.gpio_bit_set      gd32f4xx_gpio.o
    0x08001ffe   0x08001ffe   0x00000002   PAD
    0x08002000   0x08002000   0x00000074   Code   RO          345    i.gpio_config       sdcard.o
    0x08002074   0x08002074   0x0000004e   Code   RO         3140    i.gpio_mode_set     gd32f4xx_gpio.o
    0x080020c2   0x080020c2   0x00000042   Code   RO         3142    i.gpio_output_options_set  gd32f4xx_gpio.o
    0x08002104   0x08002104   0x0000000e   Code   RO          206    i.main              main.o
    0x08002112   0x08002112   0x00000026   Code   RO         6244    i.mem_cmp           ff.o
    0x08002138   0x08002138   0x0000001a   Code   RO         6245    i.mem_cpy           ff.o
    0x08002152   0x08002152   0x00000014   Code   RO         6246    i.mem_set           ff.o
    0x08002166   0x08002166   0x00000024   Code   RO          563    i.memory_compare    function.o
    0x0800218a   0x0800218a   0x00000072   Code   RO         6247    i.move_window       ff.o
    0x080021fc   0x080021fc   0x00000016   Code   RO          564    i.nvic_config       function.o
    0x08002212   0x08002212   0x00000002   PAD
    0x08002214   0x08002214   0x000000c4   Code   RO         3705    i.nvic_irq_enable   gd32f4xx_misc.o
    0x080022d8   0x080022d8   0x00000014   Code   RO         3706    i.nvic_priority_group_set  gd32f4xx_misc.o
    0x080022ec   0x080022ec   0x00000136   Code   RO         6248    i.put_fat           ff.o
    0x08002422   0x08002422   0x00000002   PAD
    0x08002424   0x08002424   0x00000084   Code   RO          346    i.r1_error_check    sdcard.o
    0x080024a8   0x080024a8   0x000000ae   Code   RO          347    i.r1_error_type_check  sdcard.o
    0x08002556   0x08002556   0x00000002   PAD
    0x08002558   0x08002558   0x00000050   Code   RO          348    i.r2_error_check    sdcard.o
    0x080025a8   0x080025a8   0x0000003c   Code   RO          349    i.r3_error_check    sdcard.o
    0x080025e4   0x080025e4   0x000000a8   Code   RO          350    i.r6_error_check    sdcard.o
    0x0800268c   0x0800268c   0x00000050   Code   RO          351    i.r7_error_check    sdcard.o
    0x080026dc   0x080026dc   0x00000124   Code   RO         3910    i.rcu_clock_freq_get  gd32f4xx_rcu.o
    0x08002800   0x08002800   0x00000024   Code   RO          352    i.rcu_config        sdcard.o
    0x08002824   0x08002824   0x00000024   Code   RO         3929    i.rcu_periph_clock_enable  gd32f4xx_rcu.o
    0x08002848   0x08002848   0x00000024   Code   RO         3932    i.rcu_periph_reset_disable  gd32f4xx_rcu.o
    0x0800286c   0x0800286c   0x00000024   Code   RO         3933    i.rcu_periph_reset_enable  gd32f4xx_rcu.o
    0x08002890   0x08002890   0x00000068   Code   RO         6249    i.remove_chain      ff.o
    0x080028f8   0x080028f8   0x00000218   Code   RO          353    i.sd_block_read     sdcard.o
    0x08002b10   0x08002b10   0x00000320   Code   RO          354    i.sd_block_write    sdcard.o
    0x08002e30   0x08002e30   0x00000094   Code   RO          355    i.sd_bus_mode_config  sdcard.o
    0x08002ec4   0x08002ec4   0x000000fc   Code   RO          356    i.sd_bus_width_config  sdcard.o
    0x08002fc0   0x08002fc0   0x000002c0   Code   RO          358    i.sd_card_information_get  sdcard.o
    0x08003280   0x08003280   0x0000011c   Code   RO          359    i.sd_card_init      sdcard.o
    0x0800339c   0x0800339c   0x00000026   Code   RO          360    i.sd_card_select_deselect  sdcard.o
    0x080033c2   0x080033c2   0x00000002   PAD
    0x080033c4   0x080033c4   0x000000b8   Code   RO          361    i.sd_card_state_get  sdcard.o
    0x0800347c   0x0800347c   0x00000048   Code   RO          362    i.sd_cardstatus_get  sdcard.o
    0x080034c4   0x080034c4   0x00000018   Code   RO          363    i.sd_datablocksize_get  sdcard.o
    0x080034dc   0x080034dc   0x00000046   Code   RO          365    i.sd_init           sdcard.o
    0x08003522   0x08003522   0x00000002   PAD
    0x08003524   0x08003524   0x00000130   Code   RO          366    i.sd_interrupts_process  sdcard.o
    0x08003654   0x08003654   0x0000029c   Code   RO          368    i.sd_multiblocks_read  sdcard.o
    0x080038f0   0x080038f0   0x00000398   Code   RO          369    i.sd_multiblocks_write  sdcard.o
    0x08003c88   0x08003c88   0x0000012c   Code   RO          371    i.sd_power_on       sdcard.o
    0x08003db4   0x08003db4   0x0000015c   Code   RO          372    i.sd_scr_get        sdcard.o
    0x08003f10   0x08003f10   0x00000018   Code   RO          374    i.sd_transfer_mode_config  sdcard.o
    0x08003f28   0x08003f28   0x00000024   Code   RO          376    i.sd_transfer_stop  sdcard.o
    0x08003f4c   0x08003f4c   0x0000001c   Code   RO         4463    i.sdio_bus_mode_set  gd32f4xx_sdio.o
    0x08003f68   0x08003f68   0x00000034   Code   RO         4470    i.sdio_clock_config  gd32f4xx_sdio.o
    0x08003f9c   0x08003f9c   0x00000014   Code   RO         4472    i.sdio_clock_enable  gd32f4xx_sdio.o
    0x08003fb0   0x08003fb0   0x0000000c   Code   RO         4473    i.sdio_command_index_get  gd32f4xx_sdio.o
    0x08003fbc   0x08003fbc   0x00000038   Code   RO         4474    i.sdio_command_response_config  gd32f4xx_sdio.o
    0x08003ff4   0x08003ff4   0x00000014   Code   RO         4476    i.sdio_csm_enable   gd32f4xx_sdio.o
    0x08004008   0x08004008   0x0000003c   Code   RO         4477    i.sdio_data_config  gd32f4xx_sdio.o
    0x08004044   0x08004044   0x0000000c   Code   RO         4479    i.sdio_data_read    gd32f4xx_sdio.o
    0x08004050   0x08004050   0x0000001c   Code   RO         4480    i.sdio_data_transfer_config  gd32f4xx_sdio.o
    0x0800406c   0x0800406c   0x0000000c   Code   RO         4481    i.sdio_data_write   gd32f4xx_sdio.o
    0x08004078   0x08004078   0x00000014   Code   RO         4482    i.sdio_deinit       gd32f4xx_sdio.o
    0x0800408c   0x0800408c   0x00000014   Code   RO         4483    i.sdio_dma_disable  gd32f4xx_sdio.o
    0x080040a0   0x080040a0   0x00000014   Code   RO         4484    i.sdio_dma_enable   gd32f4xx_sdio.o
    0x080040b4   0x080040b4   0x00000014   Code   RO         4485    i.sdio_dsm_disable  gd32f4xx_sdio.o
    0x080040c8   0x080040c8   0x00000014   Code   RO         4486    i.sdio_dsm_enable   gd32f4xx_sdio.o
    0x080040dc   0x080040dc   0x0000000c   Code   RO         4488    i.sdio_flag_clear   gd32f4xx_sdio.o
    0x080040e8   0x080040e8   0x00000014   Code   RO         4489    i.sdio_flag_get     gd32f4xx_sdio.o
    0x080040fc   0x080040fc   0x00000014   Code   RO         4490    i.sdio_hardware_clock_disable  gd32f4xx_sdio.o
    0x08004110   0x08004110   0x00000010   Code   RO         4492    i.sdio_interrupt_disable  gd32f4xx_sdio.o
    0x08004120   0x08004120   0x00000010   Code   RO         4493    i.sdio_interrupt_enable  gd32f4xx_sdio.o
    0x08004130   0x08004130   0x0000000c   Code   RO         4494    i.sdio_interrupt_flag_clear  gd32f4xx_sdio.o
    0x0800413c   0x0800413c   0x00000014   Code   RO         4495    i.sdio_interrupt_flag_get  gd32f4xx_sdio.o
    0x08004150   0x08004150   0x0000000c   Code   RO         4498    i.sdio_power_state_get  gd32f4xx_sdio.o
    0x0800415c   0x0800415c   0x0000000c   Code   RO         4499    i.sdio_power_state_set  gd32f4xx_sdio.o
    0x08004168   0x08004168   0x0000003c   Code   RO         4503    i.sdio_response_get  gd32f4xx_sdio.o
    0x080041a4   0x080041a4   0x0000001c   Code   RO         4508    i.sdio_wait_type_set  gd32f4xx_sdio.o
    0x080041c0   0x080041c0   0x000000ca   Code   RO         6250    i.sync              ff.o
    0x0800428a   0x0800428a   0x00000002   PAD
    0x0800428c   0x0800428c   0x00000108   Code   RO          633    i.system_clock_240m_25m_hxtal  system_gd32f4xx.o
    0x08004394   0x08004394   0x00000008   Code   RO          634    i.system_clock_config  system_gd32f4xx.o
    0x0800439c   0x0800439c   0x00000050   Code   RO          242    i.systick_config    systick.o
    0x080043ec   0x080043ec   0x000000e8   Code   RO         5754    i.usart_baudrate_set  gd32f4xx_usart.o
    0x080044d4   0x080044d4   0x0000000a   Code   RO         5758    i.usart_data_receive  gd32f4xx_usart.o
    0x080044de   0x080044de   0x00000008   Code   RO         5759    i.usart_data_transmit  gd32f4xx_usart.o
    0x080044e6   0x080044e6   0x00000002   PAD
    0x080044e8   0x080044e8   0x000000dc   Code   RO         5760    i.usart_deinit      gd32f4xx_usart.o
    0x080045c4   0x080045c4   0x0000000a   Code   RO         5764    i.usart_enable      gd32f4xx_usart.o
    0x080045ce   0x080045ce   0x0000001e   Code   RO         5766    i.usart_flag_get    gd32f4xx_usart.o
    0x080045ec   0x080045ec   0x00000010   Code   RO         5791    i.usart_receive_config  gd32f4xx_usart.o
    0x080045fc   0x080045fc   0x00000010   Code   RO         5806    i.usart_transmit_config  gd32f4xx_usart.o
    0x0800460c   0x0800460c   0x0000002a   Code   RO         6251    i.validate          ff.o
    0x08004636   0x08004636   0x00000002   PAD
    0x08004638   0x08004638   0x00000070   Code   RO          565    i.write_file        function.o
    0x080046a8   0x080046a8   0x00000020   Data   RO         6747    Region$$Table       anon$$obj.o


    Execution Region RW_IRAM1 (Exec base: 0x20000000, Load base: 0x080046c8, Size: 0x00000bc0, Max: 0x00030000, ABSOLUTE)

    Exec Addr    Load Addr    Size         Type   Attr      Idx    E Section Name        Object

    0x20000000   0x080046c8   0x00000004   Data   RW          243    .data               systick.o
    0x20000004   0x080046cc   0x00000024   Data   RW          378    .data               sdcard.o
    0x20000028   0x080046f0   0x00000014   Data   RW          567    .data               function.o
    0x2000003c   0x08004704   0x00000004   Data   RW          635    .data               system_gd32f4xx.o
    0x20000040   0x08004708   0x00000006   Data   RW         6252    .data               ff.o
    0x20000046   0x0800470e   0x00000002   PAD
    0x20000048   0x08004710   0x00000004   Data   RW         6721    .data               mc_w.l(stdout.o)
    0x2000004c        -       0x00000020   Zero   RW          377    .bss                sdcard.o
    0x2000006c        -       0x00000754   Zero   RW          566    .bss                function.o
    0x200007c0        -       0x00000400   Zero   RW         6151    STACK               startup_gd32f450_470.o


==============================================================================

Image component sizes


      Code (inc. data)   RO Data    RW Data    ZI Data      Debug   Object Name

       316          0          0          0          0       4840   diskio.o
      5142         46          0          6          0      27486   ff.o
       742        320          0         20       1876       8500   function.o
       826          4          0          0          0       6691   gd32f4xx_dma.o
       246          0          0          0          0       3948   gd32f4xx_gpio.o
        40          0          0          0          0      59217   gd32f4xx_it.o
       216         20          0          0          0       1592   gd32f4xx_misc.o
       400         40          0          0          0       3952   gd32f4xx_rcu.o
       628        136          0          0          0      16990   gd32f4xx_sdio.o
       542         18          0          0          0       5890   gd32f4xx_usart.o
        80          4          0          0          0        547   led.o
        14          0          0          0          0        523   main.o
      6966        344          0         36         32      32492   sdcard.o
        36          8        428          0       1024        908   startup_gd32f450_470.o
       484         32          0          4          0       3091   system_gd32f4xx.o
       164         24          0          4          0      29322   systick.o
       184         14          0          0          0       2907   usart.o

    ----------------------------------------------------------------------
     17056       1010        460         72       2932     208896   Object Totals
         0          0         32          0          0          0   (incl. Generated)
        30          0          0          2          0          0   (incl. Padding)

    ----------------------------------------------------------------------

      Code (inc. data)   RO Data    RW Data    ZI Data      Debug   Library Member Name

         0          0          0          0          0          0   entry.o
         0          0          0          0          0          0   entry10a.o
         0          0          0          0          0          0   entry11a.o
         8          4          0          0          0          0   entry2.o
         4          0          0          0          0          0   entry5.o
         0          0          0          0          0          0   entry7b.o
         0          0          0          0          0          0   entry8b.o
         8          4          0          0          0          0   entry9a.o
        30          0          0          0          0          0   handlers.o
        36          8          0          0          0         68   init.o
       472         14          0          0          0        184   printf3.o
         0          0          0          4          0          0   stdout.o
        44          0          0          0          0         80   uidiv.o

    ----------------------------------------------------------------------
       604         30          0          4          0        332   Library Totals
         2          0          0          0          0          0   (incl. Padding)

    ----------------------------------------------------------------------

      Code (inc. data)   RO Data    RW Data    ZI Data      Debug   Library Name

       602         30          0          4          0        332   mc_w.l

    ----------------------------------------------------------------------
       604         30          0          4          0        332   Library Totals

    ----------------------------------------------------------------------

==============================================================================


      Code (inc. data)   RO Data    RW Data    ZI Data      Debug   

     17660       1040        460         76       2932     195980   Grand Totals
     17660       1040        460         76       2932     195980   ELF Image Totals
     17660       1040        460         76          0          0   ROM Totals

==============================================================================

    Total RO  Size (Code + RO Data)                18120 (  17.70kB)
    Total RW  Size (RW Data + ZI Data)              3008 (   2.94kB)
    Total ROM Size (Code + RO Data + RW Data)      18196 (  17.77kB)

==============================================================================

