Component: ARM Compiler 5.06 update 7 (build 960) Tool: armlink [4d3601]

==============================================================================

Section Cross References

    gd32f4xx_it.o(i.SDIO_IRQHandler) refers to sdcard.o(i.sd_interrupts_process) for sd_interrupts_process
    gd32f4xx_it.o(i.SysTick_Handler) refers to systick.o(i.delay_decrement) for delay_decrement
    gd32f4xx_it.o(i.SysTick_Handler) refers to systick.o(.data) for uwTick
    main.o(i.main) refers to function.o(i.System_Init) for System_Init
    main.o(i.main) refers to function.o(i.UsrFunction) for UsrFunction
    systick.o(i.Get_Tick) refers to systick.o(.data) for uwTick
    systick.o(i.delay_1ms) refers to systick.o(.data) for delay
    systick.o(i.delay_decrement) refers to systick.o(.data) for delay
    systick.o(i.systick_config) refers to systick.o(i.NVIC_SetPriority) for NVIC_SetPriority
    systick.o(i.systick_config) refers to system_gd32f4xx.o(.data) for SystemCoreClock
    led.o(i.LED_Init) refers to gd32f4xx_rcu.o(i.rcu_periph_clock_enable) for rcu_periph_clock_enable
    led.o(i.LED_Init) refers to gd32f4xx_gpio.o(i.gpio_mode_set) for gpio_mode_set
    led.o(i.LED_Init) refers to gd32f4xx_gpio.o(i.gpio_output_options_set) for gpio_output_options_set
    led.o(i.LED_Init) refers to gd32f4xx_gpio.o(i.gpio_bit_reset) for gpio_bit_reset
    sdcard.o(i.cmdsent_error_check) refers to gd32f4xx_sdio.o(i.sdio_flag_get) for sdio_flag_get
    sdcard.o(i.cmdsent_error_check) refers to gd32f4xx_sdio.o(i.sdio_flag_clear) for sdio_flag_clear
    sdcard.o(i.dma_receive_config) refers to gd32f4xx_dma.o(i.dma_flag_clear) for dma_flag_clear
    sdcard.o(i.dma_receive_config) refers to gd32f4xx_dma.o(i.dma_channel_disable) for dma_channel_disable
    sdcard.o(i.dma_receive_config) refers to gd32f4xx_dma.o(i.dma_deinit) for dma_deinit
    sdcard.o(i.dma_receive_config) refers to gd32f4xx_dma.o(i.dma_multi_data_mode_init) for dma_multi_data_mode_init
    sdcard.o(i.dma_receive_config) refers to gd32f4xx_dma.o(i.dma_flow_controller_config) for dma_flow_controller_config
    sdcard.o(i.dma_receive_config) refers to gd32f4xx_dma.o(i.dma_channel_subperipheral_select) for dma_channel_subperipheral_select
    sdcard.o(i.dma_receive_config) refers to gd32f4xx_dma.o(i.dma_channel_enable) for dma_channel_enable
    sdcard.o(i.dma_transfer_config) refers to gd32f4xx_dma.o(i.dma_flag_clear) for dma_flag_clear
    sdcard.o(i.dma_transfer_config) refers to gd32f4xx_dma.o(i.dma_channel_disable) for dma_channel_disable
    sdcard.o(i.dma_transfer_config) refers to gd32f4xx_dma.o(i.dma_deinit) for dma_deinit
    sdcard.o(i.dma_transfer_config) refers to gd32f4xx_dma.o(i.dma_multi_data_mode_init) for dma_multi_data_mode_init
    sdcard.o(i.dma_transfer_config) refers to gd32f4xx_dma.o(i.dma_flow_controller_config) for dma_flow_controller_config
    sdcard.o(i.dma_transfer_config) refers to gd32f4xx_dma.o(i.dma_channel_subperipheral_select) for dma_channel_subperipheral_select
    sdcard.o(i.dma_transfer_config) refers to gd32f4xx_dma.o(i.dma_channel_enable) for dma_channel_enable
    sdcard.o(i.gpio_config) refers to gd32f4xx_gpio.o(i.gpio_af_set) for gpio_af_set
    sdcard.o(i.gpio_config) refers to gd32f4xx_gpio.o(i.gpio_mode_set) for gpio_mode_set
    sdcard.o(i.gpio_config) refers to gd32f4xx_gpio.o(i.gpio_output_options_set) for gpio_output_options_set
    sdcard.o(i.r1_error_check) refers to gd32f4xx_sdio.o(i.sdio_flag_clear) for sdio_flag_clear
    sdcard.o(i.r1_error_check) refers to gd32f4xx_sdio.o(i.sdio_command_index_get) for sdio_command_index_get
    sdcard.o(i.r1_error_check) refers to gd32f4xx_sdio.o(i.sdio_response_get) for sdio_response_get
    sdcard.o(i.r1_error_check) refers to sdcard.o(i.r1_error_type_check) for r1_error_type_check
    sdcard.o(i.r2_error_check) refers to gd32f4xx_sdio.o(i.sdio_flag_clear) for sdio_flag_clear
    sdcard.o(i.r3_error_check) refers to gd32f4xx_sdio.o(i.sdio_flag_clear) for sdio_flag_clear
    sdcard.o(i.r6_error_check) refers to gd32f4xx_sdio.o(i.sdio_flag_clear) for sdio_flag_clear
    sdcard.o(i.r6_error_check) refers to gd32f4xx_sdio.o(i.sdio_command_index_get) for sdio_command_index_get
    sdcard.o(i.r6_error_check) refers to gd32f4xx_sdio.o(i.sdio_response_get) for sdio_response_get
    sdcard.o(i.r7_error_check) refers to gd32f4xx_sdio.o(i.sdio_flag_clear) for sdio_flag_clear
    sdcard.o(i.rcu_config) refers to gd32f4xx_rcu.o(i.rcu_periph_clock_enable) for rcu_periph_clock_enable
    sdcard.o(i.sd_block_read) refers to gd32f4xx_sdio.o(i.sdio_data_config) for sdio_data_config
    sdcard.o(i.sd_block_read) refers to gd32f4xx_sdio.o(i.sdio_data_transfer_config) for sdio_data_transfer_config
    sdcard.o(i.sd_block_read) refers to gd32f4xx_sdio.o(i.sdio_dsm_disable) for sdio_dsm_disable
    sdcard.o(i.sd_block_read) refers to gd32f4xx_sdio.o(i.sdio_dma_disable) for sdio_dma_disable
    sdcard.o(i.sd_block_read) refers to gd32f4xx_sdio.o(i.sdio_response_get) for sdio_response_get
[...]
    TIMER0_BRK_TIMER8_IRQHandler             0x080001df   Thumb Code     0  startup_gd32f450_470.o(.text)
    TIMER0_Channel_IRQHandler                0x080001df   Thumb Code     0  startup_gd32f450_470.o(.text)
    TIMER0_TRG_CMT_TIMER10_IRQHandler        0x080001df   Thumb Code     0  startup_gd32f450_470.o(.text)
    TIMER0_UP_TIMER9_IRQHandler              0x080001df   Thumb Code     0  startup_gd32f450_470.o(.text)
    TIMER1_IRQHandler                        0x080001df   Thumb Code     0  startup_gd32f450_470.o(.text)
    TIMER2_IRQHandler                        0x080001df   Thumb Code     0  startup_gd32f450_470.o(.text)
    TIMER3_IRQHandler                        0x080001df   Thumb Code     0  startup_gd32f450_470.o(.text)
    TIMER4_IRQHandler                        0x080001df   Thumb Code     0  startup_gd32f450_470.o(.text)
    TIMER5_DAC_IRQHandler                    0x080001df   Thumb Code     0  startup_gd32f450_470.o(.text)
    TIMER6_IRQHandler                        0x080001df   Thumb Code     0  startup_gd32f450_470.o(.text)
    TIMER7_BRK_TIMER11_IRQHandler            0x080001df   Thumb Code     0  startup_gd32f450_470.o(.text)
    TIMER7_Channel_IRQHandler                0x080001df   Thumb Code     0  startup_gd32f450_470.o(.text)
    TIMER7_TRG_CMT_TIMER13_IRQHandler        0x080001df   Thumb Code     0  startup_gd32f450_470.o(.text)
    TIMER7_UP_TIMER12_IRQHandler             0x080001df   Thumb Code     0  startup_gd32f450_470.o(.text)
    TLI_ER_IRQHandler                        0x080001df   Thumb Code     0  startup_gd32f450_470.o(.text)
    TLI_IRQHandler                           0x080001df   Thumb Code     0  startup_gd32f450_470.o(.text)
    TRNG_IRQHandler                          0x080001df   Thumb Code     0  startup_gd32f450_470.o(.text)
    UART3_IRQHandler                         0x080001df   Thumb Code     0  startup_gd32f450_470.o(.text)
    UART4_IRQHandler                         0x080001df   Thumb Code     0  startup_gd32f450_470.o(.text)
    UART6_IRQHandler                         0x080001df   Thumb Code     0  startup_gd32f450_470.o(.text)
    UART7_IRQHandler                         0x080001df   Thumb Code     0  startup_gd32f450_470.o(.text)
    USART1_IRQHandler                        0x080001df   Thumb Code     0  startup_gd32f450_470.o(.text)
    USART2_IRQHandler                        0x080001df   Thumb Code     0  startup_gd32f450_470.o(.text)
    USART5_IRQHandler                        0x080001df   Thumb Code     0  startup_gd32f450_470.o(.text)
    USBFS_IRQHandler                         0x080001df   Thumb Code     0  startup_gd32f450_470.o(.text)
    USBFS_WKUP_IRQHandler                    0x080001df   Thumb Code     0  startup_gd32f450_470.o(.text)
    USBHS_EP1_In_IRQHandler                  0x080001df   Thumb Code     0  startup_gd32f450_470.o(.text)
    USBHS_EP1_Out_IRQHandler                 0x080001df   Thumb Code     0  startup_gd32f450_470.o(.text)
    USBHS_IRQHandler                         0x080001df   Thumb Code     0  startup_gd32f450_470.o(.text)
    USBHS_WKUP_IRQHandler                    0x080001df   Thumb Code     0  startup_gd32f450_470.o(.text)
    WWDGT_IRQHandler                         0x080001df   Thumb Code     0  startup_gd32f450_470.o(.text)
    __aeabi_memcpy                           0x080001e9   Thumb Code    36  memcpya.o(.text)
    __aeabi_memcpy4                          0x080001e9   Thumb Code     0  memcpya.o(.text)
    __aeabi_memcpy8                          0x080001e9   Thumb Code     0  memcpya.o(.text)
    __aeabi_memset                           0x0800020d   Thumb Code    14  memseta.o(.text)
    __aeabi_memset4                          0x0800020d   Thumb Code     0  memseta.o(.text)
    __aeabi_memset8                          0x0800020d   Thumb Code     0  memseta.o(.text)
    __aeabi_memclr                           0x0800021b   Thumb Code     4  memseta.o(.text)
    __aeabi_memclr4                          0x0800021b   Thumb Code     0  memseta.o(.text)
    __aeabi_memclr8                          0x0800021b   Thumb Code     0  memseta.o(.text)
    _memset$wrapper                          0x0800021f   Thumb Code    18  memseta.o(.text)
    memcmp                                   0x08000231   Thumb Code    26  memcmp.o(.text)
    strspn                                   0x0800024b   Thumb Code    28  strspn.o(.text)
    strcspn                                  0x08000267   Thumb Code    34  strcspn.o(.text)
    __aeabi_f2d                              0x08000289   Thumb Code    38  f2d.o(.text)
    __aeabi_uidiv                            0x080002af   Thumb Code     0  uidiv.o(.text)
    __aeabi_uidivmod                         0x080002af   Thumb Code    44  uidiv.o(.text)
    __aeabi_uldivmod                         0x080002db   Thumb Code    98  uldiv.o(.text)
    __I$use$fp                               0x0800033d   Thumb Code     0  iusefp.o(.text)
    __aeabi_dadd                             0x0800033d   Thumb Code   322  dadd.o(.text)
    __aeabi_dsub                             0x0800047f   Thumb Code     6  dadd.o(.text)
    __aeabi_drsub                            0x08000485   Thumb Code     6  dadd.o(.text)
    __aeabi_dmul                             0x0800048b   Thumb Code   228  dmul.o(.text)
    __aeabi_ddiv                             0x0800056f   Thumb Code   222  ddiv.o(.text)
    __aeabi_d2ulz                            0x0800064d   Thumb Code    48  dfixul.o(.text)
    __aeabi_cdrcmple                         0x0800067d   Thumb Code    48  cdrcmple.o(.text)
    __scatterload                            0x080006ad   Thumb Code    28  init.o(.text)
    __scatterload_rt2                        0x080006ad   Thumb Code     0  init.o(.text)
    __aeabi_llsl                             0x080006d1   Thumb Code    30  llshl.o(.text)
    _ll_shift_l                              0x080006d1   Thumb Code     0  llshl.o(.text)
    __aeabi_llsr                             0x080006ef   Thumb Code    32  llushr.o(.text)
    _ll_ushift_r                             0x080006ef   Thumb Code     0  llushr.o(.text)
    __aeabi_lasr                             0x0800070f   Thumb Code    36  llsshr.o(.text)
    _ll_sshift_r                             0x0800070f   Thumb Code     0  llsshr.o(.text)
    _double_round                            0x08000733   Thumb Code    30  depilogue.o(.text)
    _double_epilogue                         0x08000751   Thumb Code   156  depilogue.o(.text)
    __decompress                             0x080007ed   Thumb Code     0  __dczerorl2.o(.text)
    __decompress1                            0x080007ed   Thumb Code    86  __dczerorl2.o(.text)
    ADC_Task                                 0x08000845   Thumb Code    16  adc_app.o(i.ADC_Task)
    BusFault_Handler                         0x08000859   Thumb Code     4  gd32f4xx_it.o(i.BusFault_Handler)
    DebugMon_Handler                         0x0800085d   Thumb Code     2  gd32f4xx_it.o(i.DebugMon_Handler)
    EasyButton_Init                          0x08000861   Thumb Code    70  key.o(i.EasyButton_Init)
    Get_Tick                                 0x080008b9   Thumb Code     6  systick.o(i.Get_Tick)
    HardFault_Handler                        0x080008c5   Thumb Code     4  gd32f4xx_it.o(i.HardFault_Handler)
    ITM_SendChar                             0x080008c9   Thumb Code    42  retarget_io.o(i.ITM_SendChar)
    Key_Init                                 0x080008f9   Thumb Code    30  key.o(i.Key_Init)
    Key_Proc                                 0x0800091d   Thumb Code    14  key.o(i.Key_Proc)
    LED_Init                                 0x0800092d   Thumb Code    76  led.o(i.LED_Init)
    MemManage_Handler                        0x0800097d   Thumb Code     4  gd32f4xx_it.o(i.MemManage_Handler)
    NMI_Handler                              0x08000981   Thumb Code     2  gd32f4xx_it.o(i.NMI_Handler)
    Oled_Printf                              0x080009ad   Thumb Code    54  oled.o(i.Oled_Printf)
    Oled_Proc                                0x080009e5   Thumb Code    56  oled.o(i.Oled_Proc)
    PendSV_Handler                           0x08000a41   Thumb Code     2  gd32f4xx_it.o(i.PendSV_Handler)
    RTC_Alarm_IRQHandler                     0x08000a45   Thumb Code    36  rtc_app.o(i.RTC_Alarm_IRQHandler)
    RTC_WKUP_IRQHandler                      0x08000a75   Thumb Code    30  rtc_app.o(i.RTC_WKUP_IRQHandler)
    SDIO_IRQHandler                          0x08000a93   Thumb Code     8  gd32f4xx_it.o(i.SDIO_IRQHandler)
    SD_test                                  0x08000a9d   Thumb Code   258  sdcard_app.o(i.SD_test)
    SVC_Handler                              0x08000cb1   Thumb Code     2  gd32f4xx_it.o(i.SVC_Handler)
    Scheduler_Init                           0x08000cb5   Thumb Code     8  scheduler.o(i.Scheduler_Init)
    Scheduler_Run                            0x08000cc1   Thumb Code    88  scheduler.o(i.Scheduler_Run)
    SysTick_Handler                          0x08000d25   Thumb Code    18  gd32f4xx_it.o(i.SysTick_Handler)
    SystemInit                               0x08000d3d   Thumb Code   194  system_gd32f4xx.o(i.SystemInit)
    System_Init                              0x08000e11   Thumb Code    12  function.o(i.System_Init)
    TestLFS                                  0x08000e1d   Thumb Code   118  lfs_port.o(i.TestLFS)
    USART0_Config                            0x08000eb5   Thumb Code   188  uart.o(i.USART0_Config)
    USART0_IRQHandler                        0x08000f79   Thumb Code   128  uart.o(i.USART0_IRQHandler)
    Uart_Init                                0x08001011   Thumb Code     8  uart.o(i.Uart_Init)
    Uart_Proc                                0x08001019   Thumb Code    78  uart.o(i.Uart_Proc)
    UsageFault_Handler                       0x08001085   Thumb Code     4  gd32f4xx_it.o(i.UsageFault_Handler)
    UsrFunction                              0x08001089   Thumb Code    66  function.o(i.UsrFunction)
    __0printf                                0x08001101   Thumb Code    22  printfa.o(i.__0printf)
    __1printf                                0x08001101   Thumb Code     0  printfa.o(i.__0printf)
    __2printf                                0x08001101   Thumb Code     0  printfa.o(i.__0printf)
    __c89printf                              0x08001101   Thumb Code     0  printfa.o(i.__0printf)
    printf                                   0x08001101   Thumb Code     0  printfa.o(i.__0printf)
    __0vsnprintf                             0x08001121   Thumb Code    46  printfa.o(i.__0vsnprintf)
    __1vsnprintf                             0x08001121   Thumb Code     0  printfa.o(i.__0vsnprintf)
    __2vsnprintf                             0x08001121   Thumb Code     0  printfa.o(i.__0vsnprintf)
    __c89vsnprintf                           0x08001121   Thumb Code     0  printfa.o(i.__0vsnprintf)
    vsnprintf                                0x08001121   Thumb Code     0  printfa.o(i.__0vsnprintf)
    __ARM_pop                                0x08001155   Thumb Code    48  lfs.o(i.__ARM_pop)
    __aeabi_assert                           0x08001185   Thumb Code   110  retarget_io.o(i.__aeabi_assert)
    __scatterload_copy                       0x08001221   Thumb Code    14  handlers.o(i.__scatterload_copy)
    __scatterload_null                       0x0800122f   Thumb Code     2  handlers.o(i.__scatterload_null)
    __scatterload_zeroinit                   0x08001231   Thumb Code    14  handlers.o(i.__scatterload_zeroinit)
    abort                                    0x08001ae1   Thumb Code     4  retarget_io.o(i.abort)
    adc_calibration_enable                   0x08001ae5   Thumb Code    42  gd32f4xx_adc.o(i.adc_calibration_enable)
    adc_channel_length_config                0x08001b0f   Thumb Code    82  gd32f4xx_adc.o(i.adc_channel_length_config)
    adc_clock_config                         0x08001b61   Thumb Code    28  gd32f4xx_adc.o(i.adc_clock_config)
    adc_data_alignment_config                0x08001b85   Thumb Code    22  gd32f4xx_adc.o(i.adc_data_alignment_config)
    adc_deinit                               0x08001b9b   Thumb Code    20  gd32f4xx_adc.o(i.adc_deinit)
    adc_enable                               0x08001baf   Thumb Code    18  gd32f4xx_adc.o(i.adc_enable)
    adc_external_trigger_config              0x08001bc1   Thumb Code    52  gd32f4xx_adc.o(i.adc_external_trigger_config)
    adc_flag_clear                           0x08001bf5   Thumb Code     8  gd32f4xx_adc.o(i.adc_flag_clear)
    adc_flag_get                             0x08001bfd   Thumb Code    14  gd32f4xx_adc.o(i.adc_flag_get)
    adc_get_result                           0x08001c0d   Thumb Code    90  adc_app.o(i.adc_get_result)
    adc_init                                 0x08001c71   Thumb Code   126  adc_app.o(i.adc_init)
    adc_resolution_config                    0x08001cf9   Thumb Code    16  gd32f4xx_adc.o(i.adc_resolution_config)
    adc_routine_channel_config               0x08001d09   Thumb Code   172  gd32f4xx_adc.o(i.adc_routine_channel_config)
    adc_routine_data_read                    0x08001db5   Thumb Code     8  gd32f4xx_adc.o(i.adc_routine_data_read)
    adc_software_trigger_enable              0x08001dbd   Thumb Code    36  gd32f4xx_adc.o(i.adc_software_trigger_enable)
    adc_special_function_config              0x08001de1   Thumb Code    90  gd32f4xx_adc.o(i.adc_special_function_config)
    adc_sync_mode_config                     0x08001e3d   Thumb Code    28  gd32f4xx_adc.o(i.adc_sync_mode_config)
    clust2sect                               0x0800237d   Thumb Code    26  ff.o(i.clust2sect)
    delay_1ms                                0x080025f5   Thumb Code    16  systick.o(i.delay_1ms)
    delay_decrement                          0x08002609   Thumb Code    18  systick.o(i.delay_decrement)
    disk_initialize                          0x0800289f   Thumb Code   134  diskio.o(i.disk_initialize)
    disk_ioctl                               0x08002925   Thumb Code     6  diskio.o(i.disk_ioctl)
    disk_read                                0x0800292b   Thumb Code    80  diskio.o(i.disk_read)
    disk_status                              0x0800297b   Thumb Code    12  diskio.o(i.disk_status)
    disk_write                               0x08002987   Thumb Code    80  diskio.o(i.disk_write)
    dma_channel_disable                      0x080029d7   Thumb Code    32  gd32f4xx_dma.o(i.dma_channel_disable)
    dma_channel_enable                       0x080029f7   Thumb Code    32  gd32f4xx_dma.o(i.dma_channel_enable)
    dma_channel_subperipheral_select         0x08002a17   Thumb Code    38  gd32f4xx_dma.o(i.dma_channel_subperipheral_select)
    dma_deinit                               0x08002a3d   Thumb Code   166  gd32f4xx_dma.o(i.dma_deinit)
    dma_flag_clear                           0x08002ae3   Thumb Code    62  gd32f4xx_dma.o(i.dma_flag_clear)
    dma_flag_get                             0x08002b21   Thumb Code    76  gd32f4xx_dma.o(i.dma_flag_get)
    dma_flow_controller_config               0x08002b6d   Thumb Code    64  gd32f4xx_dma.o(i.dma_flow_controller_config)
    dma_memory_address_config                0x08002bad   Thumb Code    32  gd32f4xx_dma.o(i.dma_memory_address_config)
    dma_multi_data_mode_init                 0x08002bcd   Thumb Code   352  gd32f4xx_dma.o(i.dma_multi_data_mode_init)
    dma_transfer_number_config               0x08002e99   Thumb Code    16  gd32f4xx_dma.o(i.dma_transfer_number_config)
    dma_transfer_number_get                  0x08002ea9   Thumb Code    16  gd32f4xx_dma.o(i.dma_transfer_number_get)
    ebtn_combo_btn_add_btn                   0x08002eb9   Thumb Code    32  ebtn.o(i.ebtn_combo_btn_add_btn)
    ebtn_combo_btn_add_btn_by_idx            0x08002ed9   Thumb Code    32  ebtn.o(i.ebtn_combo_btn_add_btn_by_idx)
    ebtn_get_btn_index_by_key_id             0x08002ef9   Thumb Code    66  ebtn.o(i.ebtn_get_btn_index_by_key_id)
    ebtn_init                                0x08002f99   Thumb Code    66  ebtn.o(i.ebtn_init)
    ebtn_process                             0x08002fe1   Thumb Code    26  ebtn.o(i.ebtn_process)
    ebtn_process_with_curr_state             0x080030a9   Thumb Code   192  ebtn.o(i.ebtn_process_with_curr_state)
    exti_flag_clear                          0x08003175   Thumb Code     6  gd32f4xx_exti.o(i.exti_flag_clear)
    f_close                                  0x08003181   Thumb Code    22  ff.o(i.f_close)
    f_mount                                  0x08003199   Thumb Code    38  ff.o(i.f_mount)
    f_open                                   0x080031c5   Thumb Code   364  ff.o(i.f_open)
    f_read                                   0x08003331   Thumb Code   462  ff.o(i.f_read)
    f_sync                                   0x080034ff   Thumb Code   184  ff.o(i.f_sync)
    f_write                                  0x080035b7   Thumb Code   526  ff.o(i.f_write)
    fputc                                    0x08003865   Thumb Code    26  retarget_io.o(i.fputc)
    fputs                                    0x08003885   Thumb Code    24  fputs.o(i.fputs)
    free                                     0x0800389d   Thumb Code    76  malloc.o(i.free)
    get_fat                                  0x080038ed   Thumb Code   228  ff.o(i.get_fat)
    get_fattime                              0x080039d1   Thumb Code     4  diskio.o(i.get_fattime)
    gpio_af_set                              0x080039d5   Thumb Code    94  gd32f4xx_gpio.o(i.gpio_af_set)
    gpio_bit_reset                           0x08003a33   Thumb Code     4  gd32f4xx_gpio.o(i.gpio_bit_reset)
    gpio_bit_set                             0x08003a37   Thumb Code     4  gd32f4xx_gpio.o(i.gpio_bit_set)
    gpio_bit_write                           0x08003a3b   Thumb Code    10  gd32f4xx_gpio.o(i.gpio_bit_write)
    gpio_input_bit_get                       0x08003ab9   Thumb Code    16  gd32f4xx_gpio.o(i.gpio_input_bit_get)
    gpio_mode_set                            0x08003ac9   Thumb Code    78  gd32f4xx_gpio.o(i.gpio_mode_set)
    gpio_output_options_set                  0x08003b17   Thumb Code    66  gd32f4xx_gpio.o(i.gpio_output_options_set)
    iic_init                                 0x08003b79   Thumb Code    80  myiic.o(i.iic_init)
    iic_send_byte                            0x08003bcd   Thumb Code   106  myiic.o(i.iic_send_byte)
    iic_start                                0x08003c3d   Thumb Code    76  myiic.o(i.iic_start)
    iic_stop                                 0x08003c8d   Thumb Code    60  myiic.o(i.iic_stop)
    iic_wait_ack                             0x08003ccd   Thumb Code    64  myiic.o(i.iic_wait_ack)
    lfs_Task                                 0x08003d11   Thumb Code    14  lfs_port.o(i.lfs_Task)
    lfs_crc                                  0x080045ad   Thumb Code    54  lfs_util.o(i.lfs_crc)
    lfs_file_close                           0x08006c89   Thumb Code    52  lfs.o(i.lfs_file_close)
    lfs_file_open                            0x0800716d   Thumb Code    64  lfs.o(i.lfs_file_open)
    lfs_file_read                            0x08007529   Thumb Code    64  lfs.o(i.lfs_file_read)
    lfs_file_rewind                          0x080077d5   Thumb Code    28  lfs.o(i.lfs_file_rewind)
    lfs_file_write                           0x080079c9   Thumb Code    64  lfs.o(i.lfs_file_write)
    lfs_format                               0x08007b7d   Thumb Code    28  lfs.o(i.lfs_format)
    lfs_mount                                0x08008eb9   Thumb Code    28  lfs.o(i.lfs_mount)
    lfs_spi_flash_erase                      0x08009469   Thumb Code    42  lfs_port.o(i.lfs_spi_flash_erase)
    lfs_spi_flash_init                       0x080094d5   Thumb Code    70  lfs_port.o(i.lfs_spi_flash_init)
    lfs_spi_flash_prog                       0x08009531   Thumb Code   108  lfs_port.o(i.lfs_spi_flash_prog)
    lfs_spi_flash_read                       0x08009615   Thumb Code   104  lfs_port.o(i.lfs_spi_flash_read)
    lfs_spi_flash_sync                       0x080096f5   Thumb Code     6  lfs_port.o(i.lfs_spi_flash_sync)
    lfs_unmount                              0x08009899   Thumb Code    24  lfs.o(i.lfs_unmount)
    main                                     0x080098bd   Thumb Code    14  main.o(i.main)
    malloc                                   0x080098cd   Thumb Code    92  malloc.o(i.malloc)
    memory_compare                           0x0800998d   Thumb Code    36  sdcard_app.o(i.memory_compare)
    my_get_state_fn                          0x08009a25   Thumb Code    80  key.o(i.my_get_state_fn)
    my_handle_key_event                      0x08009a79   Thumb Code   126  key.o(i.my_handle_key_event)
    my_printf                                0x08009afd   Thumb Code    86  uart.o(i.my_printf)
    nvic_config                              0x08009b53   Thumb Code    32  function.o(i.nvic_config)
    nvic_irq_enable                          0x08009b75   Thumb Code   186  gd32f4xx_misc.o(i.nvic_irq_enable)
    nvic_priority_group_set                  0x08009c39   Thumb Code    10  gd32f4xx_misc.o(i.nvic_priority_group_set)
    oled_clear                               0x08009c4d   Thumb Code    42  oled.o(i.oled_clear)
    oled_draw_point                          0x08009c7d   Thumb Code    92  oled.o(i.oled_draw_point)
    oled_init                                0x08009cdd   Thumb Code   212  oled.o(i.oled_init)
    oled_refresh_gram                        0x08009db1   Thumb Code   100  oled.o(i.oled_refresh_gram)
    oled_show_char                           0x08009e19   Thumb Code   274  oled.o(i.oled_show_char)
    oled_show_string                         0x08009f39   Thumb Code    94  oled.o(i.oled_show_string)
    pmu_backup_write_enable                  0x08009fd1   Thumb Code    14  gd32f4xx_pmu.o(i.pmu_backup_write_enable)
    put_fat                                  0x0800a1cd   Thumb Code   310  ff.o(i.put_fat)
    rcu_clock_freq_get                       0x0800a5bd   Thumb Code   264  gd32f4xx_rcu.o(i.rcu_clock_freq_get)
    rcu_flag_get                             0x0800a705   Thumb Code    32  gd32f4xx_rcu.o(i.rcu_flag_get)
    rcu_osci_on                              0x0800a729   Thumb Code    32  gd32f4xx_rcu.o(i.rcu_osci_on)
    rcu_osci_stab_wait                       0x0800a74d   Thumb Code   342  gd32f4xx_rcu.o(i.rcu_osci_stab_wait)
    rcu_periph_clock_enable                  0x0800a8a9   Thumb Code    32  gd32f4xx_rcu.o(i.rcu_periph_clock_enable)
    rcu_periph_reset_disable                 0x0800a8cd   Thumb Code    32  gd32f4xx_rcu.o(i.rcu_periph_reset_disable)
    rcu_periph_reset_enable                  0x0800a8f1   Thumb Code    32  gd32f4xx_rcu.o(i.rcu_periph_reset_enable)
    rcu_rtc_clock_config                     0x0800a915   Thumb Code    18  gd32f4xx_rcu.o(i.rcu_rtc_clock_config)
    ringbuffer_is_empty                      0x0800a995   Thumb Code    16  ringbuffer.o(i.ringbuffer_is_empty)
    ringbuffer_is_full                       0x0800a9a5   Thumb Code    18  ringbuffer.o(i.ringbuffer_is_full)
    ringbuffer_read                          0x0800a9b7   Thumb Code    66  ringbuffer.o(i.ringbuffer_read)
    ringbuffer_write                         0x0800a9f9   Thumb Code   100  ringbuffer.o(i.ringbuffer_write)
    rtc_Task                                 0x0800aa5d   Thumb Code    88  rtc_app.o(i.rtc_Task)
    rtc_config                               0x0800ab0d   Thumb Code   192  rtc_app.o(i.rtc_config)
    rtc_current_time_get                     0x0800abd9   Thumb Code    96  gd32f4xx_rtc.o(i.rtc_current_time_get)
    rtc_flag_clear                           0x0800ac59   Thumb Code    12  gd32f4xx_rtc.o(i.rtc_flag_clear)
    rtc_flag_get                             0x0800ac69   Thumb Code    16  gd32f4xx_rtc.o(i.rtc_flag_get)
    rtc_get_date                             0x0800ac7d   Thumb Code    58  rtc_app.o(i.rtc_get_date)
    rtc_get_time                             0x0800acbd   Thumb Code    62  rtc_app.o(i.rtc_get_time)
    rtc_init                                 0x0800ad01   Thumb Code   216  gd32f4xx_rtc.o(i.rtc_init)
    rtc_init_mode_enter                      0x0800addd   Thumb Code    66  gd32f4xx_rtc.o(i.rtc_init_mode_enter)
    rtc_init_mode_exit                       0x0800ae25   Thumb Code    14  gd32f4xx_rtc.o(i.rtc_init_mode_exit)
    rtc_register_sync_wait                   0x0800ae39   Thumb Code    92  gd32f4xx_rtc.o(i.rtc_register_sync_wait)
    rtc_set_date                             0x0800ae99   Thumb Code    76  rtc_app.o(i.rtc_set_date)
    rtc_set_time                             0x0800aee9   Thumb Code    76  rtc_app.o(i.rtc_set_time)
    sd_block_read                            0x0800af39   Thumb Code   500  sdcard.o(i.sd_block_read)
    sd_block_write                           0x0800b151   Thumb Code   760  sdcard.o(i.sd_block_write)
    sd_bus_mode_config                       0x0800b471   Thumb Code   144  sdcard.o(i.sd_bus_mode_config)
    sd_card_information_get                  0x0800b601   Thumb Code   686  sdcard.o(i.sd_card_information_get)
    sd_card_init                             0x0800b8c1   Thumb Code   268  sdcard.o(i.sd_card_init)
    sd_card_select_deselect                  0x0800b9dd   Thumb Code    38  sdcard.o(i.sd_card_select_deselect)
    sd_cardstatus_get                        0x0800babd   Thumb Code    66  sdcard.o(i.sd_cardstatus_get)
    sd_init                                  0x0800bb1d   Thumb Code    70  sdcard.o(i.sd_init)
    sd_interrupts_process                    0x0800bb65   Thumb Code   286  sdcard.o(i.sd_interrupts_process)
    sd_multiblocks_read                      0x0800bc95   Thumb Code   632  sdcard.o(i.sd_multiblocks_read)
    sd_multiblocks_write                     0x0800bf31   Thumb Code   878  sdcard.o(i.sd_multiblocks_write)
    sd_power_on                              0x0800c2c9   Thumb Code   290  sdcard.o(i.sd_power_on)
    sd_transfer_mode_config                  0x0800c551   Thumb Code    20  sdcard.o(i.sd_transfer_mode_config)
    sd_transfer_stop                         0x0800c569   Thumb Code    36  sdcard.o(i.sd_transfer_stop)
    sdio_bus_mode_set                        0x0800c58d   Thumb Code    22  gd32f4xx_sdio.o(i.sdio_bus_mode_set)
    sdio_clock_config                        0x0800c5a9   Thumb Code    44  gd32f4xx_sdio.o(i.sdio_clock_config)
    sdio_clock_enable                        0x0800c5dd   Thumb Code    14  gd32f4xx_sdio.o(i.sdio_clock_enable)
    sdio_command_index_get                   0x0800c5f1   Thumb Code     8  gd32f4xx_sdio.o(i.sdio_command_index_get)
    sdio_command_response_config             0x0800c5fd   Thumb Code    52  gd32f4xx_sdio.o(i.sdio_command_response_config)
    sdio_csm_enable                          0x0800c635   Thumb Code    14  gd32f4xx_sdio.o(i.sdio_csm_enable)
    sdio_data_config                         0x0800c649   Thumb Code    54  gd32f4xx_sdio.o(i.sdio_data_config)
    sdio_data_read                           0x0800c685   Thumb Code     6  gd32f4xx_sdio.o(i.sdio_data_read)
    sdio_data_transfer_config                0x0800c691   Thumb Code    24  gd32f4xx_sdio.o(i.sdio_data_transfer_config)
    sdio_data_write                          0x0800c6ad   Thumb Code     6  gd32f4xx_sdio.o(i.sdio_data_write)
    sdio_deinit                              0x0800c6b9   Thumb Code    20  gd32f4xx_sdio.o(i.sdio_deinit)
    sdio_dma_disable                         0x0800c6cd   Thumb Code    14  gd32f4xx_sdio.o(i.sdio_dma_disable)
    sdio_dma_enable                          0x0800c6e1   Thumb Code    14  gd32f4xx_sdio.o(i.sdio_dma_enable)
    sdio_dsm_disable                         0x0800c6f5   Thumb Code    14  gd32f4xx_sdio.o(i.sdio_dsm_disable)
    sdio_dsm_enable                          0x0800c709   Thumb Code    14  gd32f4xx_sdio.o(i.sdio_dsm_enable)
    sdio_flag_clear                          0x0800c71d   Thumb Code     6  gd32f4xx_sdio.o(i.sdio_flag_clear)
    sdio_flag_get                            0x0800c729   Thumb Code    16  gd32f4xx_sdio.o(i.sdio_flag_get)
    sdio_hardware_clock_disable              0x0800c73d   Thumb Code    14  gd32f4xx_sdio.o(i.sdio_hardware_clock_disable)
    sdio_interrupt_disable                   0x0800c751   Thumb Code    12  gd32f4xx_sdio.o(i.sdio_interrupt_disable)
    sdio_interrupt_enable                    0x0800c761   Thumb Code    12  gd32f4xx_sdio.o(i.sdio_interrupt_enable)
    sdio_interrupt_flag_clear                0x0800c771   Thumb Code     6  gd32f4xx_sdio.o(i.sdio_interrupt_flag_clear)
    sdio_interrupt_flag_get                  0x0800c77d   Thumb Code    16  gd32f4xx_sdio.o(i.sdio_interrupt_flag_get)
    sdio_power_state_get                     0x0800c791   Thumb Code     6  gd32f4xx_sdio.o(i.sdio_power_state_get)
    sdio_power_state_set                     0x0800c79d   Thumb Code     6  gd32f4xx_sdio.o(i.sdio_power_state_set)
    sdio_response_get                        0x0800c7a9   Thumb Code    56  gd32f4xx_sdio.o(i.sdio_response_get)
    sdio_wait_type_set                       0x0800c7e5   Thumb Code    22  gd32f4xx_sdio.o(i.sdio_wait_type_set)
    spi_enable                               0x0800c801   Thumb Code    10  gd32f4xx_spi.o(i.spi_enable)
    spi_flash_buffer_read                    0x0800c80d   Thumb Code    80  spi_flash.o(i.spi_flash_buffer_read)
    spi_flash_buffer_write                   0x0800c861   Thumb Code   290  spi_flash.o(i.spi_flash_buffer_write)
    spi_flash_init                           0x0800c985   Thumb Code   146  spi_flash.o(i.spi_flash_init)
    spi_flash_page_write                     0x0800ca21   Thumb Code    86  spi_flash.o(i.spi_flash_page_write)
    spi_flash_read_id                        0x0800ca7d   Thumb Code    78  spi_flash.o(i.spi_flash_read_id)
    spi_flash_sector_erase                   0x0800cad1   Thumb Code    62  spi_flash.o(i.spi_flash_sector_erase)
    spi_flash_send_byte                      0x0800cb15   Thumb Code    50  spi_flash.o(i.spi_flash_send_byte)
    spi_flash_wait_for_write_end             0x0800cb4d   Thumb Code    50  spi_flash.o(i.spi_flash_wait_for_write_end)
    spi_flash_write_enable                   0x0800cb85   Thumb Code    30  spi_flash.o(i.spi_flash_write_enable)
    spi_i2s_data_receive                     0x0800cba9   Thumb Code     8  gd32f4xx_spi.o(i.spi_i2s_data_receive)
    spi_i2s_data_transmit                    0x0800cbb1   Thumb Code     4  gd32f4xx_spi.o(i.spi_i2s_data_transmit)
    spi_i2s_flag_get                         0x0800cbb5   Thumb Code    16  gd32f4xx_spi.o(i.spi_i2s_flag_get)
    spi_init                                 0x0800cbc5   Thumb Code    50  gd32f4xx_spi.o(i.spi_init)
    systick_config                           0x0800cddd   Thumb Code    74  systick.o(i.systick_config)
    usart_baudrate_set                       0x0800ce2d   Thumb Code   224  gd32f4xx_usart.o(i.usart_baudrate_set)
    usart_data_transmit                      0x0800cf15   Thumb Code     8  gd32f4xx_usart.o(i.usart_data_transmit)
    usart_deinit                             0x0800cf1d   Thumb Code   210  gd32f4xx_usart.o(i.usart_deinit)
    usart_dma_receive_config                 0x0800cff9   Thumb Code    20  gd32f4xx_usart.o(i.usart_dma_receive_config)
    usart_enable                             0x0800d00d   Thumb Code    10  gd32f4xx_usart.o(i.usart_enable)
    usart_flag_clear                         0x0800d017   Thumb Code    52  gd32f4xx_usart.o(i.usart_flag_clear)
    usart_flag_get                           0x0800d04b   Thumb Code    30  gd32f4xx_usart.o(i.usart_flag_get)
    usart_hardware_flow_cts_config           0x0800d069   Thumb Code    20  gd32f4xx_usart.o(i.usart_hardware_flow_cts_config)
    usart_hardware_flow_rts_config           0x0800d07d   Thumb Code    20  gd32f4xx_usart.o(i.usart_hardware_flow_rts_config)
    usart_interrupt_enable                   0x0800d091   Thumb Code    26  gd32f4xx_usart.o(i.usart_interrupt_enable)
    usart_interrupt_flag_get                 0x0800d0ab   Thumb Code    56  gd32f4xx_usart.o(i.usart_interrupt_flag_get)
    usart_parity_config                      0x0800d0e3   Thumb Code    16  gd32f4xx_usart.o(i.usart_parity_config)
    usart_receive_config                     0x0800d0f3   Thumb Code    16  gd32f4xx_usart.o(i.usart_receive_config)
    usart_stop_bit_set                       0x0800d103   Thumb Code    16  gd32f4xx_usart.o(i.usart_stop_bit_set)
    usart_transmit_config                    0x0800d113   Thumb Code    16  gd32f4xx_usart.o(i.usart_transmit_config)
    usart_word_length_set                    0x0800d123   Thumb Code    16  gd32f4xx_usart.o(i.usart_word_length_set)
    oled_asc2_1206                           0x0800d15c   Data        1140  oled.o(.constdata)
    oled_asc2_1608                           0x0800d5d0   Data        1520  oled.o(.constdata)
    oled_asc2_2412                           0x0800dbc0   Data        3420  oled.o(.constdata)
    OLED_HZK_XMZB                            0x0800e91c   Data         288  oled.o(.constdata)
    Region$$Table$$Base                      0x0800f00c   Number         0  anon$$obj.o(Region$$Table)
    Region$$Table$$Limit                     0x0800f02c   Number         0  anon$$obj.o(Region$$Table)
    uwTick                                   0x20000004   Data           4  systick.o(.data)
    sd_scr                                   0x20000008   Data           8  sdcard.o(.data)
    uart_flag                                0x2000002c   Data           1  uart.o(.data)
    count                                    0x200000b0   Data           2  sdcard_app.o(.data)
    result                                   0x200000b2   Data           2  sdcard_app.o(.data)
    br                                       0x200000b4   Data           4  sdcard_app.o(.data)
    bw                                       0x200000b8   Data           4  sdcard_app.o(.data)
    textfilebuffer                           0x200000bc   Data        2048  sdcard_app.o(.data)
    ADC_value                                0x200008bc   Data           4  adc_app.o(.data)
    nowtime                                  0x200008c0   Data           4  scheduler.o(.data)
    Scheduler_Task                           0x200008c4   Data          72  scheduler.o(.data)
    task_num                                 0x2000090c   Data           1  scheduler.o(.data)
    SystemCoreClock                          0x20000910   Data           4  system_gd32f4xx.o(.data)
    __stderr                                 0x2000091c   Data           4  stderr.o(.data)
    __stdout                                 0x20000920   Data           4  stdout.o(.data)
    __microlib_freelist                      0x20000924   Data           4  mvars.o(.data)
    __microlib_freelist_initialised          0x20000928   Data           4  mvars.o(.data)
    uart_dma_rx_buffer                       0x20000b4c   Data         128  uart.o(.bss)
    uart_read_buffer                         0x20000bcc   Data         128  uart.o(.bss)
    uart_dma_buffer                          0x20000c4c   Data         140  uart.o(.bss)
    lfs                                      0x20000cd8   Data         128  lfs_port.o(.bss)
    file                                     0x20000d58   Data          84  lfs_port.o(.bss)
    cfg                                      0x20000dac   Data          84  lfs_port.o(.bss)
    rtc_initpara                             0x20000e00   Data          20  rtc_app.o(.bss)
    fdst                                     0x20000e14   Data         548  sdcard_app.o(.bss)
    fs                                       0x20001038   Data         560  sdcard_app.o(.bss)
    buffer                                   0x20001268   Data         128  sdcard_app.o(.bss)
    filebuffer                               0x200012e8   Data         128  sdcard_app.o(.bss)
    __heap_base                              0x20001390   Data           0  startup_gd32f450_470.o(HEAP)
    __heap_limit                             0x20001790   Data           0  startup_gd32f450_470.o(HEAP)
    __initial_sp                             0x20001b90   Data           0  startup_gd32f450_470.o(STACK)



==============================================================================

Memory Map of the image

  Image Entry point : 0x080001ad

  Load Region LR_IROM1 (Base: 0x08000000, Size: 0x0000f958, Max: 0x00080000, ABSOLUTE, COMPRESSED[0x0000f098])

    Execution Region ER_IROM1 (Exec base: 0x08000000, Load base: 0x08000000, Size: 0x0000f02c, Max: 0x00080000, ABSOLUTE)

    Exec Addr    Load Addr    Size         Type   Attr      Idx    E Section Name        Object

    0x08000000   0x08000000   0x000001ac   Data   RO         6912    RESET               startup_gd32f450_470.o
    0x080001ac   0x080001ac   0x00000000   Code   RO         8477  * .ARM.Collect$$$$00000000  mc_w.l(entry.o)
    0x080001ac   0x080001ac   0x00000004   Code   RO         8792    .ARM.Collect$$$$00000001  mc_w.l(entry2.o)
    0x080001b0   0x080001b0   0x00000004   Code   RO         8795    .ARM.Collect$$$$00000004  mc_w.l(entry5.o)
    0x080001b4   0x080001b4   0x00000000   Code   RO         8797    .ARM.Collect$$$$00000008  mc_w.l(entry7b.o)
    0x080001b4   0x080001b4   0x00000000   Code   RO         8799    .ARM.Collect$$$$0000000A  mc_w.l(entry8b.o)
    0x080001b4   0x080001b4   0x00000008   Code   RO         8800    .ARM.Collect$$$$0000000B  mc_w.l(entry9a.o)
    0x080001bc   0x080001bc   0x00000004   Code   RO         8807    .ARM.Collect$$$$0000000E  mc_w.l(entry12b.o)
    0x080001c0   0x080001c0   0x00000000   Code   RO         8802    .ARM.Collect$$$$0000000F  mc_w.l(entry10a.o)
    0x080001c0   0x080001c0   0x00000000   Code   RO         8804    .ARM.Collect$$$$00000011  mc_w.l(entry11a.o)
    0x080001c0   0x080001c0   0x00000004   Code   RO         8793    .ARM.Collect$$$$00002712  mc_w.l(entry2.o)
    0x080001c4   0x080001c4   0x00000024   Code   RO         6913    .text               startup_gd32f450_470.o
    0x080001e8   0x080001e8   0x00000024   Code   RO         8485    .text               mc_w.l(memcpya.o)
    0x0800020c   0x0800020c   0x00000024   Code   RO         8487    .text               mc_w.l(memseta.o)
    0x08000230   0x08000230   0x0000001a   Code   RO         8491    .text               mc_w.l(memcmp.o)
    0x0800024a   0x0800024a   0x0000001c   Code   RO         8495    .text               mc_w.l(strspn.o)
    0x08000266   0x08000266   0x00000022   Code   RO         8497    .text               mc_w.l(strcspn.o)
    0x08000288   0x08000288   0x00000026   Code   RO         8790    .text               mf_w.l(f2d.o)
    0x080002ae   0x080002ae   0x0000002c   Code   RO         8809    .text               mc_w.l(uidiv.o)
    0x080002da   0x080002da   0x00000062   Code   RO         8811    .text               mc_w.l(uldiv.o)
    0x0800033c   0x0800033c   0x00000000   Code   RO         8815    .text               mc_w.l(iusefp.o)
    0x0800033c   0x0800033c   0x0000014e   Code   RO         8816    .text               mf_w.l(dadd.o)
    0x0800048a   0x0800048a   0x000000e4   Code   RO         8818    .text               mf_w.l(dmul.o)
    0x0800056e   0x0800056e   0x000000de   Code   RO         8820    .text               mf_w.l(ddiv.o)
    0x0800064c   0x0800064c   0x00000030   Code   RO         8822    .text               mf_w.l(dfixul.o)
    0x0800067c   0x0800067c   0x00000030   Code   RO         8824    .text               mf_w.l(cdrcmple.o)
    0x080006ac   0x080006ac   0x00000024   Code   RO         8826    .text               mc_w.l(init.o)
    0x080006d0   0x080006d0   0x0000001e   Code   RO         8828    .text               mc_w.l(llshl.o)
    0x080006ee   0x080006ee   0x00000020   Code   RO         8830    .text               mc_w.l(llushr.o)
    0x0800070e   0x0800070e   0x00000024   Code   RO         8832    .text               mc_w.l(llsshr.o)
    0x08000732   0x08000732   0x000000ba   Code   RO         8834    .text               mf_w.l(depilogue.o)
    0x080007ec   0x080007ec   0x00000056   Code   RO         8844    .text               mc_w.l(__dczerorl2.o)
    0x08000842   0x08000842   0x00000002   PAD
    0x08000844   0x08000844   0x00000014   Code   RO         1224    i.ADC_Task          adc_app.o
    0x08000858   0x08000858   0x00000004   Code   RO            3    i.BusFault_Handler  gd32f4xx_it.o
    0x0800085c   0x0800085c   0x00000002   Code   RO            4    i.DebugMon_Handler  gd32f4xx_it.o
    0x0800085e   0x0800085e   0x00000002   PAD
    0x08000860   0x08000860   0x00000058   Code   RO          893    i.EasyButton_Init   key.o
    0x080008b8   0x080008b8   0x0000000c   Code   RO          319    i.Get_Tick          systick.o
    0x080008c4   0x080008c4   0x00000004   Code   RO            5    i.HardFault_Handler  gd32f4xx_it.o
    0x080008c8   0x080008c8   0x00000030   Code   RO         8408    i.ITM_SendChar      retarget_io.o
    0x080008f8   0x080008f8   0x00000024   Code   RO          894    i.Key_Init          key.o
    0x0800091c   0x0800091c   0x0000000e   Code   RO          895    i.Key_Proc          key.o
    0x0800092a   0x0800092a   0x00000002   PAD
    0x0800092c   0x0800092c   0x00000050   Code   RO          478    i.LED_Init          led.o
    0x0800097c   0x0800097c   0x00000004   Code   RO            6    i.MemManage_Handler  gd32f4xx_it.o
    0x08000980   0x08000980   0x00000002   Code   RO            7    i.NMI_Handler       gd32f4xx_it.o
    0x08000982   0x08000982   0x00000002   PAD
    0x08000984   0x08000984   0x00000028   Code   RO          320    i.NVIC_SetPriority  systick.o
    0x080009ac   0x080009ac   0x00000036   Code   RO          728    i.Oled_Printf       oled.o
    0x080009e2   0x080009e2   0x00000002   PAD
    0x080009e4   0x080009e4   0x0000005c   Code   RO          729    i.Oled_Proc         oled.o
    0x08000a40   0x08000a40   0x00000002   Code   RO            8    i.PendSV_Handler    gd32f4xx_it.o
    0x08000a42   0x08000a42   0x00000002   PAD
    0x08000a44   0x08000a44   0x00000030   Code   RO         1094    i.RTC_Alarm_IRQHandler  rtc_app.o
    0x08000a74   0x08000a74   0x0000001e   Code   RO         1095    i.RTC_WKUP_IRQHandler  rtc_app.o
    0x08000a92   0x08000a92   0x00000008   Code   RO            9    i.SDIO_IRQHandler   gd32f4xx_it.o
    0x08000a9a   0x08000a9a   0x00000002   PAD
    0x08000a9c   0x08000a9c   0x00000214   Code   RO         1188    i.SD_test           sdcard_app.o
    0x08000cb0   0x08000cb0   0x00000002   Code   RO           10    i.SVC_Handler       gd32f4xx_it.o
    0x08000cb2   0x08000cb2   0x00000002   PAD
    0x08000cb4   0x08000cb4   0x0000000c   Code   RO         1361    i.Scheduler_Init    scheduler.o
    0x08000cc0   0x08000cc0   0x00000064   Code   RO         1362    i.Scheduler_Run     scheduler.o
    0x08000d24   0x08000d24   0x00000018   Code   RO           11    i.SysTick_Handler   gd32f4xx_it.o
    0x08000d3c   0x08000d3c   0x000000d4   Code   RO         1391    i.SystemInit        system_gd32f4xx.o
    0x08000e10   0x08000e10   0x0000000c   Code   RO         1329    i.System_Init       function.o
    0x08000e1c   0x08000e1c   0x00000098   Code   RO         1032    i.TestLFS           lfs_port.o
    0x08000eb4   0x08000eb4   0x000000c4   Code   RO          836    i.USART0_Config     uart.o
    0x08000f78   0x08000f78   0x00000098   Code   RO          838    i.USART0_IRQHandler  uart.o
    0x08001010   0x08001010   0x00000008   Code   RO          839    i.Uart_Init         uart.o
    0x08001018   0x08001018   0x0000006c   Code   RO          840    i.Uart_Proc         uart.o
    0x08001084   0x08001084   0x00000004   Code   RO           12    i.UsageFault_Handler  gd32f4xx_it.o
    0x08001088   0x08001088   0x00000078   Code   RO         1330    i.UsrFunction       function.o
    0x08001100   0x08001100   0x00000020   Code   RO         8734    i.__0printf         mc_w.l(printfa.o)
    0x08001120   0x08001120   0x00000034   Code   RO         8739    i.__0vsnprintf      mc_w.l(printfa.o)
    0x08001154   0x08001154   0x00000030   Code   RO         8366    i.__ARM_pop         lfs.o
    0x08001184   0x08001184   0x0000009c   Code   RO         8409    i.__aeabi_assert    retarget_io.o
    0x08001220   0x08001220   0x0000000e   Code   RO         8838    i.__scatterload_copy  mc_w.l(handlers.o)
    0x0800122e   0x0800122e   0x00000002   Code   RO         8839    i.__scatterload_null  mc_w.l(handlers.o)
    0x08001230   0x08001230   0x0000000e   Code   RO         8840    i.__scatterload_zeroinit  mc_w.l(handlers.o)
    0x0800123e   0x0800123e   0x00000002   PAD
    0x08001240   0x08001240   0x00000184   Code   RO         8741    i._fp_digits        mc_w.l(printfa.o)
    0x080013c4   0x080013c4   0x000006b4   Code   RO         8742    i._printf_core      mc_w.l(printfa.o)
    0x08001a78   0x08001a78   0x00000024   Code   RO         8743    i._printf_post_padding  mc_w.l(printfa.o)
    0x08001a9c   0x08001a9c   0x0000002e   Code   RO         8744    i._printf_pre_padding  mc_w.l(printfa.o)
    0x08001aca   0x08001aca   0x00000016   Code   RO         8745    i._snputc           mc_w.l(printfa.o)
    0x08001ae0   0x08001ae0   0x00000004   Code   RO         8411    i.abort             retarget_io.o
    0x08001ae4   0x08001ae4   0x0000002a   Code   RO         1432    i.adc_calibration_enable  gd32f4xx_adc.o
    0x08001b0e   0x08001b0e   0x00000052   Code   RO         1434    i.adc_channel_length_config  gd32f4xx_adc.o
    0x08001b60   0x08001b60   0x00000024   Code   RO         1435    i.adc_clock_config  gd32f4xx_adc.o
    0x08001b84   0x08001b84   0x00000016   Code   RO         1436    i.adc_data_alignment_config  gd32f4xx_adc.o
    0x08001b9a   0x08001b9a   0x00000014   Code   RO         1437    i.adc_deinit        gd32f4xx_adc.o
    0x08001bae   0x08001bae   0x00000012   Code   RO         1444    i.adc_enable        gd32f4xx_adc.o
    0x08001bc0   0x08001bc0   0x00000034   Code   RO         1446    i.adc_external_trigger_config  gd32f4xx_adc.o
    0x08001bf4   0x08001bf4   0x00000008   Code   RO         1448    i.adc_flag_clear    gd32f4xx_adc.o
    0x08001bfc   0x08001bfc   0x0000000e   Code   RO         1449    i.adc_flag_get      gd32f4xx_adc.o
    0x08001c0a   0x08001c0a   0x00000002   PAD
    0x08001c0c   0x08001c0c   0x00000064   Code   RO         1225    i.adc_get_result    adc_app.o
    0x08001c70   0x08001c70   0x00000088   Code   RO         1226    i.adc_init          adc_app.o
    0x08001cf8   0x08001cf8   0x00000010   Code   RO         1461    i.adc_resolution_config  gd32f4xx_adc.o
    0x08001d08   0x08001d08   0x000000ac   Code   RO         1462    i.adc_routine_channel_config  gd32f4xx_adc.o
    0x08001db4   0x08001db4   0x00000008   Code   RO         1463    i.adc_routine_data_read  gd32f4xx_adc.o
    0x08001dbc   0x08001dbc   0x00000024   Code   RO         1465    i.adc_software_trigger_enable  gd32f4xx_adc.o
    0x08001de0   0x08001de0   0x0000005a   Code   RO         1466    i.adc_special_function_config  gd32f4xx_adc.o
    0x08001e3a   0x08001e3a   0x00000002   PAD
    0x08001e3c   0x08001e3c   0x00000024   Code   RO         1471    i.adc_sync_mode_config  gd32f4xx_adc.o
    0x08001e60   0x08001e60   0x00000026   Code   RO         7215    i.bit_array_and     ebtn.o
    0x08001e86   0x08001e86   0x0000002e   Code   RO         7216    i.bit_array_assign  ebtn.o
    0x08001eb4   0x08001eb4   0x00000024   Code   RO         7217    i.bit_array_cmp     ebtn.o
    0x08001ed8   0x08001ed8   0x00000016   Code   RO         7218    i.bit_array_get     ebtn.o
    0x08001eee   0x08001eee   0x00000054   Code   RO         7219    i.bit_array_num_bits_set  ebtn.o
    0x08001f42   0x08001f42   0x00000002   PAD
    0x08001f44   0x08001f44   0x00000090   Code   RO         6981    i.check_fs          ff.o
    0x08001fd4   0x08001fd4   0x00000014   Code   RO         6982    i.chk_chr           ff.o
    0x08001fe8   0x08001fe8   0x00000394   Code   RO         6983    i.chk_mounted       ff.o
    0x0800237c   0x0800237c   0x0000001a   Code   RO         6984    i.clust2sect        ff.o
    0x08002396   0x08002396   0x00000002   PAD
    0x08002398   0x08002398   0x00000030   Code   RO          504    i.cmdsent_error_check  sdcard.o
    0x080023c8   0x080023c8   0x000000ca   Code   RO         6985    i.create_chain      ff.o
    0x08002492   0x08002492   0x00000002   PAD
    0x08002494   0x08002494   0x00000160   Code   RO         6986    i.create_name       ff.o
    0x080025f4   0x080025f4   0x00000014   Code   RO          321    i.delay_1ms         systick.o
    0x08002608   0x08002608   0x00000018   Code   RO          322    i.delay_decrement   systick.o
    0x08002620   0x08002620   0x0000005c   Code   RO         6987    i.dir_find          ff.o
    0x0800267c   0x0800267c   0x00000118   Code   RO         6988    i.dir_next          ff.o
    0x08002794   0x08002794   0x0000006e   Code   RO         6990    i.dir_register      ff.o
    0x08002802   0x08002802   0x0000009c   Code   RO         6992    i.dir_sdi           ff.o
    0x0800289e   0x0800289e   0x00000086   Code   RO         6919    i.disk_initialize   diskio.o
    0x08002924   0x08002924   0x00000006   Code   RO         6920    i.disk_ioctl        diskio.o
    0x0800292a   0x0800292a   0x00000050   Code   RO         6921    i.disk_read         diskio.o
    0x0800297a   0x0800297a   0x0000000c   Code   RO         6922    i.disk_status       diskio.o
    0x08002986   0x08002986   0x00000050   Code   RO         6923    i.disk_write        diskio.o
    0x080029d6   0x080029d6   0x00000020   Code   RO         2472    i.dma_channel_disable  gd32f4xx_dma.o
    0x080029f6   0x080029f6   0x00000020   Code   RO         2473    i.dma_channel_enable  gd32f4xx_dma.o
    0x08002a16   0x08002a16   0x00000026   Code   RO         2474    i.dma_channel_subperipheral_select  gd32f4xx_dma.o
    0x08002a3c   0x08002a3c   0x000000a6   Code   RO         2477    i.dma_deinit        gd32f4xx_dma.o
    0x08002ae2   0x08002ae2   0x0000003e   Code   RO         2479    i.dma_flag_clear    gd32f4xx_dma.o
    0x08002b20   0x08002b20   0x0000004c   Code   RO         2480    i.dma_flag_get      gd32f4xx_dma.o
    0x08002b6c   0x08002b6c   0x00000040   Code   RO         2481    i.dma_flow_controller_config  gd32f4xx_dma.o
    0x08002bac   0x08002bac   0x00000020   Code   RO         2486    i.dma_memory_address_config  gd32f4xx_dma.o
    0x08002bcc   0x08002bcc   0x00000164   Code   RO         2490    i.dma_multi_data_mode_init  gd32f4xx_dma.o
    0x08002d30   0x08002d30   0x000000b4   Code   RO          505    i.dma_receive_config  sdcard.o
    0x08002de4   0x08002de4   0x000000b4   Code   RO          506    i.dma_transfer_config  sdcard.o
    0x08002e98   0x08002e98   0x00000010   Code   RO         2502    i.dma_transfer_number_config  gd32f4xx_dma.o
    0x08002ea8   0x08002ea8   0x00000010   Code   RO         2503    i.dma_transfer_number_get  gd32f4xx_dma.o
    0x08002eb8   0x08002eb8   0x00000020   Code   RO         7220    i.ebtn_combo_btn_add_btn  ebtn.o
    0x08002ed8   0x08002ed8   0x00000020   Code   RO         7221    i.ebtn_combo_btn_add_btn_by_idx  ebtn.o
    0x08002ef8   0x08002ef8   0x00000048   Code   RO         7228    i.ebtn_get_btn_index_by_key_id  ebtn.o
    0x08002f40   0x08002f40   0x00000058   Code   RO         7229    i.ebtn_get_current_state  ebtn.o
    0x08002f98   0x08002f98   0x00000048   Code   RO         7231    i.ebtn_init         ebtn.o
    0x08002fe0   0x08002fe0   0x0000001a   Code   RO         7235    i.ebtn_process      ebtn.o
    0x08002ffa   0x08002ffa   0x00000038   Code   RO         7236    i.ebtn_process_btn  ebtn.o
    0x08003032   0x08003032   0x00000074   Code   RO         7237    i.ebtn_process_btn_combo  ebtn.o
    0x080030a6   0x080030a6   0x00000002   PAD
    0x080030a8   0x080030a8   0x000000c4   Code   RO         7238    i.ebtn_process_with_curr_state  ebtn.o
    0x0800316c   0x0800316c   0x00000006   Code   RO         7240    i.ebtn_timer_sub    ebtn.o
    0x08003172   0x08003172   0x00000002   PAD
    0x08003174   0x08003174   0x0000000c   Code   RO         3498    i.exti_flag_clear   gd32f4xx_exti.o
    0x08003180   0x08003180   0x00000016   Code   RO         6994    i.f_close           ff.o
    0x08003196   0x08003196   0x00000002   PAD
    0x08003198   0x08003198   0x0000002c   Code   RO         6998    i.f_mount           ff.o
    0x080031c4   0x080031c4   0x0000016c   Code   RO         6999    i.f_open            ff.o
    0x08003330   0x08003330   0x000001ce   Code   RO         7001    i.f_read            ff.o
    0x080034fe   0x080034fe   0x000000b8   Code   RO         7005    i.f_sync            ff.o
    0x080035b6   0x080035b6   0x0000020e   Code   RO         7009    i.f_write           ff.o
    0x080037c4   0x080037c4   0x0000009e   Code   RO         7010    i.follow_path       ff.o
    0x08003862   0x08003862   0x00000002   PAD
    0x08003864   0x08003864   0x00000020   Code   RO         8413    i.fputc             retarget_io.o
    0x08003884   0x08003884   0x00000018   Code   RO         8480    i.fputs             mc_w.l(fputs.o)
    0x0800389c   0x0800389c   0x00000050   Code   RO         8762    i.free              mc_w.l(malloc.o)
    0x080038ec   0x080038ec   0x000000e4   Code   RO         7011    i.get_fat           ff.o
    0x080039d0   0x080039d0   0x00000004   Code   RO         6924    i.get_fattime       diskio.o
    0x080039d4   0x080039d4   0x0000005e   Code   RO         3891    i.gpio_af_set       gd32f4xx_gpio.o
    0x08003a32   0x08003a32   0x00000004   Code   RO         3892    i.gpio_bit_reset    gd32f4xx_gpio.o
    0x08003a36   0x08003a36   0x00000004   Code   RO         3893    i.gpio_bit_set      gd32f4xx_gpio.o
    0x08003a3a   0x08003a3a   0x0000000a   Code   RO         3895    i.gpio_bit_write    gd32f4xx_gpio.o
    0x08003a44   0x08003a44   0x00000074   Code   RO          507    i.gpio_config       sdcard.o
    0x08003ab8   0x08003ab8   0x00000010   Code   RO         3897    i.gpio_input_bit_get  gd32f4xx_gpio.o
    0x08003ac8   0x08003ac8   0x0000004e   Code   RO         3899    i.gpio_mode_set     gd32f4xx_gpio.o
    0x08003b16   0x08003b16   0x00000042   Code   RO         3901    i.gpio_output_options_set  gd32f4xx_gpio.o
    0x08003b58   0x08003b58   0x0000001e   Code   RO         1263    i.iic_delay         myiic.o
    0x08003b76   0x08003b76   0x00000002   PAD
    0x08003b78   0x08003b78   0x00000054   Code   RO         1264    i.iic_init          myiic.o
    0x08003bcc   0x08003bcc   0x00000070   Code   RO         1267    i.iic_send_byte     myiic.o
    0x08003c3c   0x08003c3c   0x00000050   Code   RO         1268    i.iic_start         myiic.o
    0x08003c8c   0x08003c8c   0x00000040   Code   RO         1269    i.iic_stop          myiic.o
    0x08003ccc   0x08003ccc   0x00000044   Code   RO         1270    i.iic_wait_ack      myiic.o
    0x08003d10   0x08003d10   0x0000001c   Code   RO         1033    i.lfs_Task          lfs_port.o
    0x08003d2c   0x08003d2c   0x0000000e   Code   RO         7428    i.lfs_aligndown     lfs.o
    0x08003d3a   0x08003d3a   0x00000012   Code   RO         7429    i.lfs_alignup       lfs.o
    0x08003d4c   0x08003d4c   0x0000010c   Code   RO         7430    i.lfs_alloc         lfs.o
    0x08003e58   0x08003e58   0x00000006   Code   RO         7431    i.lfs_alloc_ckpoint  lfs.o
    0x08003e5e   0x08003e5e   0x00000012   Code   RO         7432    i.lfs_alloc_drop    lfs.o
    0x08003e70   0x08003e70   0x0000003e   Code   RO         7433    i.lfs_alloc_lookahead  lfs.o
    0x08003eae   0x08003eae   0x00000002   PAD
    0x08003eb0   0x08003eb0   0x00000054   Code   RO         7434    i.lfs_alloc_scan    lfs.o
    0x08003f04   0x08003f04   0x00000074   Code   RO         7435    i.lfs_bd_cmp        lfs.o
    0x08003f78   0x08003f78   0x00000066   Code   RO         7436    i.lfs_bd_crc        lfs.o
    0x08003fde   0x08003fde   0x00000002   PAD
    0x08003fe0   0x08003fe0   0x00000084   Code   RO         7437    i.lfs_bd_erase      lfs.o
    0x08004064   0x08004064   0x00000108   Code   RO         7438    i.lfs_bd_flush      lfs.o
    0x0800416c   0x0800416c   0x00000190   Code   RO         7439    i.lfs_bd_prog       lfs.o
    0x080042fc   0x080042fc   0x00000218   Code   RO         7440    i.lfs_bd_read       lfs.o
    0x08004514   0x08004514   0x00000074   Code   RO         7441    i.lfs_bd_sync       lfs.o
    0x08004588   0x08004588   0x00000008   Code   RO         7442    i.lfs_cache_drop    lfs.o
    0x08004590   0x08004590   0x0000001a   Code   RO         7443    i.lfs_cache_zero    lfs.o
    0x080045aa   0x080045aa   0x00000002   PAD
    0x080045ac   0x080045ac   0x0000003c   Code   RO         8387    i.lfs_crc           lfs_util.o
    0x080045e8   0x080045e8   0x0000000c   Code   RO         7445    i.lfs_ctz           lfs.o
    0x080045f4   0x080045f4   0x000001d4   Code   RO         7446    i.lfs_ctz_extend    lfs.o
    0x080047c8   0x080047c8   0x000000a6   Code   RO         7447    i.lfs_ctz_find      lfs.o
    0x0800486e   0x0800486e   0x00000016   Code   RO         7448    i.lfs_ctz_fromle32  lfs.o
    0x08004884   0x08004884   0x00000048   Code   RO         7449    i.lfs_ctz_index     lfs.o
    0x080048cc   0x080048cc   0x00000016   Code   RO         7450    i.lfs_ctz_tole32    lfs.o
    0x080048e2   0x080048e2   0x000000aa   Code   RO         7451    i.lfs_ctz_traverse  lfs.o
    0x0800498c   0x0800498c   0x0000002c   Code   RO         7452    i.lfs_deinit        lfs.o
    0x080049b8   0x080049b8   0x000000aa   Code   RO         7453    i.lfs_dir_alloc     lfs.o
    0x08004a62   0x08004a62   0x0000003c   Code   RO         7456    i.lfs_dir_commit    lfs.o
    0x08004a9e   0x08004a9e   0x0000001c   Code   RO         7457    i.lfs_dir_commit_commit  lfs.o
    0x08004aba   0x08004aba   0x0000001e   Code   RO         7458    i.lfs_dir_commit_size  lfs.o
    0x08004ad8   0x08004ad8   0x000000c8   Code   RO         7459    i.lfs_dir_commitattr  lfs.o
    0x08004ba0   0x08004ba0   0x00000240   Code   RO         7460    i.lfs_dir_commitcrc  lfs.o
    0x08004de0   0x08004de0   0x0000004a   Code   RO         7461    i.lfs_dir_commitprog  lfs.o
    0x08004e2a   0x08004e2a   0x00000002   PAD
    0x08004e2c   0x08004e2c   0x00000358   Code   RO         7462    i.lfs_dir_compact   lfs.o
    0x08005184   0x08005184   0x00000022   Code   RO         7464    i.lfs_dir_fetch     lfs.o
    0x080051a6   0x080051a6   0x00000002   PAD
    0x080051a8   0x080051a8   0x0000059c   Code   RO         7465    i.lfs_dir_fetchmatch  lfs.o
    0x08005744   0x08005744   0x000001a4   Code   RO         7466    i.lfs_dir_find      lfs.o
    0x080058e8   0x080058e8   0x00000072   Code   RO         7467    i.lfs_dir_find_match  lfs.o
    0x0800595a   0x0800595a   0x0000002e   Code   RO         7468    i.lfs_dir_get       lfs.o
    0x08005988   0x08005988   0x00000060   Code   RO         7469    i.lfs_dir_getgstate  lfs.o
    0x080059e8   0x080059e8   0x0000012e   Code   RO         7471    i.lfs_dir_getread   lfs.o
    0x08005b16   0x08005b16   0x00000002   PAD
    0x08005b18   0x08005b18   0x00000174   Code   RO         7472    i.lfs_dir_getslice  lfs.o
    0x08005c8c   0x08005c8c   0x0000002c   Code   RO         7473    i.lfs_dir_needsrelocation  lfs.o
    0x08005cb8   0x08005cb8   0x00000484   Code   RO         7476    i.lfs_dir_orphaningcommit  lfs.o
    0x0800613c   0x0800613c   0x00000404   Code   RO         7479    i.lfs_dir_relocatingcommit  lfs.o
    0x08006540   0x08006540   0x0000007e   Code   RO         7484    i.lfs_dir_split     lfs.o
    0x080065be   0x080065be   0x00000002   PAD
    0x080065c0   0x080065c0   0x00000248   Code   RO         7485    i.lfs_dir_splittingcompact  lfs.o
    0x08006808   0x08006808   0x000003c4   Code   RO         7488    i.lfs_dir_traverse  lfs.o
    0x08006bcc   0x08006bcc   0x00000090   Code   RO         7489    i.lfs_dir_traverse_filter  lfs.o
    0x08006c5c   0x08006c5c   0x00000016   Code   RO         7490    i.lfs_fcrc_fromle32  lfs.o
    0x08006c72   0x08006c72   0x00000016   Code   RO         7491    i.lfs_fcrc_tole32   lfs.o
    0x08006c88   0x08006c88   0x0000008c   Code   RO         7492    i.lfs_file_close    lfs.o
    0x08006d14   0x08006d14   0x00000028   Code   RO         7493    i.lfs_file_close_   lfs.o
    0x08006d3c   0x08006d3c   0x00000178   Code   RO         7494    i.lfs_file_flush    lfs.o
    0x08006eb4   0x08006eb4   0x0000012c   Code   RO         7495    i.lfs_file_flushedread  lfs.o
    0x08006fe0   0x08006fe0   0x0000018c   Code   RO         7496    i.lfs_file_flushedwrite  lfs.o
    0x0800716c   0x0800716c   0x00000098   Code   RO         7497    i.lfs_file_open     lfs.o
    0x08007204   0x08007204   0x00000028   Code   RO         7498    i.lfs_file_open_    lfs.o
    0x0800722c   0x0800722c   0x000002d0   Code   RO         7500    i.lfs_file_opencfg_  lfs.o
    0x080074fc   0x080074fc   0x0000002c   Code   RO         7501    i.lfs_file_outline  lfs.o
    0x08007528   0x08007528   0x00000098   Code   RO         7502    i.lfs_file_read     lfs.o
    0x080075c0   0x080075c0   0x000000a0   Code   RO         7503    i.lfs_file_read_    lfs.o
    0x08007660   0x08007660   0x00000174   Code   RO         7504    i.lfs_file_relocate  lfs.o
    0x080077d4   0x080077d4   0x0000001c   Code   RO         7505    i.lfs_file_rewind   lfs.o
    0x080077f0   0x080077f0   0x00000020   Code   RO         7506    i.lfs_file_rewind_  lfs.o
    0x08007810   0x08007810   0x000000b2   Code   RO         7508    i.lfs_file_seek_    lfs.o
    0x080078c2   0x080078c2   0x0000001c   Code   RO         7510    i.lfs_file_size_    lfs.o
    0x080078de   0x080078de   0x000000ea   Code   RO         7512    i.lfs_file_sync_    lfs.o
    0x080079c8   0x080079c8   0x00000098   Code   RO         7517    i.lfs_file_write    lfs.o
    0x08007a60   0x08007a60   0x0000011c   Code   RO         7518    i.lfs_file_write_   lfs.o
    0x08007b7c   0x08007b7c   0x0000001c   Code   RO         7519    i.lfs_format        lfs.o
    0x08007b98   0x08007b98   0x00000120   Code   RO         7520    i.lfs_format_       lfs.o
    0x08007cb8   0x08007cb8   0x0000000c   Code   RO         7521    i.lfs_free          lfs.o
    0x08007cc4   0x08007cc4   0x00000020   Code   RO         7522    i.lfs_frombe32      lfs.o
    0x08007ce4   0x08007ce4   0x00000020   Code   RO         7523    i.lfs_fromle32      lfs.o
    0x08007d04   0x08007d04   0x0000012c   Code   RO         7524    i.lfs_fs_demove     lfs.o
    0x08007e30   0x08007e30   0x000002c0   Code   RO         7525    i.lfs_fs_deorphan   lfs.o
    0x080080f0   0x080080f0   0x000000ec   Code   RO         7526    i.lfs_fs_desuperblock  lfs.o
    0x080081dc   0x080081dc   0x0000000c   Code   RO         7527    i.lfs_fs_disk_version  lfs.o
    0x080081e8   0x080081e8   0x00000014   Code   RO         7528    i.lfs_fs_disk_version_major  lfs.o
    0x080081fc   0x080081fc   0x0000000e   Code   RO         7529    i.lfs_fs_disk_version_minor  lfs.o
    0x0800820a   0x0800820a   0x00000034   Code   RO         7530    i.lfs_fs_forceconsistency  lfs.o
    0x0800823e   0x0800823e   0x00000002   PAD
    0x08008240   0x08008240   0x0000009c   Code   RO         7537    i.lfs_fs_parent     lfs.o
    0x080082dc   0x080082dc   0x00000058   Code   RO         7538    i.lfs_fs_parent_match  lfs.o
    0x08008334   0x08008334   0x00000078   Code   RO         7539    i.lfs_fs_pred       lfs.o
    0x080083ac   0x080083ac   0x00000048   Code   RO         7540    i.lfs_fs_prepmove   lfs.o
    0x080083f4   0x080083f4   0x000000e8   Code   RO         7541    i.lfs_fs_preporphans  lfs.o
    0x080084dc   0x080084dc   0x0000000e   Code   RO         7542    i.lfs_fs_prepsuperblock  lfs.o
    0x080084ea   0x080084ea   0x00000002   PAD
    0x080084ec   0x080084ec   0x00000024   Code   RO         7544    i.lfs_fs_size_      lfs.o
    0x08008510   0x08008510   0x00000010   Code   RO         7545    i.lfs_fs_size_count  lfs.o
    0x08008520   0x08008520   0x000001bc   Code   RO         7549    i.lfs_fs_traverse_  lfs.o
    0x080086dc   0x080086dc   0x00000014   Code   RO         7552    i.lfs_gstate_hasmove  lfs.o
    0x080086f0   0x080086f0   0x00000020   Code   RO         7553    i.lfs_gstate_hasmovehere  lfs.o
    0x08008710   0x08008710   0x00000014   Code   RO         7554    i.lfs_gstate_hasorphans  lfs.o
    0x08008724   0x08008724   0x00000016   Code   RO         7555    i.lfs_gstate_iszero  lfs.o
    0x0800873a   0x0800873a   0x00000016   Code   RO         7556    i.lfs_gstate_needssuperblock  lfs.o
    0x08008750   0x08008750   0x0000001e   Code   RO         7557    i.lfs_gstate_tole32  lfs.o
    0x0800876e   0x0800876e   0x0000001a   Code   RO         7558    i.lfs_gstate_xor    lfs.o
    0x08008788   0x08008788   0x000006c0   Code   RO         7559    i.lfs_init          lfs.o
    0x08008e48   0x08008e48   0x0000000c   Code   RO         7560    i.lfs_malloc        lfs.o
    0x08008e54   0x08008e54   0x0000000e   Code   RO         7561    i.lfs_max           lfs.o
    0x08008e62   0x08008e62   0x0000000e   Code   RO         7562    i.lfs_min           lfs.o
    0x08008e70   0x08008e70   0x00000008   Code   RO         7565    i.lfs_mlist_append  lfs.o
    0x08008e78   0x08008e78   0x0000001e   Code   RO         7566    i.lfs_mlist_isopen  lfs.o
    0x08008e96   0x08008e96   0x00000022   Code   RO         7567    i.lfs_mlist_remove  lfs.o
    0x08008eb8   0x08008eb8   0x0000001c   Code   RO         7568    i.lfs_mount         lfs.o
    0x08008ed4   0x08008ed4   0x00000488   Code   RO         7569    i.lfs_mount_        lfs.o
    0x0800935c   0x0800935c   0x0000000e   Code   RO         7570    i.lfs_npw2          lfs.o
    0x0800936a   0x0800936a   0x0000002a   Code   RO         7571    i.lfs_pair_cmp      lfs.o
    0x08009394   0x08009394   0x00000016   Code   RO         7572    i.lfs_pair_fromle32  lfs.o
    0x080093aa   0x080093aa   0x00000016   Code   RO         7573    i.lfs_pair_isnull   lfs.o
    0x080093c0   0x080093c0   0x0000002a   Code   RO         7574    i.lfs_pair_issync   lfs.o
    0x080093ea   0x080093ea   0x0000000a   Code   RO         7575    i.lfs_pair_swap     lfs.o
    0x080093f4   0x080093f4   0x00000016   Code   RO         7576    i.lfs_pair_tole32   lfs.o
    0x0800940a   0x0800940a   0x00000016   Code   RO         7577    i.lfs_path_isdir    lfs.o
    0x08009420   0x08009420   0x00000028   Code   RO         7578    i.lfs_path_islast   lfs.o
    0x08009448   0x08009448   0x00000014   Code   RO         7579    i.lfs_path_namelen  lfs.o
    0x0800945c   0x0800945c   0x0000000c   Code   RO         7580    i.lfs_popc          lfs.o
    0x08009468   0x08009468   0x0000006c   Code   RO         1034    i.lfs_spi_flash_erase  lfs_port.o
    0x080094d4   0x080094d4   0x0000005c   Code   RO         1035    i.lfs_spi_flash_init  lfs_port.o
    0x08009530   0x08009530   0x000000e4   Code   RO         1036    i.lfs_spi_flash_prog  lfs_port.o
    0x08009614   0x08009614   0x000000e0   Code   RO         1037    i.lfs_spi_flash_read  lfs_port.o
    0x080096f4   0x080096f4   0x00000006   Code   RO         1038    i.lfs_spi_flash_sync  lfs_port.o
    0x080096fa   0x080096fa   0x00000036   Code   RO         7591    i.lfs_superblock_fromle32  lfs.o
    0x08009730   0x08009730   0x00000036   Code   RO         7592    i.lfs_superblock_tole32  lfs.o
    0x08009766   0x08009766   0x00000008   Code   RO         7593    i.lfs_tag_chunk     lfs.o
    0x0800976e   0x0800976e   0x00000016   Code   RO         7594    i.lfs_tag_dsize     lfs.o
    0x08009784   0x08009784   0x00000008   Code   RO         7595    i.lfs_tag_id        lfs.o
    0x0800978c   0x0800978c   0x00000012   Code   RO         7596    i.lfs_tag_isdelete  lfs.o
    0x0800979e   0x0800979e   0x00000012   Code   RO         7597    i.lfs_tag_isvalid   lfs.o
    0x080097b0   0x080097b0   0x00000008   Code   RO         7598    i.lfs_tag_size      lfs.o
    0x080097b8   0x080097b8   0x0000000e   Code   RO         7599    i.lfs_tag_splice    lfs.o
    0x080097c6   0x080097c6   0x0000000a   Code   RO         7600    i.lfs_tag_type1     lfs.o
    0x080097d0   0x080097d0   0x0000000a   Code   RO         7601    i.lfs_tag_type2     lfs.o
    0x080097da   0x080097da   0x00000008   Code   RO         7602    i.lfs_tag_type3     lfs.o
    0x080097e2   0x080097e2   0x0000000c   Code   RO         7603    i.lfs_tobe32        lfs.o
    0x080097ee   0x080097ee   0x0000000c   Code   RO         7604    i.lfs_tole32        lfs.o
    0x080097fa   0x080097fa   0x00000002   PAD
    0x080097fc   0x080097fc   0x0000009c   Code   RO         7605    i.lfs_tortoise_detectcycles  lfs.o
    0x08009898   0x08009898   0x00000018   Code   RO         7606    i.lfs_unmount       lfs.o
    0x080098b0   0x080098b0   0x0000000c   Code   RO         7607    i.lfs_unmount_      lfs.o
    0x080098bc   0x080098bc   0x0000000e   Code   RO          299    i.main              main.o
    0x080098ca   0x080098ca   0x00000002   PAD
    0x080098cc   0x080098cc   0x0000006c   Code   RO         8763    i.malloc            mc_w.l(malloc.o)
    0x08009938   0x08009938   0x00000026   Code   RO         7013    i.mem_cmp           ff.o
    0x0800995e   0x0800995e   0x0000001a   Code   RO         7014    i.mem_cpy           ff.o
    0x08009978   0x08009978   0x00000014   Code   RO         7015    i.mem_set           ff.o
    0x0800998c   0x0800998c   0x00000024   Code   RO         1189    i.memory_compare    sdcard_app.o
    0x080099b0   0x080099b0   0x00000072   Code   RO         7016    i.move_window       ff.o
    0x08009a22   0x08009a22   0x00000002   PAD
    0x08009a24   0x08009a24   0x00000054   Code   RO          896    i.my_get_state_fn   key.o
    0x08009a78   0x08009a78   0x00000084   Code   RO          897    i.my_handle_key_event  key.o
    0x08009afc   0x08009afc   0x00000056   Code   RO          841    i.my_printf         uart.o
    0x08009b52   0x08009b52   0x00000020   Code   RO         1331    i.nvic_config       function.o
    0x08009b72   0x08009b72   0x00000002   PAD
    0x08009b74   0x08009b74   0x000000c4   Code   RO         4464    i.nvic_irq_enable   gd32f4xx_misc.o
    0x08009c38   0x08009c38   0x00000014   Code   RO         4465    i.nvic_priority_group_set  gd32f4xx_misc.o
    0x08009c4c   0x08009c4c   0x00000030   Code   RO          730    i.oled_clear        oled.o
    0x08009c7c   0x08009c7c   0x00000060   Code   RO          733    i.oled_draw_point   oled.o
    0x08009cdc   0x08009cdc   0x000000d4   Code   RO          735    i.oled_init         oled.o
    0x08009db0   0x08009db0   0x00000068   Code   RO          737    i.oled_refresh_gram  oled.o
    0x08009e18   0x08009e18   0x00000120   Code   RO          738    i.oled_show_char    oled.o
    0x08009f38   0x08009f38   0x0000005e   Code   RO          740    i.oled_show_string  oled.o
    0x08009f96   0x08009f96   0x00000038   Code   RO          741    i.oled_wr_byte      oled.o
    0x08009fce   0x08009fce   0x00000002   PAD
    0x08009fd0   0x08009fd0   0x00000014   Code   RO         4521    i.pmu_backup_write_enable  gd32f4xx_pmu.o
    0x08009fe4   0x08009fe4   0x000001e8   Code   RO         7241    i.prv_process_btn   ebtn.o
    0x0800a1cc   0x0800a1cc   0x00000136   Code   RO         7017    i.put_fat           ff.o
    0x0800a302   0x0800a302   0x00000002   PAD
    0x0800a304   0x0800a304   0x00000084   Code   RO          508    i.r1_error_check    sdcard.o
    0x0800a388   0x0800a388   0x000000ae   Code   RO          509    i.r1_error_type_check  sdcard.o
    0x0800a436   0x0800a436   0x00000002   PAD
    0x0800a438   0x0800a438   0x00000050   Code   RO          510    i.r2_error_check    sdcard.o
    0x0800a488   0x0800a488   0x0000003c   Code   RO          511    i.r3_error_check    sdcard.o
    0x0800a4c4   0x0800a4c4   0x000000a8   Code   RO          512    i.r6_error_check    sdcard.o
    0x0800a56c   0x0800a56c   0x00000050   Code   RO          513    i.r7_error_check    sdcard.o
    0x0800a5bc   0x0800a5bc   0x00000124   Code   RO         4669    i.rcu_clock_freq_get  gd32f4xx_rcu.o
    0x0800a6e0   0x0800a6e0   0x00000024   Code   RO          514    i.rcu_config        sdcard.o
    0x0800a704   0x0800a704   0x00000024   Code   RO         4672    i.rcu_flag_get      gd32f4xx_rcu.o
    0x0800a728   0x0800a728   0x00000024   Code   RO         4685    i.rcu_osci_on       gd32f4xx_rcu.o
    0x0800a74c   0x0800a74c   0x0000015c   Code   RO         4686    i.rcu_osci_stab_wait  gd32f4xx_rcu.o
    0x0800a8a8   0x0800a8a8   0x00000024   Code   RO         4688    i.rcu_periph_clock_enable  gd32f4xx_rcu.o
    0x0800a8cc   0x0800a8cc   0x00000024   Code   RO         4691    i.rcu_periph_reset_disable  gd32f4xx_rcu.o
    0x0800a8f0   0x0800a8f0   0x00000024   Code   RO         4692    i.rcu_periph_reset_enable  gd32f4xx_rcu.o
    0x0800a914   0x0800a914   0x00000018   Code   RO         4697    i.rcu_rtc_clock_config  gd32f4xx_rcu.o
    0x0800a92c   0x0800a92c   0x00000068   Code   RO         7018    i.remove_chain      ff.o
    0x0800a994   0x0800a994   0x00000010   Code   RO         7387    i.ringbuffer_is_empty  ringbuffer.o
    0x0800a9a4   0x0800a9a4   0x00000012   Code   RO         7388    i.ringbuffer_is_full  ringbuffer.o
    0x0800a9b6   0x0800a9b6   0x00000042   Code   RO         7389    i.ringbuffer_read   ringbuffer.o
    0x0800a9f8   0x0800a9f8   0x00000064   Code   RO         7390    i.ringbuffer_write  ringbuffer.o
    0x0800aa5c   0x0800aa5c   0x00000098   Code   RO         1096    i.rtc_Task          rtc_app.o
    0x0800aaf4   0x0800aaf4   0x00000016   Code   RO         1097    i.rtc_bcd2dec       rtc_app.o
    0x0800ab0a   0x0800ab0a   0x00000002   PAD
    0x0800ab0c   0x0800ab0c   0x000000cc   Code   RO         1098    i.rtc_config        rtc_app.o
    0x0800abd8   0x0800abd8   0x00000064   Code   RO         4969    i.rtc_current_time_get  gd32f4xx_rtc.o
    0x0800ac3c   0x0800ac3c   0x0000001c   Code   RO         1099    i.rtc_dec2bcd       rtc_app.o
    0x0800ac58   0x0800ac58   0x00000010   Code   RO         4971    i.rtc_flag_clear    gd32f4xx_rtc.o
    0x0800ac68   0x0800ac68   0x00000014   Code   RO         4972    i.rtc_flag_get      gd32f4xx_rtc.o
    0x0800ac7c   0x0800ac7c   0x00000040   Code   RO         1100    i.rtc_get_date      rtc_app.o
    0x0800acbc   0x0800acbc   0x00000044   Code   RO         1101    i.rtc_get_time      rtc_app.o
    0x0800ad00   0x0800ad00   0x000000dc   Code   RO         4974    i.rtc_init          gd32f4xx_rtc.o
    0x0800addc   0x0800addc   0x00000048   Code   RO         4975    i.rtc_init_mode_enter  gd32f4xx_rtc.o
    0x0800ae24   0x0800ae24   0x00000014   Code   RO         4976    i.rtc_init_mode_exit  gd32f4xx_rtc.o
    0x0800ae38   0x0800ae38   0x00000060   Code   RO         4981    i.rtc_register_sync_wait  gd32f4xx_rtc.o
    0x0800ae98   0x0800ae98   0x00000050   Code   RO         1104    i.rtc_set_date      rtc_app.o
    0x0800aee8   0x0800aee8   0x00000050   Code   RO         1105    i.rtc_set_time      rtc_app.o
    0x0800af38   0x0800af38   0x00000218   Code   RO          515    i.sd_block_read     sdcard.o
    0x0800b150   0x0800b150   0x00000320   Code   RO          516    i.sd_block_write    sdcard.o
    0x0800b470   0x0800b470   0x00000094   Code   RO          517    i.sd_bus_mode_config  sdcard.o
    0x0800b504   0x0800b504   0x000000fc   Code   RO          518    i.sd_bus_width_config  sdcard.o
    0x0800b600   0x0800b600   0x000002c0   Code   RO          520    i.sd_card_information_get  sdcard.o
    0x0800b8c0   0x0800b8c0   0x0000011c   Code   RO          521    i.sd_card_init      sdcard.o
    0x0800b9dc   0x0800b9dc   0x00000026   Code   RO          522    i.sd_card_select_deselect  sdcard.o
    0x0800ba02   0x0800ba02   0x00000002   PAD
    0x0800ba04   0x0800ba04   0x000000b8   Code   RO          523    i.sd_card_state_get  sdcard.o
    0x0800babc   0x0800babc   0x00000048   Code   RO          524    i.sd_cardstatus_get  sdcard.o
    0x0800bb04   0x0800bb04   0x00000018   Code   RO          525    i.sd_datablocksize_get  sdcard.o
    0x0800bb1c   0x0800bb1c   0x00000046   Code   RO          527    i.sd_init           sdcard.o
    0x0800bb62   0x0800bb62   0x00000002   PAD
    0x0800bb64   0x0800bb64   0x00000130   Code   RO          528    i.sd_interrupts_process  sdcard.o
    0x0800bc94   0x0800bc94   0x0000029c   Code   RO          530    i.sd_multiblocks_read  sdcard.o
    0x0800bf30   0x0800bf30   0x00000398   Code   RO          531    i.sd_multiblocks_write  sdcard.o
    0x0800c2c8   0x0800c2c8   0x0000012c   Code   RO          533    i.sd_power_on       sdcard.o
    0x0800c3f4   0x0800c3f4   0x0000015c   Code   RO          534    i.sd_scr_get        sdcard.o
    0x0800c550   0x0800c550   0x00000018   Code   RO          536    i.sd_transfer_mode_config  sdcard.o
    0x0800c568   0x0800c568   0x00000024   Code   RO          538    i.sd_transfer_stop  sdcard.o
    0x0800c58c   0x0800c58c   0x0000001c   Code   RO         5222    i.sdio_bus_mode_set  gd32f4xx_sdio.o
    0x0800c5a8   0x0800c5a8   0x00000034   Code   RO         5229    i.sdio_clock_config  gd32f4xx_sdio.o
    0x0800c5dc   0x0800c5dc   0x00000014   Code   RO         5231    i.sdio_clock_enable  gd32f4xx_sdio.o
    0x0800c5f0   0x0800c5f0   0x0000000c   Code   RO         5232    i.sdio_command_index_get  gd32f4xx_sdio.o
    0x0800c5fc   0x0800c5fc   0x00000038   Code   RO         5233    i.sdio_command_response_config  gd32f4xx_sdio.o
    0x0800c634   0x0800c634   0x00000014   Code   RO         5235    i.sdio_csm_enable   gd32f4xx_sdio.o
    0x0800c648   0x0800c648   0x0000003c   Code   RO         5236    i.sdio_data_config  gd32f4xx_sdio.o
    0x0800c684   0x0800c684   0x0000000c   Code   RO         5238    i.sdio_data_read    gd32f4xx_sdio.o
    0x0800c690   0x0800c690   0x0000001c   Code   RO         5239    i.sdio_data_transfer_config  gd32f4xx_sdio.o
    0x0800c6ac   0x0800c6ac   0x0000000c   Code   RO         5240    i.sdio_data_write   gd32f4xx_sdio.o
    0x0800c6b8   0x0800c6b8   0x00000014   Code   RO         5241    i.sdio_deinit       gd32f4xx_sdio.o
    0x0800c6cc   0x0800c6cc   0x00000014   Code   RO         5242    i.sdio_dma_disable  gd32f4xx_sdio.o
    0x0800c6e0   0x0800c6e0   0x00000014   Code   RO         5243    i.sdio_dma_enable   gd32f4xx_sdio.o
    0x0800c6f4   0x0800c6f4   0x00000014   Code   RO         5244    i.sdio_dsm_disable  gd32f4xx_sdio.o
    0x0800c708   0x0800c708   0x00000014   Code   RO         5245    i.sdio_dsm_enable   gd32f4xx_sdio.o
    0x0800c71c   0x0800c71c   0x0000000c   Code   RO         5247    i.sdio_flag_clear   gd32f4xx_sdio.o
    0x0800c728   0x0800c728   0x00000014   Code   RO         5248    i.sdio_flag_get     gd32f4xx_sdio.o
    0x0800c73c   0x0800c73c   0x00000014   Code   RO         5249    i.sdio_hardware_clock_disable  gd32f4xx_sdio.o
    0x0800c750   0x0800c750   0x00000010   Code   RO         5251    i.sdio_interrupt_disable  gd32f4xx_sdio.o
    0x0800c760   0x0800c760   0x00000010   Code   RO         5252    i.sdio_interrupt_enable  gd32f4xx_sdio.o
    0x0800c770   0x0800c770   0x0000000c   Code   RO         5253    i.sdio_interrupt_flag_clear  gd32f4xx_sdio.o
    0x0800c77c   0x0800c77c   0x00000014   Code   RO         5254    i.sdio_interrupt_flag_get  gd32f4xx_sdio.o
    0x0800c790   0x0800c790   0x0000000c   Code   RO         5257    i.sdio_power_state_get  gd32f4xx_sdio.o
    0x0800c79c   0x0800c79c   0x0000000c   Code   RO         5258    i.sdio_power_state_set  gd32f4xx_sdio.o
    0x0800c7a8   0x0800c7a8   0x0000003c   Code   RO         5262    i.sdio_response_get  gd32f4xx_sdio.o
    0x0800c7e4   0x0800c7e4   0x0000001c   Code   RO         5267    i.sdio_wait_type_set  gd32f4xx_sdio.o
    0x0800c800   0x0800c800   0x0000000a   Code   RO         5528    i.spi_enable        gd32f4xx_spi.o
    0x0800c80a   0x0800c80a   0x00000002   PAD
    0x0800c80c   0x0800c80c   0x00000054   Code   RO          940    i.spi_flash_buffer_read  spi_flash.o
    0x0800c860   0x0800c860   0x00000122   Code   RO          941    i.spi_flash_buffer_write  spi_flash.o
    0x0800c982   0x0800c982   0x00000002   PAD
    0x0800c984   0x0800c984   0x0000009c   Code   RO          943    i.spi_flash_init    spi_flash.o
    0x0800ca20   0x0800ca20   0x0000005c   Code   RO          944    i.spi_flash_page_write  spi_flash.o
    0x0800ca7c   0x0800ca7c   0x00000054   Code   RO          946    i.spi_flash_read_id  spi_flash.o
    0x0800cad0   0x0800cad0   0x00000044   Code   RO          947    i.spi_flash_sector_erase  spi_flash.o
    0x0800cb14   0x0800cb14   0x00000038   Code   RO          948    i.spi_flash_send_byte  spi_flash.o
    0x0800cb4c   0x0800cb4c   0x00000038   Code   RO          951    i.spi_flash_wait_for_write_end  spi_flash.o
    0x0800cb84   0x0800cb84   0x00000024   Code   RO          952    i.spi_flash_write_enable  spi_flash.o
    0x0800cba8   0x0800cba8   0x00000008   Code   RO         5530    i.spi_i2s_data_receive  gd32f4xx_spi.o
    0x0800cbb0   0x0800cbb0   0x00000004   Code   RO         5531    i.spi_i2s_data_transmit  gd32f4xx_spi.o
    0x0800cbb4   0x0800cbb4   0x00000010   Code   RO         5533    i.spi_i2s_flag_get  gd32f4xx_spi.o
    0x0800cbc4   0x0800cbc4   0x00000032   Code   RO         5538    i.spi_init          gd32f4xx_spi.o
    0x0800cbf6   0x0800cbf6   0x0000000c   Code   RO         8414    i.stderr_putchar    retarget_io.o
    0x0800cc02   0x0800cc02   0x000000ca   Code   RO         7019    i.sync              ff.o
    0x0800cccc   0x0800cccc   0x00000108   Code   RO         1392    i.system_clock_240m_25m_hxtal  system_gd32f4xx.o
    0x0800cdd4   0x0800cdd4   0x00000008   Code   RO         1393    i.system_clock_config  system_gd32f4xx.o
    0x0800cddc   0x0800cddc   0x00000050   Code   RO          323    i.systick_config    systick.o
    0x0800ce2c   0x0800ce2c   0x000000e8   Code   RO         6513    i.usart_baudrate_set  gd32f4xx_usart.o
    0x0800cf14   0x0800cf14   0x00000008   Code   RO         6518    i.usart_data_transmit  gd32f4xx_usart.o
    0x0800cf1c   0x0800cf1c   0x000000dc   Code   RO         6519    i.usart_deinit      gd32f4xx_usart.o
    0x0800cff8   0x0800cff8   0x00000014   Code   RO         6521    i.usart_dma_receive_config  gd32f4xx_usart.o
    0x0800d00c   0x0800d00c   0x0000000a   Code   RO         6523    i.usart_enable      gd32f4xx_usart.o
    0x0800d016   0x0800d016   0x00000034   Code   RO         6524    i.usart_flag_clear  gd32f4xx_usart.o
    0x0800d04a   0x0800d04a   0x0000001e   Code   RO         6525    i.usart_flag_get    gd32f4xx_usart.o
    0x0800d068   0x0800d068   0x00000014   Code   RO         6530    i.usart_hardware_flow_cts_config  gd32f4xx_usart.o
    0x0800d07c   0x0800d07c   0x00000014   Code   RO         6531    i.usart_hardware_flow_rts_config  gd32f4xx_usart.o
    0x0800d090   0x0800d090   0x0000001a   Code   RO         6533    i.usart_interrupt_enable  gd32f4xx_usart.o
    0x0800d0aa   0x0800d0aa   0x00000038   Code   RO         6535    i.usart_interrupt_flag_get  gd32f4xx_usart.o
    0x0800d0e2   0x0800d0e2   0x00000010   Code   RO         6548    i.usart_parity_config  gd32f4xx_usart.o
    0x0800d0f2   0x0800d0f2   0x00000010   Code   RO         6550    i.usart_receive_config  gd32f4xx_usart.o
    0x0800d102   0x0800d102   0x00000010   Code   RO         6561    i.usart_stop_bit_set  gd32f4xx_usart.o
    0x0800d112   0x0800d112   0x00000010   Code   RO         6565    i.usart_transmit_config  gd32f4xx_usart.o
    0x0800d122   0x0800d122   0x00000010   Code   RO         6566    i.usart_word_length_set  gd32f4xx_usart.o
    0x0800d132   0x0800d132   0x0000002a   Code   RO         7020    i.validate          ff.o
    0x0800d15c   0x0800d15c   0x000018e0   Data   RO          743    .constdata          oled.o
    0x0800ea3c   0x0800ea3c   0x0000000e   Data   RO          898    .constdata          key.o
    0x0800ea4a   0x0800ea4a   0x00000002   PAD
    0x0800ea4c   0x0800ea4c   0x00000208   Data   RO         7608    .constdata          lfs.o
    0x0800ec54   0x0800ec54   0x00000040   Data   RO         8388    .constdata          lfs_util.o
    0x0800ec94   0x0800ec94   0x00000378   Data   RO         7609    .conststring        lfs.o
    0x0800f00c   0x0800f00c   0x00000020   Data   RO         8836    Region$$Table       anon$$obj.o


    Execution Region RW_IRAM1 (Exec base: 0x20000000, Load base: 0x0800f02c, Size: 0x00001b90, Max: 0x00030000, ABSOLUTE, COMPRESSED[0x0000006c])

    Exec Addr    Load Addr    Size         Type   Attr      Idx    E Section Name        Object

    0x20000000   COMPRESSED   0x00000008   Data   RW          324    .data               systick.o
    0x20000008   COMPRESSED   0x00000024   Data   RW          540    .data               sdcard.o
    0x2000002c   COMPRESSED   0x00000001   Data   RW          843    .data               uart.o
    0x2000002d   COMPRESSED   0x00000003   PAD
    0x20000030   COMPRESSED   0x00000080   Data   RW          899    .data               key.o
    0x200000b0   COMPRESSED   0x0000080c   Data   RW         1192    .data               sdcard_app.o
    0x200008bc   COMPRESSED   0x00000004   Data   RW         1227    .data               adc_app.o
    0x200008c0   COMPRESSED   0x0000004d   Data   RW         1363    .data               scheduler.o
    0x2000090d   COMPRESSED   0x00000003   PAD
    0x20000910   COMPRESSED   0x00000004   Data   RW         1394    .data               system_gd32f4xx.o
    0x20000914   COMPRESSED   0x00000006   Data   RW         7021    .data               ff.o
    0x2000091a   COMPRESSED   0x00000002   PAD
    0x2000091c   COMPRESSED   0x00000004   Data   RW         8484    .data               mc_w.l(stderr.o)
    0x20000920   COMPRESSED   0x00000004   Data   RW         8808    .data               mc_w.l(stdout.o)
    0x20000924   COMPRESSED   0x00000004   Data   RW         8813    .data               mc_w.l(mvars.o)
    0x20000928   COMPRESSED   0x00000004   Data   RW         8814    .data               mc_w.l(mvars.o)
    0x2000092c        -       0x00000020   Zero   RW          539    .bss                sdcard.o
    0x2000094c        -       0x00000200   Zero   RW          742    .bss                oled.o
    0x20000b4c        -       0x0000018c   Zero   RW          842    .bss                uart.o
    0x20000cd8        -       0x00000128   Zero   RW         1039    .bss                lfs_port.o
    0x20000e00        -       0x00000014   Zero   RW         1107    .bss                rtc_app.o
    0x20000e14        -       0x00000554   Zero   RW         1191    .bss                sdcard_app.o
    0x20001368        -       0x00000028   Zero   RW         7242    .bss                ebtn.o
    0x20001390        -       0x00000400   Zero   RW         6911    HEAP                startup_gd32f450_470.o
    0x20001790        -       0x00000400   Zero   RW         6910    STACK               startup_gd32f450_470.o


==============================================================================

Image component sizes


      Code (inc. data)   RO Data    RW Data    ZI Data      Debug   Object Name

       256         24          0          4          0       1987   adc_app.o
       316          0          0          0          0       9857   diskio.o
      1410         28          0          0         40      20146   ebtn.o
      5142         46          0          6          0      26726   ff.o
       164         54          0          0          0       1550   function.o
       652         16          0          0          0      10252   gd32f4xx_adc.o
       890          4          0          0          0       8646   gd32f4xx_dma.o
        12          6          0          0          0        598   gd32f4xx_exti.o
       272          0          0          0          0       5210   gd32f4xx_gpio.o
        56          6          0          0          0      49702   gd32f4xx_it.o
       216         20          0          0          0       1540   gd32f4xx_misc.o
        20          6          0          0          0        574   gd32f4xx_pmu.o
       844         60          0          0          0       6717   gd32f4xx_rcu.o
       544         32          0          0          0       5690   gd32f4xx_rtc.o
       628        136          0          0          0      16310   gd32f4xx_sdio.o
        88          0          0          0          0       4006   gd32f4xx_spi.o
       774         18          0          0          0      11252   gd32f4xx_usart.o
       354         34         14        128          0       3716   key.o
        80          4          0          0          0        523   led.o
     22750       4056       1408          0          0     116535   lfs.o
       838        376          0          0        296       5590   lfs_port.o
        60          6         64          0          0       1246   lfs_util.o
        14          0          0          0          0        499   main.o
       438         22          0          0          0       3605   myiic.o
      1044         64       6368          0        512       7650   oled.o
       252         58          0          0          0       5136   retarget_io.o
       200          0          0          0          0       3364   ringbuffer.o
       776        108          0          0         20       7443   rtc_app.o
       112         16          0         77          0       1831   scheduler.o
      6966        344          0         36         32      31668   sdcard.o
       568        274          0       2060       1364       2377   sdcard_app.o
       922         50          0          0          0       6848   spi_flash.o
        36          8        428          0       2048        892   startup_gd32f450_470.o
       484         32          0          4          0       2959   system_gd32f4xx.o
       176         30          0          8          0     107670   systick.o
       550         62          0          1        396       4432   uart.o

    ----------------------------------------------------------------------
     48980       6000       8316       2332       4708     494747   Object Totals
         0          0         32          0          0          0   (incl. Generated)
        76          0          2          8          0          0   (incl. Padding)

    ----------------------------------------------------------------------

      Code (inc. data)   RO Data    RW Data    ZI Data      Debug   Library Member Name

        86          0          0          0          0          0   __dczerorl2.o
         0          0          0          0          0          0   entry.o
         0          0          0          0          0          0   entry10a.o
         0          0          0          0          0          0   entry11a.o
         4          0          0          0          0          0   entry12b.o
         8          4          0          0          0          0   entry2.o
         4          0          0          0          0          0   entry5.o
         0          0          0          0          0          0   entry7b.o
         0          0          0          0          0          0   entry8b.o
         8          4          0          0          0          0   entry9a.o
        24          0          0          0          0         80   fputs.o
        30          0          0          0          0          0   handlers.o
        36          8          0          0          0         68   init.o
         0          0          0          0          0          0   iusefp.o
        30          0          0          0          0         68   llshl.o
        36          0          0          0          0         68   llsshr.o
        32          0          0          0          0         68   llushr.o
       188         20          0          0          0        160   malloc.o
        26          0          0          0          0         80   memcmp.o
        36          0          0          0          0         68   memcpya.o
        36          0          0          0          0        108   memseta.o
         0          0          0          8          0          0   mvars.o
      2292         96          0          0          0        612   printfa.o
         0          0          0          4          0          0   stderr.o
         0          0          0          4          0          0   stdout.o
        34          0          0          0          0         80   strcspn.o
        28          0          0          0          0         80   strspn.o
        44          0          0          0          0         80   uidiv.o
        98          0          0          0          0         92   uldiv.o
        48          0          0          0          0         68   cdrcmple.o
       334          0          0          0          0        148   dadd.o
       222          0          0          0          0        100   ddiv.o
       186          0          0          0          0        176   depilogue.o
        48          0          0          0          0         68   dfixul.o
       228          0          0          0          0         96   dmul.o
        38          0          0          0          0         68   f2d.o

    ----------------------------------------------------------------------
      4188        132          0         16          0       2436   Library Totals
         4          0          0          0          0          0   (incl. Padding)

    ----------------------------------------------------------------------

      Code (inc. data)   RO Data    RW Data    ZI Data      Debug   Library Name

      3080        132          0         16          0       1712   mc_w.l
      1104          0          0          0          0        724   mf_w.l

    ----------------------------------------------------------------------
      4188        132          0         16          0       2436   Library Totals

    ----------------------------------------------------------------------

==============================================================================


      Code (inc. data)   RO Data    RW Data    ZI Data      Debug   

     53168       6132       8316       2348       4708     456667   Grand Totals
     53168       6132       8316        108       4708     456667   ELF Image Totals (compressed)
     53168       6132       8316        108          0          0   ROM Totals

==============================================================================

    Total RO  Size (Code + RO Data)                61484 (  60.04kB)
    Total RW  Size (RW Data + ZI Data)              7056 (   6.89kB)
    Total ROM Size (Code + RO Data + RW Data)      61592 (  60.15kB)

==============================================================================

