<html>
<body>
<pre>
<h1>礦ision Build Log</h1>
<h2>Tool Versions:</h2>
IDE-Version: μVision V5.40.0.0
Copyright (C) 2024 ARM Ltd and ARM Germany GmbH. All rights reserved.
License Information: T 3321671523@qq.com, T, LIC=9N0AE-5CPVF-E0QN4-FC095-DJACZ-EA6W3
 
Tool Versions:
Toolchain:       MDK-ARM Professional  Version: 5.40.0.3
Toolchain Path:  F:\MDK5.34\ARM\ARMCC\Bin
C Compiler:      Armcc.exe V5.06 update 7 (build 960)
Assembler:       Armasm.exe V5.06 update 7 (build 960)
Linker/Locator:  ArmLink.exe V5.06 update 7 (build 960)
Library Manager: ArmAr.exe V5.06 update 7 (build 960)
Hex Converter:   FromElf.exe V5.06 update 7 (build 960)
CPU DLL:         SARMCM3.DLL V5.40.0.3
Dialog DLL:      DCM.DLL V1.17.5.0
Target DLL:      CMSIS_AGDI.dll V1.33.18.0
Dialog DLL:      TCM.DLL V1.56.4.0
 
<h2>Project:</h2>
C:\Users\33216\Desktop\2025755182-code-河南工业大学\project\2025755182.uvprojx
Project File Date:  06/17/2025

<h2>Output:</h2>
*** Using Compiler 'V5.06 update 7 (build 960)', folder: 'F:\MDK5.34\ARM\ARMCC\Bin'
Rebuild target '2025755182'
compiling gd32f4xx_it.c...
compiling OLED.c...
compiling led_driver.c...
compiling rtc_driver.c...
compiling usart_driver.c...
compiling Function.c...
compiling lfs_port.c...
compiling systick.c...
compiling adc_dirver.c...
compiling main.c...
compiling SDcard_app.c...
..\sysFunction\SDcard_app.c(100): warning:  #550-D: variable "key"  was set but never used
      char key[20];
..\sysFunction\SDcard_app.c(340): warning:  #177-D: variable "device_id"  was declared but never referenced
      char device_id[DEVICE_ID_MAX_LEN];
..\sysFunction\SDcard_app.c: 2 warnings, 0 errors
compiling scheduler.c...
compiling sdcard.c...
compiling key_driver.c...
compiling SPI_FLASH.c...
compiling uart_app.c...
..\sysFunction\uart_app.c(268): warning:  #181-D: argument is incompatible with corresponding format string conversion
                         &year, &month, &date, &hour, &min, &sec);
..\sysFunction\uart_app.c(154): warning:  #177-D: function "Test_Flash"  was declared but never referenced
  static uint8_t Test_Flash(void)
..\sysFunction\uart_app.c(196): warning:  #177-D: function "Test_SDCard"  was declared but never referenced
  static uint8_t Test_SDCard(void)
..\sysFunction\uart_app.c(306): warning:  #177-D: function "Process_Config_Command"  was declared but never referenced
  static void Process_Config_Command(void)
..\sysFunction\uart_app.c: 4 warnings, 0 errors
compiling data_app.c...
compiling system_gd32f4xx.c...
compiling sampling_control.c...
..\sysFunction\sampling_control.c(253): warning:  #223-D: function "DateTime_To_Unix" declared implicitly
      sample_data.timestamp = DateTime_To_Unix(2000 + year, month, date, hour, min, sec);
..\sysFunction\sampling_control.c: 1 warning, 0 errors
compiling gd32f4xx_adc.c...
compiling data_save.c...
..\sysFunction\data_save.c(591): warning:  #167-D: argument of type "uint8_t *" is incompatible with parameter of type "uint16_t *"
      Unix_To_DateTime(data->timestamp, &year, &month, &date, &hour, &min, &sec);
..\sysFunction\data_save.c: 1 warning, 0 errors
compiling gd32f4xx_crc.c...
compiling gd32f4xx_can.c...
compiling gd32f4xx_ctc.c...
compiling gd32f4xx_dac.c...
compiling gd32f4xx_dbg.c...
compiling gd32f4xx_dci.c...
compiling gd32f4xx_dma.c...
compiling gd32f4xx_exti.c...
compiling gd32f4xx_fmc.c...
compiling gd32f4xx_exmc.c...
compiling gd32f4xx_enet.c...
compiling gd32f4xx_fwdgt.c...
compiling gd32f4xx_gpio.c...
compiling gd32f4xx_i2c.c...
compiling gd32f4xx_ipa.c...
compiling gd32f4xx_iref.c...
compiling gd32f4xx_misc.c...
assembling startup_gd32f450_470.s...
compiling gd32f4xx_pmu.c...
compiling gd32f4xx_rcu.c...
compiling gd32f4xx_rtc.c...
compiling gd32f4xx_sdio.c...
compiling gd32f4xx_spi.c...
compiling gd32f4xx_syscfg.c...
compiling unicode_new.c...
compiling gd32f4xx_tli.c...
compiling gd32f4xx_trng.c...
compiling ff.c...
compiling gd32f4xx_timer.c...
compiling gd32f4xx_wwdgt.c...
compiling gd32f4xx_usart.c...
compiling lfs_util.c...
compiling retarget_io.c...
compiling diskio.c...
compiling lfs.c...
compiling ringbuffer.c...
linking...
Program Size: Code=52096 RO-data=8704 RW-data=2292 ZI-data=11708  
".\Objects\2025755182.axf" - 0 Error(s), 8 Warning(s).

<h2>Software Packages used:</h2>

Package Vendor: ARM
                http://www.keil.com/pack/ARM.CMSIS.5.8.0.pack
                ARM::CMSIS@5.8.0
                CMSIS (Common Microcontroller Software Interface Standard)
   * Component: CORE Version: 5.5.0

Package Vendor: GigaDevice
                https://gd32mcu.com/data/documents/pack/GigaDevice.GD32F4xx_DFP.3.0.3.pack
                GigaDevice::GD32F4xx_DFP@3.0.3
                GigaDevice GD32F4xx Series Device Support and Examples

Package Vendor: Keil
                http://www.keil.com/pack/Keil.ARM_Compiler.1.6.3.pack
                Keil::ARM_Compiler@1.6.3
                Keil ARM Compiler extensions for ARM Compiler 5 and ARM Compiler 6
   * Component: STDERR Variant: ITM Version: 1.2.0

<h2>Collection of Component include folders:</h2>
  ./RTE/_2025755182
  F:/MDK5.34/Packs/ARM/CMSIS/5.8.0/CMSIS/Core/Include
  F:/MDK5.34/Packs/GigaDevice/GD32F4xx_DFP/3.0.3/Device/F4XX/Include

<h2>Collection of Component Files used:</h2>

   * Component: ARM::CMSIS:CORE@5.5.0

   * Component: Keil::Compiler&ARM Compiler:I/O:STDERR&ITM@1.2.0
      Source file:   Source/retarget_io.c
Build Time Elapsed:  00:00:12
</pre>
</body>
</html>
