<html>
<body>
<pre>
<h1>µVision Build Log</h1>
<h2>Tool Versions:</h2>
IDE-Version: ¦ÌVision V5.40.0.0
Copyright (C) 2024 ARM Ltd and ARM Germany GmbH. All rights reserved.
License Information: T 3321671523@qq.com, T, LIC=9N0AE-5CPVF-E0QN4-FC095-DJACZ-EA6W3
 
Tool Versions:
Toolchain:       MDK-ARM Professional  Version: 5.40.0.3
Toolchain Path:  F:\MDK5.34\ARM\ARMCC\Bin
C Compiler:      Armcc.exe V5.06 update 7 (build 960)
Assembler:       Armasm.exe V5.06 update 7 (build 960)
Linker/Locator:  ArmLink.exe V5.06 update 7 (build 960)
Library Manager: ArmAr.exe V5.06 update 7 (build 960)
Hex Converter:   FromElf.exe V5.06 update 7 (build 960)
CPU DLL:         SARMCM3.DLL V5.40.0.3
Dialog DLL:      DCM.DLL V1.17.5.0
Target DLL:      CMSIS_AGDI.dll V1.33.18.0
Dialog DLL:      TCM.DLL V1.56.4.0
 
<h2>Project:</h2>
F:\1Microcontroller\CIMC_GD32\Stand_Template\simple_Template\project\CIMC_GD32_fatfs_driver.uvprojx
Project File Date:  05/26/2025

<h2>Output:</h2>
*** Using Compiler 'V5.06 update 7 (build 960)', folder: 'F:\MDK5.34\ARM\ARMCC\Bin'
Build target 'CIMC_GD32_fatfs_driver'
compiling adc_app.c...
linking...
Program Size: Code=53168 RO-data=8316 RW-data=2348 ZI-data=4708  
".\Objects\CIMC_GD32_fatfs_driver.axf" - 0 Error(s), 0 Warning(s).

<h2>Software Packages used:</h2>

Package Vendor: ARM
                https://www.keil.com/pack/ARM.CMSIS.6.1.0.pack
                ARM::CMSIS@6.1.0
                CMSIS (Common Microcontroller Software Interface Standard)
   * Component: CORE Version: 6.1.0

Package Vendor: GigaDevice
                https://gd32mcu.com/data/documents/pack/GigaDevice.GD32F4xx_DFP.3.0.3.pack
                GigaDevice::GD32F4xx_DFP@3.0.3
                GigaDevice GD32F4xx Series Device Support and Examples

Package Vendor: Keil
                http://www.keil.com/pack/Keil.ARM_Compiler.1.6.3.pack
                Keil::ARM_Compiler@1.6.3
                Keil ARM Compiler extensions for ARM Compiler 5 and ARM Compiler 6
   * Component: STDERR Variant: ITM Version: 1.2.0

<h2>Collection of Component include folders:</h2>
  ./RTE/_CIMC_GD32_fatfs_driver
  F:/MDK5.34/Packs/ARM/CMSIS/6.1.0/CMSIS/Core/Include
  F:/MDK5.34/Packs/GigaDevice/GD32F4xx_DFP/3.0.3/Device/F4XX/Include

<h2>Collection of Component Files used:</h2>

   * Component: ARM::CMSIS:CORE@6.1.0

   * Component: Keil::Compiler&ARM Compiler:I/O:STDERR&ITM@1.2.0
      Source file:   Source/retarget_io.c
Build Time Elapsed:  00:00:03
</pre>
</body>
</html>
