<!doctype html public "-//w3c//dtd html 4.0 transitional//en">
<html><head>
<title>Static Call Graph - [.\Objects\CIMC_GD32_fatfs_driver.axf]</title></head>
<body><HR>
<H1>Static Call Graph for image .\Objects\CIMC_GD32_fatfs_driver.axf</H1><HR>
<BR><P>#&#060CALLGRAPH&#062# ARM Linker, 5060960: Last Updated: Tue Jun 03 18:46:18 2025
<BR><P>
<H3>Maximum Stack Usage =       1644 bytes + Unknown(Cycles, Untraceable Function Pointers)</H3><H3>
Call chain for Maximum Stack Depth:</H3>
lfs_Task &rArr; TestLFS &rArr; lfs_file_open &rArr; lfs_file_open_ &rArr; lfs_file_opencfg_ &rArr; lfs_fs_forceconsistency &rArr; lfs_fs_desuperblock &rArr; lfs_dir_commit &rArr; lfs_fs_deorphan &rArr; lfs_dir_orphaningcommit &rArr; lfs_dir_relocatingcommit &rArr; lfs_dir_splittingcompact &rArr; lfs_dir_split &rArr; lfs_dir_compact &rArr; lfs_alloc &rArr; lfs_alloc_scan &rArr; lfs_fs_traverse_ &rArr; lfs_dir_fetch &rArr; lfs_dir_fetchmatch &rArr; lfs_bd_crc &rArr; lfs_bd_read &rArr; __aeabi_assert &rArr; fputs &rArr; fputc &rArr; stderr_putchar
<P>
<H3>
Mutually Recursive functions
</H3> <LI><a href="#[22]">ADC_IRQHandler</a>&nbsp;&nbsp;&nbsp;&rArr;&nbsp;&nbsp;&nbsp;<a href="#[22]">ADC_IRQHandler</a><BR>
</UL>
<P>
<H3>
Function Pointers
</H3><UL>
 <LI><a href="#[22]">ADC_IRQHandler</a> from startup_gd32f450_470.o(.text) referenced from startup_gd32f450_470.o(RESET)
 <LI><a href="#[5]">ADC_Task</a> from adc_app.o(i.ADC_Task) referenced 2 times from scheduler.o(.data)
 <LI><a href="#[a]">BusFault_Handler</a> from gd32f4xx_it.o(i.BusFault_Handler) referenced from startup_gd32f450_470.o(RESET)
 <LI><a href="#[26]">CAN0_EWMC_IRQHandler</a> from startup_gd32f450_470.o(.text) referenced from startup_gd32f450_470.o(RESET)
 <LI><a href="#[24]">CAN0_RX0_IRQHandler</a> from startup_gd32f450_470.o(.text) referenced from startup_gd32f450_470.o(RESET)
 <LI><a href="#[25]">CAN0_RX1_IRQHandler</a> from startup_gd32f450_470.o(.text) referenced from startup_gd32f450_470.o(RESET)
 <LI><a href="#[23]">CAN0_TX_IRQHandler</a> from startup_gd32f450_470.o(.text) referenced from startup_gd32f450_470.o(RESET)
 <LI><a href="#[52]">CAN1_EWMC_IRQHandler</a> from startup_gd32f450_470.o(.text) referenced from startup_gd32f450_470.o(RESET)
 <LI><a href="#[50]">CAN1_RX0_IRQHandler</a> from startup_gd32f450_470.o(.text) referenced from startup_gd32f450_470.o(RESET)
 <LI><a href="#[51]">CAN1_RX1_IRQHandler</a> from startup_gd32f450_470.o(.text) referenced from startup_gd32f450_470.o(RESET)
 <LI><a href="#[4f]">CAN1_TX_IRQHandler</a> from startup_gd32f450_470.o(.text) referenced from startup_gd32f450_470.o(RESET)
 <LI><a href="#[5e]">DCI_IRQHandler</a> from startup_gd32f450_470.o(.text) referenced from startup_gd32f450_470.o(RESET)
 <LI><a href="#[1b]">DMA0_Channel0_IRQHandler</a> from startup_gd32f450_470.o(.text) referenced from startup_gd32f450_470.o(RESET)
 <LI><a href="#[1c]">DMA0_Channel1_IRQHandler</a> from startup_gd32f450_470.o(.text) referenced from startup_gd32f450_470.o(RESET)
 <LI><a href="#[1d]">DMA0_Channel2_IRQHandler</a> from startup_gd32f450_470.o(.text) referenced from startup_gd32f450_470.o(RESET)
 <LI><a href="#[1e]">DMA0_Channel3_IRQHandler</a> from startup_gd32f450_470.o(.text) referenced from startup_gd32f450_470.o(RESET)
 <LI><a href="#[1f]">DMA0_Channel4_IRQHandler</a> from startup_gd32f450_470.o(.text) referenced from startup_gd32f450_470.o(RESET)
 <LI><a href="#[20]">DMA0_Channel5_IRQHandler</a> from startup_gd32f450_470.o(.text) referenced from startup_gd32f450_470.o(RESET)
 <LI><a href="#[21]">DMA0_Channel6_IRQHandler</a> from startup_gd32f450_470.o(.text) referenced from startup_gd32f450_470.o(RESET)
 <LI><a href="#[3f]">DMA0_Channel7_IRQHandler</a> from startup_gd32f450_470.o(.text) referenced from startup_gd32f450_470.o(RESET)
 <LI><a href="#[48]">DMA1_Channel0_IRQHandler</a> from startup_gd32f450_470.o(.text) referenced from startup_gd32f450_470.o(RESET)
 <LI><a href="#[49]">DMA1_Channel1_IRQHandler</a> from startup_gd32f450_470.o(.text) referenced from startup_gd32f450_470.o(RESET)
 <LI><a href="#[4a]">DMA1_Channel2_IRQHandler</a> from startup_gd32f450_470.o(.text) referenced from startup_gd32f450_470.o(RESET)
 <LI><a href="#[4b]">DMA1_Channel3_IRQHandler</a> from startup_gd32f450_470.o(.text) referenced from startup_gd32f450_470.o(RESET)
 <LI><a href="#[4c]">DMA1_Channel4_IRQHandler</a> from startup_gd32f450_470.o(.text) referenced from startup_gd32f450_470.o(RESET)
 <LI><a href="#[54]">DMA1_Channel5_IRQHandler</a> from startup_gd32f450_470.o(.text) referenced from startup_gd32f450_470.o(RESET)
 <LI><a href="#[55]">DMA1_Channel6_IRQHandler</a> from startup_gd32f450_470.o(.text) referenced from startup_gd32f450_470.o(RESET)
 <LI><a href="#[56]">DMA1_Channel7_IRQHandler</a> from startup_gd32f450_470.o(.text) referenced from startup_gd32f450_470.o(RESET)
 <LI><a href="#[d]">DebugMon_Handler</a> from gd32f4xx_it.o(i.DebugMon_Handler) referenced from startup_gd32f450_470.o(RESET)
 <LI><a href="#[4d]">ENET_IRQHandler</a> from startup_gd32f450_470.o(.text) referenced from startup_gd32f450_470.o(RESET)
 <LI><a href="#[4e]">ENET_WKUP_IRQHandler</a> from startup_gd32f450_470.o(.text) referenced from startup_gd32f450_470.o(RESET)
 <LI><a href="#[40]">EXMC_IRQHandler</a> from startup_gd32f450_470.o(.text) referenced from startup_gd32f450_470.o(RESET)
 <LI><a href="#[16]">EXTI0_IRQHandler</a> from startup_gd32f450_470.o(.text) referenced from startup_gd32f450_470.o(RESET)
 <LI><a href="#[38]">EXTI10_15_IRQHandler</a> from startup_gd32f450_470.o(.text) referenced from startup_gd32f450_470.o(RESET)
 <LI><a href="#[17]">EXTI1_IRQHandler</a> from startup_gd32f450_470.o(.text) referenced from startup_gd32f450_470.o(RESET)
 <LI><a href="#[18]">EXTI2_IRQHandler</a> from startup_gd32f450_470.o(.text) referenced from startup_gd32f450_470.o(RESET)
 <LI><a href="#[19]">EXTI3_IRQHandler</a> from startup_gd32f450_470.o(.text) referenced from startup_gd32f450_470.o(RESET)
 <LI><a href="#[1a]">EXTI4_IRQHandler</a> from startup_gd32f450_470.o(.text) referenced from startup_gd32f450_470.o(RESET)
 <LI><a href="#[27]">EXTI5_9_IRQHandler</a> from startup_gd32f450_470.o(.text) referenced from startup_gd32f450_470.o(RESET)
 <LI><a href="#[14]">FMC_IRQHandler</a> from startup_gd32f450_470.o(.text) referenced from startup_gd32f450_470.o(RESET)
 <LI><a href="#[60]">FPU_IRQHandler</a> from startup_gd32f450_470.o(.text) referenced from startup_gd32f450_470.o(RESET)
 <LI><a href="#[8]">HardFault_Handler</a> from gd32f4xx_it.o(i.HardFault_Handler) referenced from startup_gd32f450_470.o(RESET)
 <LI><a href="#[30]">I2C0_ER_IRQHandler</a> from startup_gd32f450_470.o(.text) referenced from startup_gd32f450_470.o(RESET)
 <LI><a href="#[2f]">I2C0_EV_IRQHandler</a> from startup_gd32f450_470.o(.text) referenced from startup_gd32f450_470.o(RESET)
 <LI><a href="#[32]">I2C1_ER_IRQHandler</a> from startup_gd32f450_470.o(.text) referenced from startup_gd32f450_470.o(RESET)
 <LI><a href="#[31]">I2C1_EV_IRQHandler</a> from startup_gd32f450_470.o(.text) referenced from startup_gd32f450_470.o(RESET)
 <LI><a href="#[59]">I2C2_ER_IRQHandler</a> from startup_gd32f450_470.o(.text) referenced from startup_gd32f450_470.o(RESET)
 <LI><a href="#[58]">I2C2_EV_IRQHandler</a> from startup_gd32f450_470.o(.text) referenced from startup_gd32f450_470.o(RESET)
 <LI><a href="#[68]">IPA_IRQHandler</a> from startup_gd32f450_470.o(.text) referenced from startup_gd32f450_470.o(RESET)
 <LI><a href="#[1]">Key_Proc</a> from key.o(i.Key_Proc) referenced 2 times from scheduler.o(.data)
 <LI><a href="#[11]">LVD_IRQHandler</a> from startup_gd32f450_470.o(.text) referenced from startup_gd32f450_470.o(RESET)
 <LI><a href="#[9]">MemManage_Handler</a> from gd32f4xx_it.o(i.MemManage_Handler) referenced from startup_gd32f450_470.o(RESET)
 <LI><a href="#[7]">NMI_Handler</a> from gd32f4xx_it.o(i.NMI_Handler) referenced from startup_gd32f450_470.o(RESET)
 <LI><a href="#[2]">Oled_Proc</a> from oled.o(i.Oled_Proc) referenced 2 times from scheduler.o(.data)
 <LI><a href="#[e]">PendSV_Handler</a> from gd32f4xx_it.o(i.PendSV_Handler) referenced from startup_gd32f450_470.o(RESET)
 <LI><a href="#[15]">RCU_CTC_IRQHandler</a> from startup_gd32f450_470.o(.text) referenced from startup_gd32f450_470.o(RESET)
 <LI><a href="#[39]">RTC_Alarm_IRQHandler</a> from rtc_app.o(i.RTC_Alarm_IRQHandler) referenced from startup_gd32f450_470.o(RESET)
 <LI><a href="#[13]">RTC_WKUP_IRQHandler</a> from rtc_app.o(i.RTC_WKUP_IRQHandler) referenced from startup_gd32f450_470.o(RESET)
 <LI><a href="#[6]">Reset_Handler</a> from startup_gd32f450_470.o(.text) referenced from startup_gd32f450_470.o(RESET)
 <LI><a href="#[41]">SDIO_IRQHandler</a> from gd32f4xx_it.o(i.SDIO_IRQHandler) referenced from startup_gd32f450_470.o(RESET)
 <LI><a href="#[33]">SPI0_IRQHandler</a> from startup_gd32f450_470.o(.text) referenced from startup_gd32f450_470.o(RESET)
 <LI><a href="#[34]">SPI1_IRQHandler</a> from startup_gd32f450_470.o(.text) referenced from startup_gd32f450_470.o(RESET)
 <LI><a href="#[43]">SPI2_IRQHandler</a> from startup_gd32f450_470.o(.text) referenced from startup_gd32f450_470.o(RESET)
 <LI><a href="#[63]">SPI3_IRQHandler</a> from startup_gd32f450_470.o(.text) referenced from startup_gd32f450_470.o(RESET)
 <LI><a href="#[64]">SPI4_IRQHandler</a> from startup_gd32f450_470.o(.text) referenced from startup_gd32f450_470.o(RESET)
 <LI><a href="#[65]">SPI5_IRQHandler</a> from startup_gd32f450_470.o(.text) referenced from startup_gd32f450_470.o(RESET)
 <LI><a href="#[c]">SVC_Handler</a> from gd32f4xx_it.o(i.SVC_Handler) referenced from startup_gd32f450_470.o(RESET)
 <LI><a href="#[f]">SysTick_Handler</a> from gd32f4xx_it.o(i.SysTick_Handler) referenced from startup_gd32f450_470.o(RESET)
 <LI><a href="#[6a]">SystemInit</a> from system_gd32f4xx.o(i.SystemInit) referenced from startup_gd32f450_470.o(.text)
 <LI><a href="#[12]">TAMPER_STAMP_IRQHandler</a> from startup_gd32f450_470.o(.text) referenced from startup_gd32f450_470.o(RESET)
 <LI><a href="#[28]">TIMER0_BRK_TIMER8_IRQHandler</a> from startup_gd32f450_470.o(.text) referenced from startup_gd32f450_470.o(RESET)
 <LI><a href="#[2b]">TIMER0_Channel_IRQHandler</a> from startup_gd32f450_470.o(.text) referenced from startup_gd32f450_470.o(RESET)
 <LI><a href="#[2a]">TIMER0_TRG_CMT_TIMER10_IRQHandler</a> from startup_gd32f450_470.o(.text) referenced from startup_gd32f450_470.o(RESET)
 <LI><a href="#[29]">TIMER0_UP_TIMER9_IRQHandler</a> from startup_gd32f450_470.o(.text) referenced from startup_gd32f450_470.o(RESET)
 <LI><a href="#[2c]">TIMER1_IRQHandler</a> from startup_gd32f450_470.o(.text) referenced from startup_gd32f450_470.o(RESET)
 <LI><a href="#[2d]">TIMER2_IRQHandler</a> from startup_gd32f450_470.o(.text) referenced from startup_gd32f450_470.o(RESET)
 <LI><a href="#[2e]">TIMER3_IRQHandler</a> from startup_gd32f450_470.o(.text) referenced from startup_gd32f450_470.o(RESET)
 <LI><a href="#[42]">TIMER4_IRQHandler</a> from startup_gd32f450_470.o(.text) referenced from startup_gd32f450_470.o(RESET)
 <LI><a href="#[46]">TIMER5_DAC_IRQHandler</a> from startup_gd32f450_470.o(.text) referenced from startup_gd32f450_470.o(RESET)
 <LI><a href="#[47]">TIMER6_IRQHandler</a> from startup_gd32f450_470.o(.text) referenced from startup_gd32f450_470.o(RESET)
 <LI><a href="#[3b]">TIMER7_BRK_TIMER11_IRQHandler</a> from startup_gd32f450_470.o(.text) referenced from startup_gd32f450_470.o(RESET)
 <LI><a href="#[3e]">TIMER7_Channel_IRQHandler</a> from startup_gd32f450_470.o(.text) referenced from startup_gd32f450_470.o(RESET)
 <LI><a href="#[3d]">TIMER7_TRG_CMT_TIMER13_IRQHandler</a> from startup_gd32f450_470.o(.text) referenced from startup_gd32f450_470.o(RESET)
 <LI><a href="#[3c]">TIMER7_UP_TIMER12_IRQHandler</a> from startup_gd32f450_470.o(.text) referenced from startup_gd32f450_470.o(RESET)
 <LI><a href="#[67]">TLI_ER_IRQHandler</a> from startup_gd32f450_470.o(.text) referenced from startup_gd32f450_470.o(RESET)
 <LI><a href="#[66]">TLI_IRQHandler</a> from startup_gd32f450_470.o(.text) referenced from startup_gd32f450_470.o(RESET)
 <LI><a href="#[5f]">TRNG_IRQHandler</a> from startup_gd32f450_470.o(.text) referenced from startup_gd32f450_470.o(RESET)
 <LI><a href="#[44]">UART3_IRQHandler</a> from startup_gd32f450_470.o(.text) referenced from startup_gd32f450_470.o(RESET)
 <LI><a href="#[45]">UART4_IRQHandler</a> from startup_gd32f450_470.o(.text) referenced from startup_gd32f450_470.o(RESET)
 <LI><a href="#[61]">UART6_IRQHandler</a> from startup_gd32f450_470.o(.text) referenced from startup_gd32f450_470.o(RESET)
 <LI><a href="#[62]">UART7_IRQHandler</a> from startup_gd32f450_470.o(.text) referenced from startup_gd32f450_470.o(RESET)
 <LI><a href="#[35]">USART0_IRQHandler</a> from uart.o(i.USART0_IRQHandler) referenced from startup_gd32f450_470.o(RESET)
 <LI><a href="#[36]">USART1_IRQHandler</a> from startup_gd32f450_470.o(.text) referenced from startup_gd32f450_470.o(RESET)
 <LI><a href="#[37]">USART2_IRQHandler</a> from startup_gd32f450_470.o(.text) referenced from startup_gd32f450_470.o(RESET)
 <LI><a href="#[57]">USART5_IRQHandler</a> from startup_gd32f450_470.o(.text) referenced from startup_gd32f450_470.o(RESET)
 <LI><a href="#[53]">USBFS_IRQHandler</a> from startup_gd32f450_470.o(.text) referenced from startup_gd32f450_470.o(RESET)
 <LI><a href="#[3a]">USBFS_WKUP_IRQHandler</a> from startup_gd32f450_470.o(.text) referenced from startup_gd32f450_470.o(RESET)
 <LI><a href="#[5b]">USBHS_EP1_In_IRQHandler</a> from startup_gd32f450_470.o(.text) referenced from startup_gd32f450_470.o(RESET)
 <LI><a href="#[5a]">USBHS_EP1_Out_IRQHandler</a> from startup_gd32f450_470.o(.text) referenced from startup_gd32f450_470.o(RESET)
 <LI><a href="#[5d]">USBHS_IRQHandler</a> from startup_gd32f450_470.o(.text) referenced from startup_gd32f450_470.o(RESET)
 <LI><a href="#[5c]">USBHS_WKUP_IRQHandler</a> from startup_gd32f450_470.o(.text) referenced from startup_gd32f450_470.o(RESET)
 <LI><a href="#[0]">Uart_Proc</a> from uart.o(i.Uart_Proc) referenced 2 times from scheduler.o(.data)
 <LI><a href="#[b]">UsageFault_Handler</a> from gd32f4xx_it.o(i.UsageFault_Handler) referenced from startup_gd32f450_470.o(RESET)
 <LI><a href="#[10]">WWDGT_IRQHandler</a> from startup_gd32f450_470.o(.text) referenced from startup_gd32f450_470.o(RESET)
 <LI><a href="#[6b]">__main</a> from entry.o(.ARM.Collect$$$$00000000) referenced from startup_gd32f450_470.o(.text)
 <LI><a href="#[6f]">_snputc</a> from printfa.o(i._snputc) referenced from printfa.o(i.__0vsnprintf)
 <LI><a href="#[6e]">fputc</a> from retarget_io.o(i.fputc) referenced from printfa.o(i.__0printf)
 <LI><a href="#[3]">lfs_Task</a> from lfs_port.o(i.lfs_Task) referenced 2 times from scheduler.o(.data)
 <LI><a href="#[70]">lfs_alloc_lookahead</a> from lfs.o(i.lfs_alloc_lookahead) referenced from lfs.o(i.lfs_alloc_scan)
 <LI><a href="#[71]">lfs_dir_commit_commit</a> from lfs.o(i.lfs_dir_commit_commit) referenced from lfs.o(i.lfs_dir_compact)
 <LI><a href="#[71]">lfs_dir_commit_commit</a> from lfs.o(i.lfs_dir_commit_commit) referenced from lfs.o(i.lfs_dir_relocatingcommit)
 <LI><a href="#[73]">lfs_dir_commit_size</a> from lfs.o(i.lfs_dir_commit_size) referenced from lfs.o(i.lfs_dir_splittingcompact)
 <LI><a href="#[72]">lfs_dir_find_match</a> from lfs.o(i.lfs_dir_find_match) referenced from lfs.o(i.lfs_dir_find)
 <LI><a href="#[72]">lfs_dir_find_match</a> from lfs.o(i.lfs_dir_find_match) referenced from lfs.o(i.lfs_mount_)
 <LI><a href="#[74]">lfs_dir_traverse_filter</a> from lfs.o(i.lfs_dir_traverse_filter) referenced from lfs.o(i.lfs_dir_traverse)
 <LI><a href="#[75]">lfs_fs_parent_match</a> from lfs.o(i.lfs_fs_parent_match) referenced from lfs.o(i.lfs_fs_parent)
 <LI><a href="#[76]">lfs_fs_size_count</a> from lfs.o(i.lfs_fs_size_count) referenced from lfs.o(i.lfs_fs_size_)
 <LI><a href="#[79]">lfs_spi_flash_erase</a> from lfs_port.o(i.lfs_spi_flash_erase) referenced from lfs_port.o(i.lfs_spi_flash_init)
 <LI><a href="#[78]">lfs_spi_flash_prog</a> from lfs_port.o(i.lfs_spi_flash_prog) referenced from lfs_port.o(i.lfs_spi_flash_init)
 <LI><a href="#[77]">lfs_spi_flash_read</a> from lfs_port.o(i.lfs_spi_flash_read) referenced from lfs_port.o(i.lfs_spi_flash_init)
 <LI><a href="#[7a]">lfs_spi_flash_sync</a> from lfs_port.o(i.lfs_spi_flash_sync) referenced from lfs_port.o(i.lfs_spi_flash_init)
 <LI><a href="#[69]">main</a> from main.o(i.main) referenced from entry9a.o(.ARM.Collect$$$$0000000B)
 <LI><a href="#[6d]">my_get_state_fn</a> from key.o(i.my_get_state_fn) referenced from key.o(i.EasyButton_Init)
 <LI><a href="#[6c]">my_handle_key_event</a> from key.o(i.my_handle_key_event) referenced from key.o(i.EasyButton_Init)
 <LI><a href="#[4]">rtc_Task</a> from rtc_app.o(i.rtc_Task) referenced 2 times from scheduler.o(.data)
</UL>
<P>
<H3>
Global Symbols
</H3>
<P><STRONG><a name="[6b]"></a>__main</STRONG> (Thumb, 0 bytes, Stack size unknown bytes, entry.o(.ARM.Collect$$$$00000000))
<BR>[Address Reference Count : 1]<UL><LI> startup_gd32f450_470.o(.text)
</UL>
<P><STRONG><a name="[20f]"></a>_main_stk</STRONG> (Thumb, 0 bytes, Stack size unknown bytes, entry2.o(.ARM.Collect$$$$00000001))

<P><STRONG><a name="[7b]"></a>_main_scatterload</STRONG> (Thumb, 0 bytes, Stack size unknown bytes, entry5.o(.ARM.Collect$$$$00000004))
<BR><BR>[Calls]<UL><LI><a href="#[7c]">&gt;&gt;</a>&nbsp;&nbsp;&nbsp;__scatterload
</UL>

<P><STRONG><a name="[8c]"></a>__main_after_scatterload</STRONG> (Thumb, 0 bytes, Stack size unknown bytes, entry5.o(.ARM.Collect$$$$00000004))
<BR><BR>[Called By]<UL><LI><a href="#[7c]">&gt;&gt;</a>&nbsp;&nbsp;&nbsp;__scatterload
</UL>

<P><STRONG><a name="[210]"></a>_main_clock</STRONG> (Thumb, 0 bytes, Stack size unknown bytes, entry7b.o(.ARM.Collect$$$$00000008))

<P><STRONG><a name="[211]"></a>_main_cpp_init</STRONG> (Thumb, 0 bytes, Stack size unknown bytes, entry8b.o(.ARM.Collect$$$$0000000A))

<P><STRONG><a name="[212]"></a>_main_init</STRONG> (Thumb, 0 bytes, Stack size unknown bytes, entry9a.o(.ARM.Collect$$$$0000000B))

<P><STRONG><a name="[213]"></a>__rt_lib_shutdown_fini</STRONG> (Thumb, 0 bytes, Stack size unknown bytes, entry12b.o(.ARM.Collect$$$$0000000E))

<P><STRONG><a name="[214]"></a>__rt_final_cpp</STRONG> (Thumb, 0 bytes, Stack size unknown bytes, entry10a.o(.ARM.Collect$$$$0000000F))

<P><STRONG><a name="[215]"></a>__rt_final_exit</STRONG> (Thumb, 0 bytes, Stack size unknown bytes, entry11a.o(.ARM.Collect$$$$00000011))

<P><STRONG><a name="[6]"></a>Reset_Handler</STRONG> (Thumb, 8 bytes, Stack size 0 bytes, startup_gd32f450_470.o(.text))
<BR>[Address Reference Count : 1]<UL><LI> startup_gd32f450_470.o(RESET)
</UL>
<P><STRONG><a name="[22]"></a>ADC_IRQHandler</STRONG> (Thumb, 0 bytes, Stack size 0 bytes, startup_gd32f450_470.o(.text))
<BR><BR>[Calls]<UL><LI><a href="#[22]">&gt;&gt;</a>&nbsp;&nbsp;&nbsp;ADC_IRQHandler
</UL>
<BR>[Called By]<UL><LI><a href="#[22]">&gt;&gt;</a>&nbsp;&nbsp;&nbsp;ADC_IRQHandler
</UL>
<BR>[Address Reference Count : 1]<UL><LI> startup_gd32f450_470.o(RESET)
</UL>
<P><STRONG><a name="[26]"></a>CAN0_EWMC_IRQHandler</STRONG> (Thumb, 0 bytes, Stack size 0 bytes, startup_gd32f450_470.o(.text))
<BR>[Address Reference Count : 1]<UL><LI> startup_gd32f450_470.o(RESET)
</UL>
<P><STRONG><a name="[24]"></a>CAN0_RX0_IRQHandler</STRONG> (Thumb, 0 bytes, Stack size 0 bytes, startup_gd32f450_470.o(.text))
<BR>[Address Reference Count : 1]<UL><LI> startup_gd32f450_470.o(RESET)
</UL>
<P><STRONG><a name="[25]"></a>CAN0_RX1_IRQHandler</STRONG> (Thumb, 0 bytes, Stack size 0 bytes, startup_gd32f450_470.o(.text))
<BR>[Address Reference Count : 1]<UL><LI> startup_gd32f450_470.o(RESET)
</UL>
<P><STRONG><a name="[23]"></a>CAN0_TX_IRQHandler</STRONG> (Thumb, 0 bytes, Stack size 0 bytes, startup_gd32f450_470.o(.text))
<BR>[Address Reference Count : 1]<UL><LI> startup_gd32f450_470.o(RESET)
</UL>
<P><STRONG><a name="[52]"></a>CAN1_EWMC_IRQHandler</STRONG> (Thumb, 0 bytes, Stack size 0 bytes, startup_gd32f450_470.o(.text))
<BR>[Address Reference Count : 1]<UL><LI> startup_gd32f450_470.o(RESET)
</UL>
<P><STRONG><a name="[50]"></a>CAN1_RX0_IRQHandler</STRONG> (Thumb, 0 bytes, Stack size 0 bytes, startup_gd32f450_470.o(.text))
<BR>[Address Reference Count : 1]<UL><LI> startup_gd32f450_470.o(RESET)
</UL>
<P><STRONG><a name="[51]"></a>CAN1_RX1_IRQHandler</STRONG> (Thumb, 0 bytes, Stack size 0 bytes, startup_gd32f450_470.o(.text))
<BR>[Address Reference Count : 1]<UL><LI> startup_gd32f450_470.o(RESET)
</UL>
<P><STRONG><a name="[4f]"></a>CAN1_TX_IRQHandler</STRONG> (Thumb, 0 bytes, Stack size 0 bytes, startup_gd32f450_470.o(.text))
<BR>[Address Reference Count : 1]<UL><LI> startup_gd32f450_470.o(RESET)
</UL>
<P><STRONG><a name="[5e]"></a>DCI_IRQHandler</STRONG> (Thumb, 0 bytes, Stack size 0 bytes, startup_gd32f450_470.o(.text))
<BR>[Address Reference Count : 1]<UL><LI> startup_gd32f450_470.o(RESET)
</UL>
<P><STRONG><a name="[1b]"></a>DMA0_Channel0_IRQHandler</STRONG> (Thumb, 0 bytes, Stack size 0 bytes, startup_gd32f450_470.o(.text))
<BR>[Address Reference Count : 1]<UL><LI> startup_gd32f450_470.o(RESET)
</UL>
<P><STRONG><a name="[1c]"></a>DMA0_Channel1_IRQHandler</STRONG> (Thumb, 0 bytes, Stack size 0 bytes, startup_gd32f450_470.o(.text))
<BR>[Address Reference Count : 1]<UL><LI> startup_gd32f450_470.o(RESET)
</UL>
<P><STRONG><a name="[1d]"></a>DMA0_Channel2_IRQHandler</STRONG> (Thumb, 0 bytes, Stack size 0 bytes, startup_gd32f450_470.o(.text))
<BR>[Address Reference Count : 1]<UL><LI> startup_gd32f450_470.o(RESET)
</UL>
<P><STRONG><a name="[1e]"></a>DMA0_Channel3_IRQHandler</STRONG> (Thumb, 0 bytes, Stack size 0 bytes, startup_gd32f450_470.o(.text))
<BR>[Address Reference Count : 1]<UL><LI> startup_gd32f450_470.o(RESET)
</UL>
<P><STRONG><a name="[1f]"></a>DMA0_Channel4_IRQHandler</STRONG> (Thumb, 0 bytes, Stack size 0 bytes, startup_gd32f450_470.o(.text))
<BR>[Address Reference Count : 1]<UL><LI> startup_gd32f450_470.o(RESET)
</UL>
<P><STRONG><a name="[20]"></a>DMA0_Channel5_IRQHandler</STRONG> (Thumb, 0 bytes, Stack size 0 bytes, startup_gd32f450_470.o(.text))
<BR>[Address Reference Count : 1]<UL><LI> startup_gd32f450_470.o(RESET)
</UL>
<P><STRONG><a name="[21]"></a>DMA0_Channel6_IRQHandler</STRONG> (Thumb, 0 bytes, Stack size 0 bytes, startup_gd32f450_470.o(.text))
<BR>[Address Reference Count : 1]<UL><LI> startup_gd32f450_470.o(RESET)
</UL>
<P><STRONG><a name="[3f]"></a>DMA0_Channel7_IRQHandler</STRONG> (Thumb, 0 bytes, Stack size 0 bytes, startup_gd32f450_470.o(.text))
<BR>[Address Reference Count : 1]<UL><LI> startup_gd32f450_470.o(RESET)
</UL>
<P><STRONG><a name="[48]"></a>DMA1_Channel0_IRQHandler</STRONG> (Thumb, 0 bytes, Stack size 0 bytes, startup_gd32f450_470.o(.text))
<BR>[Address Reference Count : 1]<UL><LI> startup_gd32f450_470.o(RESET)
</UL>
<P><STRONG><a name="[49]"></a>DMA1_Channel1_IRQHandler</STRONG> (Thumb, 0 bytes, Stack size 0 bytes, startup_gd32f450_470.o(.text))
<BR>[Address Reference Count : 1]<UL><LI> startup_gd32f450_470.o(RESET)
</UL>
<P><STRONG><a name="[4a]"></a>DMA1_Channel2_IRQHandler</STRONG> (Thumb, 0 bytes, Stack size 0 bytes, startup_gd32f450_470.o(.text))
<BR>[Address Reference Count : 1]<UL><LI> startup_gd32f450_470.o(RESET)
</UL>
<P><STRONG><a name="[4b]"></a>DMA1_Channel3_IRQHandler</STRONG> (Thumb, 0 bytes, Stack size 0 bytes, startup_gd32f450_470.o(.text))
<BR>[Address Reference Count : 1]<UL><LI> startup_gd32f450_470.o(RESET)
</UL>
<P><STRONG><a name="[4c]"></a>DMA1_Channel4_IRQHandler</STRONG> (Thumb, 0 bytes, Stack size 0 bytes, startup_gd32f450_470.o(.text))
<BR>[Address Reference Count : 1]<UL><LI> startup_gd32f450_470.o(RESET)
</UL>
<P><STRONG><a name="[54]"></a>DMA1_Channel5_IRQHandler</STRONG> (Thumb, 0 bytes, Stack size 0 bytes, startup_gd32f450_470.o(.text))
<BR>[Address Reference Count : 1]<UL><LI> startup_gd32f450_470.o(RESET)
</UL>
<P><STRONG><a name="[55]"></a>DMA1_Channel6_IRQHandler</STRONG> (Thumb, 0 bytes, Stack size 0 bytes, startup_gd32f450_470.o(.text))
<BR>[Address Reference Count : 1]<UL><LI> startup_gd32f450_470.o(RESET)
</UL>
<P><STRONG><a name="[56]"></a>DMA1_Channel7_IRQHandler</STRONG> (Thumb, 0 bytes, Stack size 0 bytes, startup_gd32f450_470.o(.text))
<BR>[Address Reference Count : 1]<UL><LI> startup_gd32f450_470.o(RESET)
</UL>
<P><STRONG><a name="[4d]"></a>ENET_IRQHandler</STRONG> (Thumb, 0 bytes, Stack size 0 bytes, startup_gd32f450_470.o(.text))
<BR>[Address Reference Count : 1]<UL><LI> startup_gd32f450_470.o(RESET)
</UL>
<P><STRONG><a name="[4e]"></a>ENET_WKUP_IRQHandler</STRONG> (Thumb, 0 bytes, Stack size 0 bytes, startup_gd32f450_470.o(.text))
<BR>[Address Reference Count : 1]<UL><LI> startup_gd32f450_470.o(RESET)
</UL>
<P><STRONG><a name="[40]"></a>EXMC_IRQHandler</STRONG> (Thumb, 0 bytes, Stack size 0 bytes, startup_gd32f450_470.o(.text))
<BR>[Address Reference Count : 1]<UL><LI> startup_gd32f450_470.o(RESET)
</UL>
<P><STRONG><a name="[16]"></a>EXTI0_IRQHandler</STRONG> (Thumb, 0 bytes, Stack size 0 bytes, startup_gd32f450_470.o(.text))
<BR>[Address Reference Count : 1]<UL><LI> startup_gd32f450_470.o(RESET)
</UL>
<P><STRONG><a name="[38]"></a>EXTI10_15_IRQHandler</STRONG> (Thumb, 0 bytes, Stack size 0 bytes, startup_gd32f450_470.o(.text))
<BR>[Address Reference Count : 1]<UL><LI> startup_gd32f450_470.o(RESET)
</UL>
<P><STRONG><a name="[17]"></a>EXTI1_IRQHandler</STRONG> (Thumb, 0 bytes, Stack size 0 bytes, startup_gd32f450_470.o(.text))
<BR>[Address Reference Count : 1]<UL><LI> startup_gd32f450_470.o(RESET)
</UL>
<P><STRONG><a name="[18]"></a>EXTI2_IRQHandler</STRONG> (Thumb, 0 bytes, Stack size 0 bytes, startup_gd32f450_470.o(.text))
<BR>[Address Reference Count : 1]<UL><LI> startup_gd32f450_470.o(RESET)
</UL>
<P><STRONG><a name="[19]"></a>EXTI3_IRQHandler</STRONG> (Thumb, 0 bytes, Stack size 0 bytes, startup_gd32f450_470.o(.text))
<BR>[Address Reference Count : 1]<UL><LI> startup_gd32f450_470.o(RESET)
</UL>
<P><STRONG><a name="[1a]"></a>EXTI4_IRQHandler</STRONG> (Thumb, 0 bytes, Stack size 0 bytes, startup_gd32f450_470.o(.text))
<BR>[Address Reference Count : 1]<UL><LI> startup_gd32f450_470.o(RESET)
</UL>
<P><STRONG><a name="[27]"></a>EXTI5_9_IRQHandler</STRONG> (Thumb, 0 bytes, Stack size 0 bytes, startup_gd32f450_470.o(.text))
<BR>[Address Reference Count : 1]<UL><LI> startup_gd32f450_470.o(RESET)
</UL>
<P><STRONG><a name="[14]"></a>FMC_IRQHandler</STRONG> (Thumb, 0 bytes, Stack size 0 bytes, startup_gd32f450_470.o(.text))
<BR>[Address Reference Count : 1]<UL><LI> startup_gd32f450_470.o(RESET)
</UL>
<P><STRONG><a name="[60]"></a>FPU_IRQHandler</STRONG> (Thumb, 0 bytes, Stack size 0 bytes, startup_gd32f450_470.o(.text))
<BR>[Address Reference Count : 1]<UL><LI> startup_gd32f450_470.o(RESET)
</UL>
<P><STRONG><a name="[30]"></a>I2C0_ER_IRQHandler</STRONG> (Thumb, 0 bytes, Stack size 0 bytes, startup_gd32f450_470.o(.text))
<BR>[Address Reference Count : 1]<UL><LI> startup_gd32f450_470.o(RESET)
</UL>
<P><STRONG><a name="[2f]"></a>I2C0_EV_IRQHandler</STRONG> (Thumb, 0 bytes, Stack size 0 bytes, startup_gd32f450_470.o(.text))
<BR>[Address Reference Count : 1]<UL><LI> startup_gd32f450_470.o(RESET)
</UL>
<P><STRONG><a name="[32]"></a>I2C1_ER_IRQHandler</STRONG> (Thumb, 0 bytes, Stack size 0 bytes, startup_gd32f450_470.o(.text))
<BR>[Address Reference Count : 1]<UL><LI> startup_gd32f450_470.o(RESET)
</UL>
<P><STRONG><a name="[31]"></a>I2C1_EV_IRQHandler</STRONG> (Thumb, 0 bytes, Stack size 0 bytes, startup_gd32f450_470.o(.text))
<BR>[Address Reference Count : 1]<UL><LI> startup_gd32f450_470.o(RESET)
</UL>
<P><STRONG><a name="[59]"></a>I2C2_ER_IRQHandler</STRONG> (Thumb, 0 bytes, Stack size 0 bytes, startup_gd32f450_470.o(.text))
<BR>[Address Reference Count : 1]<UL><LI> startup_gd32f450_470.o(RESET)
</UL>
<P><STRONG><a name="[58]"></a>I2C2_EV_IRQHandler</STRONG> (Thumb, 0 bytes, Stack size 0 bytes, startup_gd32f450_470.o(.text))
<BR>[Address Reference Count : 1]<UL><LI> startup_gd32f450_470.o(RESET)
</UL>
<P><STRONG><a name="[68]"></a>IPA_IRQHandler</STRONG> (Thumb, 0 bytes, Stack size 0 bytes, startup_gd32f450_470.o(.text))
<BR>[Address Reference Count : 1]<UL><LI> startup_gd32f450_470.o(RESET)
</UL>
<P><STRONG><a name="[11]"></a>LVD_IRQHandler</STRONG> (Thumb, 0 bytes, Stack size 0 bytes, startup_gd32f450_470.o(.text))
<BR>[Address Reference Count : 1]<UL><LI> startup_gd32f450_470.o(RESET)
</UL>
<P><STRONG><a name="[15]"></a>RCU_CTC_IRQHandler</STRONG> (Thumb, 0 bytes, Stack size 0 bytes, startup_gd32f450_470.o(.text))
<BR>[Address Reference Count : 1]<UL><LI> startup_gd32f450_470.o(RESET)
</UL>
<P><STRONG><a name="[33]"></a>SPI0_IRQHandler</STRONG> (Thumb, 0 bytes, Stack size 0 bytes, startup_gd32f450_470.o(.text))
<BR>[Address Reference Count : 1]<UL><LI> startup_gd32f450_470.o(RESET)
</UL>
<P><STRONG><a name="[34]"></a>SPI1_IRQHandler</STRONG> (Thumb, 0 bytes, Stack size 0 bytes, startup_gd32f450_470.o(.text))
<BR>[Address Reference Count : 1]<UL><LI> startup_gd32f450_470.o(RESET)
</UL>
<P><STRONG><a name="[43]"></a>SPI2_IRQHandler</STRONG> (Thumb, 0 bytes, Stack size 0 bytes, startup_gd32f450_470.o(.text))
<BR>[Address Reference Count : 1]<UL><LI> startup_gd32f450_470.o(RESET)
</UL>
<P><STRONG><a name="[63]"></a>SPI3_IRQHandler</STRONG> (Thumb, 0 bytes, Stack size 0 bytes, startup_gd32f450_470.o(.text))
<BR>[Address Reference Count : 1]<UL><LI> startup_gd32f450_470.o(RESET)
</UL>
<P><STRONG><a name="[64]"></a>SPI4_IRQHandler</STRONG> (Thumb, 0 bytes, Stack size 0 bytes, startup_gd32f450_470.o(.text))
<BR>[Address Reference Count : 1]<UL><LI> startup_gd32f450_470.o(RESET)
</UL>
<P><STRONG><a name="[65]"></a>SPI5_IRQHandler</STRONG> (Thumb, 0 bytes, Stack size 0 bytes, startup_gd32f450_470.o(.text))
<BR>[Address Reference Count : 1]<UL><LI> startup_gd32f450_470.o(RESET)
</UL>
<P><STRONG><a name="[12]"></a>TAMPER_STAMP_IRQHandler</STRONG> (Thumb, 0 bytes, Stack size 0 bytes, startup_gd32f450_470.o(.text))
<BR>[Address Reference Count : 1]<UL><LI> startup_gd32f450_470.o(RESET)
</UL>
<P><STRONG><a name="[28]"></a>TIMER0_BRK_TIMER8_IRQHandler</STRONG> (Thumb, 0 bytes, Stack size 0 bytes, startup_gd32f450_470.o(.text))
<BR>[Address Reference Count : 1]<UL><LI> startup_gd32f450_470.o(RESET)
</UL>
<P><STRONG><a name="[2b]"></a>TIMER0_Channel_IRQHandler</STRONG> (Thumb, 0 bytes, Stack size 0 bytes, startup_gd32f450_470.o(.text))
<BR>[Address Reference Count : 1]<UL><LI> startup_gd32f450_470.o(RESET)
</UL>
<P><STRONG><a name="[2a]"></a>TIMER0_TRG_CMT_TIMER10_IRQHandler</STRONG> (Thumb, 0 bytes, Stack size 0 bytes, startup_gd32f450_470.o(.text))
<BR>[Address Reference Count : 1]<UL><LI> startup_gd32f450_470.o(RESET)
</UL>
<P><STRONG><a name="[29]"></a>TIMER0_UP_TIMER9_IRQHandler</STRONG> (Thumb, 0 bytes, Stack size 0 bytes, startup_gd32f450_470.o(.text))
<BR>[Address Reference Count : 1]<UL><LI> startup_gd32f450_470.o(RESET)
</UL>
<P><STRONG><a name="[2c]"></a>TIMER1_IRQHandler</STRONG> (Thumb, 0 bytes, Stack size 0 bytes, startup_gd32f450_470.o(.text))
<BR>[Address Reference Count : 1]<UL><LI> startup_gd32f450_470.o(RESET)
</UL>
<P><STRONG><a name="[2d]"></a>TIMER2_IRQHandler</STRONG> (Thumb, 0 bytes, Stack size 0 bytes, startup_gd32f450_470.o(.text))
<BR>[Address Reference Count : 1]<UL><LI> startup_gd32f450_470.o(RESET)
</UL>
<P><STRONG><a name="[2e]"></a>TIMER3_IRQHandler</STRONG> (Thumb, 0 bytes, Stack size 0 bytes, startup_gd32f450_470.o(.text))
<BR>[Address Reference Count : 1]<UL><LI> startup_gd32f450_470.o(RESET)
</UL>
<P><STRONG><a name="[42]"></a>TIMER4_IRQHandler</STRONG> (Thumb, 0 bytes, Stack size 0 bytes, startup_gd32f450_470.o(.text))
<BR>[Address Reference Count : 1]<UL><LI> startup_gd32f450_470.o(RESET)
</UL>
<P><STRONG><a name="[46]"></a>TIMER5_DAC_IRQHandler</STRONG> (Thumb, 0 bytes, Stack size 0 bytes, startup_gd32f450_470.o(.text))
<BR>[Address Reference Count : 1]<UL><LI> startup_gd32f450_470.o(RESET)
</UL>
<P><STRONG><a name="[47]"></a>TIMER6_IRQHandler</STRONG> (Thumb, 0 bytes, Stack size 0 bytes, startup_gd32f450_470.o(.text))
<BR>[Address Reference Count : 1]<UL><LI> startup_gd32f450_470.o(RESET)
</UL>
<P><STRONG><a name="[3b]"></a>TIMER7_BRK_TIMER11_IRQHandler</STRONG> (Thumb, 0 bytes, Stack size 0 bytes, startup_gd32f450_470.o(.text))
<BR>[Address Reference Count : 1]<UL><LI> startup_gd32f450_470.o(RESET)
</UL>
<P><STRONG><a name="[3e]"></a>TIMER7_Channel_IRQHandler</STRONG> (Thumb, 0 bytes, Stack size 0 bytes, startup_gd32f450_470.o(.text))
<BR>[Address Reference Count : 1]<UL><LI> startup_gd32f450_470.o(RESET)
</UL>
<P><STRONG><a name="[3d]"></a>TIMER7_TRG_CMT_TIMER13_IRQHandler</STRONG> (Thumb, 0 bytes, Stack size 0 bytes, startup_gd32f450_470.o(.text))
<BR>[Address Reference Count : 1]<UL><LI> startup_gd32f450_470.o(RESET)
</UL>
<P><STRONG><a name="[3c]"></a>TIMER7_UP_TIMER12_IRQHandler</STRONG> (Thumb, 0 bytes, Stack size 0 bytes, startup_gd32f450_470.o(.text))
<BR>[Address Reference Count : 1]<UL><LI> startup_gd32f450_470.o(RESET)
</UL>
<P><STRONG><a name="[67]"></a>TLI_ER_IRQHandler</STRONG> (Thumb, 0 bytes, Stack size 0 bytes, startup_gd32f450_470.o(.text))
<BR>[Address Reference Count : 1]<UL><LI> startup_gd32f450_470.o(RESET)
</UL>
<P><STRONG><a name="[66]"></a>TLI_IRQHandler</STRONG> (Thumb, 0 bytes, Stack size 0 bytes, startup_gd32f450_470.o(.text))
<BR>[Address Reference Count : 1]<UL><LI> startup_gd32f450_470.o(RESET)
</UL>
<P><STRONG><a name="[5f]"></a>TRNG_IRQHandler</STRONG> (Thumb, 0 bytes, Stack size 0 bytes, startup_gd32f450_470.o(.text))
<BR>[Address Reference Count : 1]<UL><LI> startup_gd32f450_470.o(RESET)
</UL>
<P><STRONG><a name="[44]"></a>UART3_IRQHandler</STRONG> (Thumb, 0 bytes, Stack size 0 bytes, startup_gd32f450_470.o(.text))
<BR>[Address Reference Count : 1]<UL><LI> startup_gd32f450_470.o(RESET)
</UL>
<P><STRONG><a name="[45]"></a>UART4_IRQHandler</STRONG> (Thumb, 0 bytes, Stack size 0 bytes, startup_gd32f450_470.o(.text))
<BR>[Address Reference Count : 1]<UL><LI> startup_gd32f450_470.o(RESET)
</UL>
<P><STRONG><a name="[61]"></a>UART6_IRQHandler</STRONG> (Thumb, 0 bytes, Stack size 0 bytes, startup_gd32f450_470.o(.text))
<BR>[Address Reference Count : 1]<UL><LI> startup_gd32f450_470.o(RESET)
</UL>
<P><STRONG><a name="[62]"></a>UART7_IRQHandler</STRONG> (Thumb, 0 bytes, Stack size 0 bytes, startup_gd32f450_470.o(.text))
<BR>[Address Reference Count : 1]<UL><LI> startup_gd32f450_470.o(RESET)
</UL>
<P><STRONG><a name="[36]"></a>USART1_IRQHandler</STRONG> (Thumb, 0 bytes, Stack size 0 bytes, startup_gd32f450_470.o(.text))
<BR>[Address Reference Count : 1]<UL><LI> startup_gd32f450_470.o(RESET)
</UL>
<P><STRONG><a name="[37]"></a>USART2_IRQHandler</STRONG> (Thumb, 0 bytes, Stack size 0 bytes, startup_gd32f450_470.o(.text))
<BR>[Address Reference Count : 1]<UL><LI> startup_gd32f450_470.o(RESET)
</UL>
<P><STRONG><a name="[57]"></a>USART5_IRQHandler</STRONG> (Thumb, 0 bytes, Stack size 0 bytes, startup_gd32f450_470.o(.text))
<BR>[Address Reference Count : 1]<UL><LI> startup_gd32f450_470.o(RESET)
</UL>
<P><STRONG><a name="[53]"></a>USBFS_IRQHandler</STRONG> (Thumb, 0 bytes, Stack size 0 bytes, startup_gd32f450_470.o(.text))
<BR>[Address Reference Count : 1]<UL><LI> startup_gd32f450_470.o(RESET)
</UL>
<P><STRONG><a name="[3a]"></a>USBFS_WKUP_IRQHandler</STRONG> (Thumb, 0 bytes, Stack size 0 bytes, startup_gd32f450_470.o(.text))
<BR>[Address Reference Count : 1]<UL><LI> startup_gd32f450_470.o(RESET)
</UL>
<P><STRONG><a name="[5b]"></a>USBHS_EP1_In_IRQHandler</STRONG> (Thumb, 0 bytes, Stack size 0 bytes, startup_gd32f450_470.o(.text))
<BR>[Address Reference Count : 1]<UL><LI> startup_gd32f450_470.o(RESET)
</UL>
<P><STRONG><a name="[5a]"></a>USBHS_EP1_Out_IRQHandler</STRONG> (Thumb, 0 bytes, Stack size 0 bytes, startup_gd32f450_470.o(.text))
<BR>[Address Reference Count : 1]<UL><LI> startup_gd32f450_470.o(RESET)
</UL>
<P><STRONG><a name="[5d]"></a>USBHS_IRQHandler</STRONG> (Thumb, 0 bytes, Stack size 0 bytes, startup_gd32f450_470.o(.text))
<BR>[Address Reference Count : 1]<UL><LI> startup_gd32f450_470.o(RESET)
</UL>
<P><STRONG><a name="[5c]"></a>USBHS_WKUP_IRQHandler</STRONG> (Thumb, 0 bytes, Stack size 0 bytes, startup_gd32f450_470.o(.text))
<BR>[Address Reference Count : 1]<UL><LI> startup_gd32f450_470.o(RESET)
</UL>
<P><STRONG><a name="[10]"></a>WWDGT_IRQHandler</STRONG> (Thumb, 0 bytes, Stack size 0 bytes, startup_gd32f450_470.o(.text))
<BR>[Address Reference Count : 1]<UL><LI> startup_gd32f450_470.o(RESET)
</UL>
<P><STRONG><a name="[14d]"></a>__aeabi_memcpy</STRONG> (Thumb, 36 bytes, Stack size 0 bytes, memcpya.o(.text))
<BR><BR>[Called By]<UL><LI><a href="#[198]">&gt;&gt;</a>&nbsp;&nbsp;&nbsp;lfs_file_relocate
<LI><a href="#[185]">&gt;&gt;</a>&nbsp;&nbsp;&nbsp;lfs_dir_getread
<LI><a href="#[145]">&gt;&gt;</a>&nbsp;&nbsp;&nbsp;lfs_bd_read
<LI><a href="#[14c]">&gt;&gt;</a>&nbsp;&nbsp;&nbsp;lfs_bd_prog
</UL>

<P><STRONG><a name="[12c]"></a>__aeabi_memcpy4</STRONG> (Thumb, 0 bytes, Stack size 0 bytes, memcpya.o(.text))
<BR><BR>[Called By]<UL><LI><a href="#[125]">&gt;&gt;</a>&nbsp;&nbsp;&nbsp;ebtn_process_with_curr_state
<LI><a href="#[1b5]">&gt;&gt;</a>&nbsp;&nbsp;&nbsp;lfs_mount_
<LI><a href="#[143]">&gt;&gt;</a>&nbsp;&nbsp;&nbsp;lfs_fs_traverse_
<LI><a href="#[160]">&gt;&gt;</a>&nbsp;&nbsp;&nbsp;lfs_fs_deorphan
<LI><a href="#[1a6]">&gt;&gt;</a>&nbsp;&nbsp;&nbsp;lfs_format_
<LI><a href="#[188]">&gt;&gt;</a>&nbsp;&nbsp;&nbsp;lfs_file_flush
<LI><a href="#[16a]">&gt;&gt;</a>&nbsp;&nbsp;&nbsp;lfs_dir_traverse
<LI><a href="#[189]">&gt;&gt;</a>&nbsp;&nbsp;&nbsp;lfs_dir_relocatingcommit
<LI><a href="#[15f]">&gt;&gt;</a>&nbsp;&nbsp;&nbsp;lfs_dir_orphaningcommit
<LI><a href="#[167]">&gt;&gt;</a>&nbsp;&nbsp;&nbsp;lfs_dir_compact
</UL>

<P><STRONG><a name="[216]"></a>__aeabi_memcpy8</STRONG> (Thumb, 0 bytes, Stack size 0 bytes, memcpya.o(.text), UNUSED)

<P><STRONG><a name="[7e]"></a>__aeabi_memset</STRONG> (Thumb, 14 bytes, Stack size 0 bytes, memseta.o(.text))
<BR><BR>[Called By]<UL><LI><a href="#[7f]">&gt;&gt;</a>&nbsp;&nbsp;&nbsp;_memset$wrapper
<LI><a href="#[7d]">&gt;&gt;</a>&nbsp;&nbsp;&nbsp;__aeabi_memclr
<LI><a href="#[14b]">&gt;&gt;</a>&nbsp;&nbsp;&nbsp;lfs_cache_zero
</UL>

<P><STRONG><a name="[217]"></a>__aeabi_memset4</STRONG> (Thumb, 0 bytes, Stack size 0 bytes, memseta.o(.text), UNUSED)

<P><STRONG><a name="[218]"></a>__aeabi_memset8</STRONG> (Thumb, 0 bytes, Stack size 0 bytes, memseta.o(.text), UNUSED)

<P><STRONG><a name="[7d]"></a>__aeabi_memclr</STRONG> (Thumb, 4 bytes, Stack size 0 bytes, memseta.o(.text))
<BR><BR>[Calls]<UL><LI><a href="#[7e]">&gt;&gt;</a>&nbsp;&nbsp;&nbsp;__aeabi_memset
</UL>
<BR>[Called By]<UL><LI><a href="#[1a6]">&gt;&gt;</a>&nbsp;&nbsp;&nbsp;lfs_format_
<LI><a href="#[184]">&gt;&gt;</a>&nbsp;&nbsp;&nbsp;lfs_dir_getslice
<LI><a href="#[13f]">&gt;&gt;</a>&nbsp;&nbsp;&nbsp;lfs_alloc_scan
</UL>

<P><STRONG><a name="[cf]"></a>__aeabi_memclr4</STRONG> (Thumb, 0 bytes, Stack size 0 bytes, memseta.o(.text))
<BR><BR>[Called By]<UL><LI><a href="#[8f]">&gt;&gt;</a>&nbsp;&nbsp;&nbsp;ebtn_init
<LI><a href="#[0]">&gt;&gt;</a>&nbsp;&nbsp;&nbsp;Uart_Proc
<LI><a href="#[35]">&gt;&gt;</a>&nbsp;&nbsp;&nbsp;USART0_IRQHandler
<LI><a href="#[19a]">&gt;&gt;</a>&nbsp;&nbsp;&nbsp;lfs_file_opencfg_
<LI><a href="#[16a]">&gt;&gt;</a>&nbsp;&nbsp;&nbsp;lfs_dir_traverse
</UL>

<P><STRONG><a name="[219]"></a>__aeabi_memclr8</STRONG> (Thumb, 0 bytes, Stack size 0 bytes, memseta.o(.text), UNUSED)

<P><STRONG><a name="[7f]"></a>_memset$wrapper</STRONG> (Thumb, 18 bytes, Stack size 8 bytes, memseta.o(.text), UNUSED)
<BR><BR>[Calls]<UL><LI><a href="#[7e]">&gt;&gt;</a>&nbsp;&nbsp;&nbsp;__aeabi_memset
</UL>

<P><STRONG><a name="[fa]"></a>memcmp</STRONG> (Thumb, 26 bytes, Stack size 12 bytes, memcmp.o(.text))
<BR><BR>[Stack]<UL><LI>Max Depth = 12<LI>Call Chain = memcmp
</UL>
<BR>[Called By]<UL><LI><a href="#[f9]">&gt;&gt;</a>&nbsp;&nbsp;&nbsp;bit_array_cmp
<LI><a href="#[17f]">&gt;&gt;</a>&nbsp;&nbsp;&nbsp;lfs_dir_find
<LI><a href="#[144]">&gt;&gt;</a>&nbsp;&nbsp;&nbsp;lfs_bd_cmp
</UL>

<P><STRONG><a name="[180]"></a>strspn</STRONG> (Thumb, 28 bytes, Stack size 12 bytes, strspn.o(.text))
<BR><BR>[Stack]<UL><LI>Max Depth = 12<LI>Call Chain = strspn
</UL>
<BR>[Called By]<UL><LI><a href="#[19c]">&gt;&gt;</a>&nbsp;&nbsp;&nbsp;lfs_path_islast
<LI><a href="#[17f]">&gt;&gt;</a>&nbsp;&nbsp;&nbsp;lfs_dir_find
</UL>

<P><STRONG><a name="[181]"></a>strcspn</STRONG> (Thumb, 34 bytes, Stack size 12 bytes, strcspn.o(.text))
<BR><BR>[Stack]<UL><LI>Max Depth = 12<LI>Call Chain = strcspn
</UL>
<BR>[Called By]<UL><LI><a href="#[19f]">&gt;&gt;</a>&nbsp;&nbsp;&nbsp;lfs_path_namelen
<LI><a href="#[17f]">&gt;&gt;</a>&nbsp;&nbsp;&nbsp;lfs_dir_find
</UL>

<P><STRONG><a name="[9c]"></a>__aeabi_f2d</STRONG> (Thumb, 38 bytes, Stack size 0 bytes, f2d.o(.text))
<BR><BR>[Called By]<UL><LI><a href="#[2]">&gt;&gt;</a>&nbsp;&nbsp;&nbsp;Oled_Proc
</UL>

<P><STRONG><a name="[21a]"></a>__aeabi_uidiv</STRONG> (Thumb, 0 bytes, Stack size 12 bytes, uidiv.o(.text), UNUSED)

<P><STRONG><a name="[e6]"></a>__aeabi_uidivmod</STRONG> (Thumb, 44 bytes, Stack size 12 bytes, uidiv.o(.text), UNUSED)
<BR><BR>[Called By]<UL><LI><a href="#[dd]">&gt;&gt;</a>&nbsp;&nbsp;&nbsp;_printf_core
</UL>

<P><STRONG><a name="[80]"></a>__aeabi_uldivmod</STRONG> (Thumb, 98 bytes, Stack size 40 bytes, uldiv.o(.text), UNUSED)
<BR><BR>[Calls]<UL><LI><a href="#[81]">&gt;&gt;</a>&nbsp;&nbsp;&nbsp;__aeabi_llsr
<LI><a href="#[82]">&gt;&gt;</a>&nbsp;&nbsp;&nbsp;__aeabi_llsl
</UL>
<BR>[Called By]<UL><LI><a href="#[dd]">&gt;&gt;</a>&nbsp;&nbsp;&nbsp;_printf_core
<LI><a href="#[e2]">&gt;&gt;</a>&nbsp;&nbsp;&nbsp;_fp_digits
</UL>

<P><STRONG><a name="[21b]"></a>__I$use$fp</STRONG> (Thumb, 0 bytes, Stack size 48 bytes, iusefp.o(.text), UNUSED)

<P><STRONG><a name="[83]"></a>__aeabi_dadd</STRONG> (Thumb, 322 bytes, Stack size 48 bytes, dadd.o(.text), UNUSED)
<BR><BR>[Calls]<UL><LI><a href="#[84]">&gt;&gt;</a>&nbsp;&nbsp;&nbsp;__aeabi_lasr
<LI><a href="#[82]">&gt;&gt;</a>&nbsp;&nbsp;&nbsp;__aeabi_llsl
<LI><a href="#[86]">&gt;&gt;</a>&nbsp;&nbsp;&nbsp;_double_round
<LI><a href="#[85]">&gt;&gt;</a>&nbsp;&nbsp;&nbsp;_double_epilogue
</UL>
<BR>[Called By]<UL><LI><a href="#[88]">&gt;&gt;</a>&nbsp;&nbsp;&nbsp;__aeabi_drsub
<LI><a href="#[87]">&gt;&gt;</a>&nbsp;&nbsp;&nbsp;__aeabi_dsub
<LI><a href="#[e2]">&gt;&gt;</a>&nbsp;&nbsp;&nbsp;_fp_digits
</UL>

<P><STRONG><a name="[87]"></a>__aeabi_dsub</STRONG> (Thumb, 6 bytes, Stack size 0 bytes, dadd.o(.text), UNUSED)
<BR><BR>[Calls]<UL><LI><a href="#[83]">&gt;&gt;</a>&nbsp;&nbsp;&nbsp;__aeabi_dadd
</UL>

<P><STRONG><a name="[88]"></a>__aeabi_drsub</STRONG> (Thumb, 6 bytes, Stack size 0 bytes, dadd.o(.text), UNUSED)
<BR><BR>[Calls]<UL><LI><a href="#[83]">&gt;&gt;</a>&nbsp;&nbsp;&nbsp;__aeabi_dadd
</UL>

<P><STRONG><a name="[89]"></a>__aeabi_dmul</STRONG> (Thumb, 228 bytes, Stack size 48 bytes, dmul.o(.text), UNUSED)
<BR><BR>[Calls]<UL><LI><a href="#[85]">&gt;&gt;</a>&nbsp;&nbsp;&nbsp;_double_epilogue
</UL>
<BR>[Called By]<UL><LI><a href="#[e2]">&gt;&gt;</a>&nbsp;&nbsp;&nbsp;_fp_digits
</UL>

<P><STRONG><a name="[8a]"></a>__aeabi_ddiv</STRONG> (Thumb, 222 bytes, Stack size 32 bytes, ddiv.o(.text), UNUSED)
<BR><BR>[Calls]<UL><LI><a href="#[86]">&gt;&gt;</a>&nbsp;&nbsp;&nbsp;_double_round
</UL>
<BR>[Called By]<UL><LI><a href="#[e2]">&gt;&gt;</a>&nbsp;&nbsp;&nbsp;_fp_digits
</UL>

<P><STRONG><a name="[8b]"></a>__aeabi_d2ulz</STRONG> (Thumb, 48 bytes, Stack size 0 bytes, dfixul.o(.text), UNUSED)
<BR><BR>[Calls]<UL><LI><a href="#[81]">&gt;&gt;</a>&nbsp;&nbsp;&nbsp;__aeabi_llsr
<LI><a href="#[82]">&gt;&gt;</a>&nbsp;&nbsp;&nbsp;__aeabi_llsl
</UL>
<BR>[Called By]<UL><LI><a href="#[e2]">&gt;&gt;</a>&nbsp;&nbsp;&nbsp;_fp_digits
</UL>

<P><STRONG><a name="[e3]"></a>__aeabi_cdrcmple</STRONG> (Thumb, 48 bytes, Stack size 0 bytes, cdrcmple.o(.text), UNUSED)
<BR><BR>[Called By]<UL><LI><a href="#[e2]">&gt;&gt;</a>&nbsp;&nbsp;&nbsp;_fp_digits
</UL>

<P><STRONG><a name="[7c]"></a>__scatterload</STRONG> (Thumb, 28 bytes, Stack size 0 bytes, init.o(.text))
<BR><BR>[Calls]<UL><LI><a href="#[8c]">&gt;&gt;</a>&nbsp;&nbsp;&nbsp;__main_after_scatterload
</UL>
<BR>[Called By]<UL><LI><a href="#[7b]">&gt;&gt;</a>&nbsp;&nbsp;&nbsp;_main_scatterload
</UL>

<P><STRONG><a name="[21c]"></a>__scatterload_rt2</STRONG> (Thumb, 0 bytes, Stack size 0 bytes, init.o(.text), UNUSED)

<P><STRONG><a name="[82]"></a>__aeabi_llsl</STRONG> (Thumb, 30 bytes, Stack size 0 bytes, llshl.o(.text), UNUSED)
<BR><BR>[Called By]<UL><LI><a href="#[85]">&gt;&gt;</a>&nbsp;&nbsp;&nbsp;_double_epilogue
<LI><a href="#[80]">&gt;&gt;</a>&nbsp;&nbsp;&nbsp;__aeabi_uldivmod
<LI><a href="#[83]">&gt;&gt;</a>&nbsp;&nbsp;&nbsp;__aeabi_dadd
<LI><a href="#[8b]">&gt;&gt;</a>&nbsp;&nbsp;&nbsp;__aeabi_d2ulz
</UL>

<P><STRONG><a name="[21d]"></a>_ll_shift_l</STRONG> (Thumb, 0 bytes, Stack size 0 bytes, llshl.o(.text), UNUSED)

<P><STRONG><a name="[81]"></a>__aeabi_llsr</STRONG> (Thumb, 32 bytes, Stack size 0 bytes, llushr.o(.text), UNUSED)
<BR><BR>[Called By]<UL><LI><a href="#[85]">&gt;&gt;</a>&nbsp;&nbsp;&nbsp;_double_epilogue
<LI><a href="#[80]">&gt;&gt;</a>&nbsp;&nbsp;&nbsp;__aeabi_uldivmod
<LI><a href="#[8b]">&gt;&gt;</a>&nbsp;&nbsp;&nbsp;__aeabi_d2ulz
</UL>

<P><STRONG><a name="[21e]"></a>_ll_ushift_r</STRONG> (Thumb, 0 bytes, Stack size 0 bytes, llushr.o(.text), UNUSED)

<P><STRONG><a name="[84]"></a>__aeabi_lasr</STRONG> (Thumb, 36 bytes, Stack size 0 bytes, llsshr.o(.text), UNUSED)
<BR><BR>[Called By]<UL><LI><a href="#[83]">&gt;&gt;</a>&nbsp;&nbsp;&nbsp;__aeabi_dadd
</UL>

<P><STRONG><a name="[21f]"></a>_ll_sshift_r</STRONG> (Thumb, 0 bytes, Stack size 0 bytes, llsshr.o(.text), UNUSED)

<P><STRONG><a name="[86]"></a>_double_round</STRONG> (Thumb, 30 bytes, Stack size 8 bytes, depilogue.o(.text), UNUSED)
<BR><BR>[Called By]<UL><LI><a href="#[85]">&gt;&gt;</a>&nbsp;&nbsp;&nbsp;_double_epilogue
<LI><a href="#[8a]">&gt;&gt;</a>&nbsp;&nbsp;&nbsp;__aeabi_ddiv
<LI><a href="#[83]">&gt;&gt;</a>&nbsp;&nbsp;&nbsp;__aeabi_dadd
</UL>

<P><STRONG><a name="[85]"></a>_double_epilogue</STRONG> (Thumb, 156 bytes, Stack size 32 bytes, depilogue.o(.text), UNUSED)
<BR><BR>[Calls]<UL><LI><a href="#[81]">&gt;&gt;</a>&nbsp;&nbsp;&nbsp;__aeabi_llsr
<LI><a href="#[82]">&gt;&gt;</a>&nbsp;&nbsp;&nbsp;__aeabi_llsl
<LI><a href="#[86]">&gt;&gt;</a>&nbsp;&nbsp;&nbsp;_double_round
</UL>
<BR>[Called By]<UL><LI><a href="#[89]">&gt;&gt;</a>&nbsp;&nbsp;&nbsp;__aeabi_dmul
<LI><a href="#[83]">&gt;&gt;</a>&nbsp;&nbsp;&nbsp;__aeabi_dadd
</UL>

<P><STRONG><a name="[220]"></a>__decompress</STRONG> (Thumb, 0 bytes, Stack size unknown bytes, __dczerorl2.o(.text), UNUSED)

<P><STRONG><a name="[221]"></a>__decompress1</STRONG> (Thumb, 86 bytes, Stack size unknown bytes, __dczerorl2.o(.text), UNUSED)

<P><STRONG><a name="[5]"></a>ADC_Task</STRONG> (Thumb, 16 bytes, Stack size 8 bytes, adc_app.o(i.ADC_Task))
<BR><BR>[Stack]<UL><LI>Max Depth = 44<LI>Call Chain = ADC_Task &rArr; adc_get_result &rArr; adc_routine_channel_config
</UL>
<BR>[Calls]<UL><LI><a href="#[8d]">&gt;&gt;</a>&nbsp;&nbsp;&nbsp;adc_get_result
</UL>
<BR>[Address Reference Count : 1]<UL><LI> scheduler.o(.data)
</UL>
<P><STRONG><a name="[a]"></a>BusFault_Handler</STRONG> (Thumb, 4 bytes, Stack size 0 bytes, gd32f4xx_it.o(i.BusFault_Handler))
<BR>[Address Reference Count : 1]<UL><LI> startup_gd32f450_470.o(RESET)
</UL>
<P><STRONG><a name="[d]"></a>DebugMon_Handler</STRONG> (Thumb, 2 bytes, Stack size 0 bytes, gd32f4xx_it.o(i.DebugMon_Handler))
<BR>[Address Reference Count : 1]<UL><LI> startup_gd32f450_470.o(RESET)
</UL>
<P><STRONG><a name="[8e]"></a>EasyButton_Init</STRONG> (Thumb, 70 bytes, Stack size 16 bytes, key.o(i.EasyButton_Init))
<BR><BR>[Stack]<UL><LI>Max Depth = 48<LI>Call Chain = EasyButton_Init &rArr; ebtn_init
</UL>
<BR>[Calls]<UL><LI><a href="#[8f]">&gt;&gt;</a>&nbsp;&nbsp;&nbsp;ebtn_init
<LI><a href="#[90]">&gt;&gt;</a>&nbsp;&nbsp;&nbsp;ebtn_combo_btn_add_btn
</UL>
<BR>[Called By]<UL><LI><a href="#[91]">&gt;&gt;</a>&nbsp;&nbsp;&nbsp;Key_Init
</UL>

<P><STRONG><a name="[94]"></a>Get_Tick</STRONG> (Thumb, 6 bytes, Stack size 0 bytes, systick.o(i.Get_Tick))
<BR><BR>[Called By]<UL><LI><a href="#[ac]">&gt;&gt;</a>&nbsp;&nbsp;&nbsp;Scheduler_Run
<LI><a href="#[1]">&gt;&gt;</a>&nbsp;&nbsp;&nbsp;Key_Proc
</UL>

<P><STRONG><a name="[8]"></a>HardFault_Handler</STRONG> (Thumb, 4 bytes, Stack size 0 bytes, gd32f4xx_it.o(i.HardFault_Handler))
<BR>[Address Reference Count : 1]<UL><LI> startup_gd32f450_470.o(RESET)
</UL>
<P><STRONG><a name="[20a]"></a>ITM_SendChar</STRONG> (Thumb, 42 bytes, Stack size 0 bytes, retarget_io.o(i.ITM_SendChar))
<BR><BR>[Called By]<UL><LI><a href="#[133]">&gt;&gt;</a>&nbsp;&nbsp;&nbsp;stderr_putchar
</UL>

<P><STRONG><a name="[91]"></a>Key_Init</STRONG> (Thumb, 30 bytes, Stack size 8 bytes, key.o(i.Key_Init))
<BR><BR>[Stack]<UL><LI>Max Depth = 56<LI>Call Chain = Key_Init &rArr; EasyButton_Init &rArr; ebtn_init
</UL>
<BR>[Calls]<UL><LI><a href="#[92]">&gt;&gt;</a>&nbsp;&nbsp;&nbsp;rcu_periph_clock_enable
<LI><a href="#[93]">&gt;&gt;</a>&nbsp;&nbsp;&nbsp;gpio_mode_set
<LI><a href="#[8e]">&gt;&gt;</a>&nbsp;&nbsp;&nbsp;EasyButton_Init
</UL>
<BR>[Called By]<UL><LI><a href="#[d6]">&gt;&gt;</a>&nbsp;&nbsp;&nbsp;UsrFunction
</UL>

<P><STRONG><a name="[1]"></a>Key_Proc</STRONG> (Thumb, 14 bytes, Stack size 8 bytes, key.o(i.Key_Proc))
<BR><BR>[Stack]<UL><LI>Max Depth = 140<LI>Call Chain = Key_Proc &rArr; ebtn_process &rArr; ebtn_process_with_curr_state &rArr; ebtn_process_btn_combo &rArr; bit_array_cmp &rArr; memcmp
</UL>
<BR>[Calls]<UL><LI><a href="#[94]">&gt;&gt;</a>&nbsp;&nbsp;&nbsp;Get_Tick
<LI><a href="#[95]">&gt;&gt;</a>&nbsp;&nbsp;&nbsp;ebtn_process
</UL>
<BR>[Address Reference Count : 1]<UL><LI> scheduler.o(.data)
</UL>
<P><STRONG><a name="[96]"></a>LED_Init</STRONG> (Thumb, 76 bytes, Stack size 8 bytes, led.o(i.LED_Init))
<BR><BR>[Stack]<UL><LI>Max Depth = 28<LI>Call Chain = LED_Init &rArr; gpio_output_options_set
</UL>
<BR>[Calls]<UL><LI><a href="#[92]">&gt;&gt;</a>&nbsp;&nbsp;&nbsp;rcu_periph_clock_enable
<LI><a href="#[97]">&gt;&gt;</a>&nbsp;&nbsp;&nbsp;gpio_output_options_set
<LI><a href="#[93]">&gt;&gt;</a>&nbsp;&nbsp;&nbsp;gpio_mode_set
<LI><a href="#[98]">&gt;&gt;</a>&nbsp;&nbsp;&nbsp;gpio_bit_reset
</UL>
<BR>[Called By]<UL><LI><a href="#[d6]">&gt;&gt;</a>&nbsp;&nbsp;&nbsp;UsrFunction
</UL>

<P><STRONG><a name="[9]"></a>MemManage_Handler</STRONG> (Thumb, 4 bytes, Stack size 0 bytes, gd32f4xx_it.o(i.MemManage_Handler))
<BR>[Address Reference Count : 1]<UL><LI> startup_gd32f450_470.o(RESET)
</UL>
<P><STRONG><a name="[7]"></a>NMI_Handler</STRONG> (Thumb, 2 bytes, Stack size 0 bytes, gd32f4xx_it.o(i.NMI_Handler))
<BR>[Address Reference Count : 1]<UL><LI> startup_gd32f450_470.o(RESET)
</UL>
<P><STRONG><a name="[99]"></a>Oled_Printf</STRONG> (Thumb, 54 bytes, Stack size 168 bytes, oled.o(i.Oled_Printf))
<BR><BR>[Stack]<UL><LI>Max Depth = 268<LI>Call Chain = Oled_Printf &rArr; oled_show_string &rArr; oled_clear &rArr; oled_refresh_gram &rArr; oled_wr_byte &rArr; iic_send_byte &rArr; iic_delay
</UL>
<BR>[Calls]<UL><LI><a href="#[9b]">&gt;&gt;</a>&nbsp;&nbsp;&nbsp;oled_show_string
<LI><a href="#[9a]">&gt;&gt;</a>&nbsp;&nbsp;&nbsp;vsnprintf
</UL>
<BR>[Called By]<UL><LI><a href="#[2]">&gt;&gt;</a>&nbsp;&nbsp;&nbsp;Oled_Proc
</UL>

<P><STRONG><a name="[2]"></a>Oled_Proc</STRONG> (Thumb, 56 bytes, Stack size 24 bytes, oled.o(i.Oled_Proc))
<BR><BR>[Stack]<UL><LI>Max Depth = 292<LI>Call Chain = Oled_Proc &rArr; Oled_Printf &rArr; oled_show_string &rArr; oled_clear &rArr; oled_refresh_gram &rArr; oled_wr_byte &rArr; iic_send_byte &rArr; iic_delay
</UL>
<BR>[Calls]<UL><LI><a href="#[9c]">&gt;&gt;</a>&nbsp;&nbsp;&nbsp;__aeabi_f2d
<LI><a href="#[9d]">&gt;&gt;</a>&nbsp;&nbsp;&nbsp;oled_refresh_gram
<LI><a href="#[99]">&gt;&gt;</a>&nbsp;&nbsp;&nbsp;Oled_Printf
</UL>
<BR>[Address Reference Count : 1]<UL><LI> scheduler.o(.data)
</UL>
<P><STRONG><a name="[e]"></a>PendSV_Handler</STRONG> (Thumb, 2 bytes, Stack size 0 bytes, gd32f4xx_it.o(i.PendSV_Handler))
<BR>[Address Reference Count : 1]<UL><LI> startup_gd32f450_470.o(RESET)
</UL>
<P><STRONG><a name="[39]"></a>RTC_Alarm_IRQHandler</STRONG> (Thumb, 36 bytes, Stack size 8 bytes, rtc_app.o(i.RTC_Alarm_IRQHandler))
<BR><BR>[Stack]<UL><LI>Max Depth = 32<LI>Call Chain = RTC_Alarm_IRQHandler &rArr; __2printf
</UL>
<BR>[Calls]<UL><LI><a href="#[9e]">&gt;&gt;</a>&nbsp;&nbsp;&nbsp;rtc_flag_get
<LI><a href="#[9f]">&gt;&gt;</a>&nbsp;&nbsp;&nbsp;rtc_flag_clear
<LI><a href="#[a1]">&gt;&gt;</a>&nbsp;&nbsp;&nbsp;exti_flag_clear
<LI><a href="#[a0]">&gt;&gt;</a>&nbsp;&nbsp;&nbsp;__2printf
</UL>
<BR>[Address Reference Count : 1]<UL><LI> startup_gd32f450_470.o(RESET)
</UL>
<P><STRONG><a name="[13]"></a>RTC_WKUP_IRQHandler</STRONG> (Thumb, 30 bytes, Stack size 8 bytes, rtc_app.o(i.RTC_WKUP_IRQHandler))
<BR><BR>[Stack]<UL><LI>Max Depth = 8<LI>Call Chain = RTC_WKUP_IRQHandler
</UL>
<BR>[Calls]<UL><LI><a href="#[9e]">&gt;&gt;</a>&nbsp;&nbsp;&nbsp;rtc_flag_get
<LI><a href="#[9f]">&gt;&gt;</a>&nbsp;&nbsp;&nbsp;rtc_flag_clear
<LI><a href="#[a1]">&gt;&gt;</a>&nbsp;&nbsp;&nbsp;exti_flag_clear
</UL>
<BR>[Address Reference Count : 1]<UL><LI> startup_gd32f450_470.o(RESET)
</UL>
<P><STRONG><a name="[41]"></a>SDIO_IRQHandler</STRONG> (Thumb, 8 bytes, Stack size 8 bytes, gd32f4xx_it.o(i.SDIO_IRQHandler))
<BR><BR>[Stack]<UL><LI>Max Depth = 48<LI>Call Chain = SDIO_IRQHandler &rArr; sd_interrupts_process &rArr; sd_transfer_stop &rArr; r1_error_check
</UL>
<BR>[Calls]<UL><LI><a href="#[a2]">&gt;&gt;</a>&nbsp;&nbsp;&nbsp;sd_interrupts_process
</UL>
<BR>[Address Reference Count : 1]<UL><LI> startup_gd32f450_470.o(RESET)
</UL>
<P><STRONG><a name="[a3]"></a>SD_test</STRONG> (Thumb, 258 bytes, Stack size 16 bytes, sdcard_app.o(i.SD_test))
<BR><BR>[Stack]<UL><LI>Max Depth = 592<LI>Call Chain = SD_test &rArr; my_printf &rArr; vsnprintf
</UL>
<BR>[Calls]<UL><LI><a href="#[a8]">&gt;&gt;</a>&nbsp;&nbsp;&nbsp;f_write
<LI><a href="#[aa]">&gt;&gt;</a>&nbsp;&nbsp;&nbsp;f_read
<LI><a href="#[a7]">&gt;&gt;</a>&nbsp;&nbsp;&nbsp;f_open
<LI><a href="#[a6]">&gt;&gt;</a>&nbsp;&nbsp;&nbsp;f_mount
<LI><a href="#[a9]">&gt;&gt;</a>&nbsp;&nbsp;&nbsp;f_close
<LI><a href="#[a4]">&gt;&gt;</a>&nbsp;&nbsp;&nbsp;disk_initialize
<LI><a href="#[ab]">&gt;&gt;</a>&nbsp;&nbsp;&nbsp;memory_compare
<LI><a href="#[a5]">&gt;&gt;</a>&nbsp;&nbsp;&nbsp;my_printf
</UL>
<BR>[Called By]<UL><LI><a href="#[d6]">&gt;&gt;</a>&nbsp;&nbsp;&nbsp;UsrFunction
</UL>

<P><STRONG><a name="[c]"></a>SVC_Handler</STRONG> (Thumb, 2 bytes, Stack size 0 bytes, gd32f4xx_it.o(i.SVC_Handler))
<BR>[Address Reference Count : 1]<UL><LI> startup_gd32f450_470.o(RESET)
</UL>
<P><STRONG><a name="[d8]"></a>Scheduler_Init</STRONG> (Thumb, 8 bytes, Stack size 0 bytes, scheduler.o(i.Scheduler_Init))
<BR><BR>[Called By]<UL><LI><a href="#[d6]">&gt;&gt;</a>&nbsp;&nbsp;&nbsp;UsrFunction
</UL>

<P><STRONG><a name="[ac]"></a>Scheduler_Run</STRONG> (Thumb, 88 bytes, Stack size 8 bytes, scheduler.o(i.Scheduler_Run))
<BR><BR>[Stack]<UL><LI>Max Depth = 8<LI>Call Chain = Scheduler_Run
</UL>
<BR>[Calls]<UL><LI><a href="#[94]">&gt;&gt;</a>&nbsp;&nbsp;&nbsp;Get_Tick
</UL>
<BR>[Called By]<UL><LI><a href="#[d6]">&gt;&gt;</a>&nbsp;&nbsp;&nbsp;UsrFunction
</UL>

<P><STRONG><a name="[f]"></a>SysTick_Handler</STRONG> (Thumb, 18 bytes, Stack size 8 bytes, gd32f4xx_it.o(i.SysTick_Handler))
<BR><BR>[Stack]<UL><LI>Max Depth = 8<LI>Call Chain = SysTick_Handler
</UL>
<BR>[Calls]<UL><LI><a href="#[ad]">&gt;&gt;</a>&nbsp;&nbsp;&nbsp;delay_decrement
</UL>
<BR>[Address Reference Count : 1]<UL><LI> startup_gd32f450_470.o(RESET)
</UL>
<P><STRONG><a name="[6a]"></a>SystemInit</STRONG> (Thumb, 194 bytes, Stack size 8 bytes, system_gd32f4xx.o(i.SystemInit))
<BR><BR>[Stack]<UL><LI>Max Depth = 16<LI>Call Chain = SystemInit &rArr; system_clock_config
</UL>
<BR>[Calls]<UL><LI><a href="#[ae]">&gt;&gt;</a>&nbsp;&nbsp;&nbsp;system_clock_config
</UL>
<BR>[Address Reference Count : 1]<UL><LI> startup_gd32f450_470.o(.text)
</UL>
<P><STRONG><a name="[af]"></a>System_Init</STRONG> (Thumb, 12 bytes, Stack size 8 bytes, function.o(i.System_Init))
<BR><BR>[Stack]<UL><LI>Max Depth = 40<LI>Call Chain = System_Init &rArr; nvic_config &rArr; nvic_irq_enable
</UL>
<BR>[Calls]<UL><LI><a href="#[b0]">&gt;&gt;</a>&nbsp;&nbsp;&nbsp;systick_config
<LI><a href="#[b1]">&gt;&gt;</a>&nbsp;&nbsp;&nbsp;nvic_config
</UL>
<BR>[Called By]<UL><LI><a href="#[69]">&gt;&gt;</a>&nbsp;&nbsp;&nbsp;main
</UL>

<P><STRONG><a name="[b2]"></a>TestLFS</STRONG> (Thumb, 118 bytes, Stack size 24 bytes, lfs_port.o(i.TestLFS))
<BR><BR>[Stack]<UL><LI>Max Depth = 1636<LI>Call Chain = TestLFS &rArr; lfs_file_open &rArr; lfs_file_open_ &rArr; lfs_file_opencfg_ &rArr; lfs_fs_forceconsistency &rArr; lfs_fs_desuperblock &rArr; lfs_dir_commit &rArr; lfs_fs_deorphan &rArr; lfs_dir_orphaningcommit &rArr; lfs_dir_relocatingcommit &rArr; lfs_dir_splittingcompact &rArr; lfs_dir_split &rArr; lfs_dir_compact &rArr; lfs_alloc &rArr; lfs_alloc_scan &rArr; lfs_fs_traverse_ &rArr; lfs_dir_fetch &rArr; lfs_dir_fetchmatch &rArr; lfs_bd_crc &rArr; lfs_bd_read &rArr; __aeabi_assert &rArr; fputs &rArr; fputc &rArr; stderr_putchar
</UL>
<BR>[Calls]<UL><LI><a href="#[ba]">&gt;&gt;</a>&nbsp;&nbsp;&nbsp;lfs_unmount
<LI><a href="#[b3]">&gt;&gt;</a>&nbsp;&nbsp;&nbsp;lfs_mount
<LI><a href="#[b4]">&gt;&gt;</a>&nbsp;&nbsp;&nbsp;lfs_format
<LI><a href="#[b8]">&gt;&gt;</a>&nbsp;&nbsp;&nbsp;lfs_file_write
<LI><a href="#[b7]">&gt;&gt;</a>&nbsp;&nbsp;&nbsp;lfs_file_rewind
<LI><a href="#[b6]">&gt;&gt;</a>&nbsp;&nbsp;&nbsp;lfs_file_read
<LI><a href="#[b5]">&gt;&gt;</a>&nbsp;&nbsp;&nbsp;lfs_file_open
<LI><a href="#[b9]">&gt;&gt;</a>&nbsp;&nbsp;&nbsp;lfs_file_close
<LI><a href="#[a5]">&gt;&gt;</a>&nbsp;&nbsp;&nbsp;my_printf
</UL>
<BR>[Called By]<UL><LI><a href="#[3]">&gt;&gt;</a>&nbsp;&nbsp;&nbsp;lfs_Task
</UL>

<P><STRONG><a name="[bb]"></a>USART0_Config</STRONG> (Thumb, 188 bytes, Stack size 8 bytes, uart.o(i.USART0_Config))
<BR><BR>[Stack]<UL><LI>Max Depth = 124<LI>Call Chain = USART0_Config &rArr; usart_baudrate_set &rArr; rcu_clock_freq_get
</UL>
<BR>[Calls]<UL><LI><a href="#[bc]">&gt;&gt;</a>&nbsp;&nbsp;&nbsp;gpio_af_set
<LI><a href="#[92]">&gt;&gt;</a>&nbsp;&nbsp;&nbsp;rcu_periph_clock_enable
<LI><a href="#[97]">&gt;&gt;</a>&nbsp;&nbsp;&nbsp;gpio_output_options_set
<LI><a href="#[93]">&gt;&gt;</a>&nbsp;&nbsp;&nbsp;gpio_mode_set
<LI><a href="#[be]">&gt;&gt;</a>&nbsp;&nbsp;&nbsp;usart_word_length_set
<LI><a href="#[c3]">&gt;&gt;</a>&nbsp;&nbsp;&nbsp;usart_transmit_config
<LI><a href="#[bf]">&gt;&gt;</a>&nbsp;&nbsp;&nbsp;usart_stop_bit_set
<LI><a href="#[c2]">&gt;&gt;</a>&nbsp;&nbsp;&nbsp;usart_receive_config
<LI><a href="#[c0]">&gt;&gt;</a>&nbsp;&nbsp;&nbsp;usart_parity_config
<LI><a href="#[c9]">&gt;&gt;</a>&nbsp;&nbsp;&nbsp;usart_interrupt_enable
<LI><a href="#[c4]">&gt;&gt;</a>&nbsp;&nbsp;&nbsp;usart_hardware_flow_rts_config
<LI><a href="#[c5]">&gt;&gt;</a>&nbsp;&nbsp;&nbsp;usart_hardware_flow_cts_config
<LI><a href="#[c8]">&gt;&gt;</a>&nbsp;&nbsp;&nbsp;usart_flag_clear
<LI><a href="#[c6]">&gt;&gt;</a>&nbsp;&nbsp;&nbsp;usart_enable
<LI><a href="#[c7]">&gt;&gt;</a>&nbsp;&nbsp;&nbsp;usart_dma_receive_config
<LI><a href="#[bd]">&gt;&gt;</a>&nbsp;&nbsp;&nbsp;usart_deinit
<LI><a href="#[c1]">&gt;&gt;</a>&nbsp;&nbsp;&nbsp;usart_baudrate_set
<LI><a href="#[ca]">&gt;&gt;</a>&nbsp;&nbsp;&nbsp;nvic_irq_enable
</UL>
<BR>[Called By]<UL><LI><a href="#[d4]">&gt;&gt;</a>&nbsp;&nbsp;&nbsp;Uart_Init
</UL>

<P><STRONG><a name="[35]"></a>USART0_IRQHandler</STRONG> (Thumb, 128 bytes, Stack size 8 bytes, uart.o(i.USART0_IRQHandler))
<BR><BR>[Stack]<UL><LI>Max Depth = 28<LI>Call Chain = USART0_IRQHandler &rArr; ringbuffer_write
</UL>
<BR>[Calls]<UL><LI><a href="#[d2]">&gt;&gt;</a>&nbsp;&nbsp;&nbsp;dma_flag_clear
<LI><a href="#[d3]">&gt;&gt;</a>&nbsp;&nbsp;&nbsp;dma_channel_enable
<LI><a href="#[cc]">&gt;&gt;</a>&nbsp;&nbsp;&nbsp;dma_channel_disable
<LI><a href="#[cb]">&gt;&gt;</a>&nbsp;&nbsp;&nbsp;usart_interrupt_flag_get
<LI><a href="#[ce]">&gt;&gt;</a>&nbsp;&nbsp;&nbsp;ringbuffer_write
<LI><a href="#[cd]">&gt;&gt;</a>&nbsp;&nbsp;&nbsp;dma_transfer_number_get
<LI><a href="#[d1]">&gt;&gt;</a>&nbsp;&nbsp;&nbsp;dma_transfer_number_config
<LI><a href="#[d0]">&gt;&gt;</a>&nbsp;&nbsp;&nbsp;dma_memory_address_config
<LI><a href="#[cf]">&gt;&gt;</a>&nbsp;&nbsp;&nbsp;__aeabi_memclr4
</UL>
<BR>[Address Reference Count : 1]<UL><LI> startup_gd32f450_470.o(RESET)
</UL>
<P><STRONG><a name="[d4]"></a>Uart_Init</STRONG> (Thumb, 8 bytes, Stack size 8 bytes, uart.o(i.Uart_Init))
<BR><BR>[Stack]<UL><LI>Max Depth = 132<LI>Call Chain = Uart_Init &rArr; USART0_Config &rArr; usart_baudrate_set &rArr; rcu_clock_freq_get
</UL>
<BR>[Calls]<UL><LI><a href="#[bb]">&gt;&gt;</a>&nbsp;&nbsp;&nbsp;USART0_Config
</UL>
<BR>[Called By]<UL><LI><a href="#[d6]">&gt;&gt;</a>&nbsp;&nbsp;&nbsp;UsrFunction
</UL>

<P><STRONG><a name="[0]"></a>Uart_Proc</STRONG> (Thumb, 78 bytes, Stack size 8 bytes, uart.o(i.Uart_Proc))
<BR><BR>[Stack]<UL><LI>Max Depth = 584<LI>Call Chain = Uart_Proc &rArr; my_printf &rArr; vsnprintf
</UL>
<BR>[Calls]<UL><LI><a href="#[d5]">&gt;&gt;</a>&nbsp;&nbsp;&nbsp;ringbuffer_read
<LI><a href="#[a5]">&gt;&gt;</a>&nbsp;&nbsp;&nbsp;my_printf
<LI><a href="#[cf]">&gt;&gt;</a>&nbsp;&nbsp;&nbsp;__aeabi_memclr4
</UL>
<BR>[Address Reference Count : 1]<UL><LI> scheduler.o(.data)
</UL>
<P><STRONG><a name="[b]"></a>UsageFault_Handler</STRONG> (Thumb, 4 bytes, Stack size 0 bytes, gd32f4xx_it.o(i.UsageFault_Handler))
<BR>[Address Reference Count : 1]<UL><LI> startup_gd32f450_470.o(RESET)
</UL>
<P><STRONG><a name="[d6]"></a>UsrFunction</STRONG> (Thumb, 66 bytes, Stack size 0 bytes, function.o(i.UsrFunction))
<BR><BR>[Stack]<UL><LI>Max Depth = 592<LI>Call Chain = UsrFunction &rArr; SD_test &rArr; my_printf &rArr; vsnprintf
</UL>
<BR>[Calls]<UL><LI><a href="#[96]">&gt;&gt;</a>&nbsp;&nbsp;&nbsp;LED_Init
<LI><a href="#[ac]">&gt;&gt;</a>&nbsp;&nbsp;&nbsp;Scheduler_Run
<LI><a href="#[d8]">&gt;&gt;</a>&nbsp;&nbsp;&nbsp;Scheduler_Init
<LI><a href="#[d9]">&gt;&gt;</a>&nbsp;&nbsp;&nbsp;adc_init
<LI><a href="#[a3]">&gt;&gt;</a>&nbsp;&nbsp;&nbsp;SD_test
<LI><a href="#[db]">&gt;&gt;</a>&nbsp;&nbsp;&nbsp;rtc_config
<LI><a href="#[da]">&gt;&gt;</a>&nbsp;&nbsp;&nbsp;lfs_spi_flash_init
<LI><a href="#[91]">&gt;&gt;</a>&nbsp;&nbsp;&nbsp;Key_Init
<LI><a href="#[a5]">&gt;&gt;</a>&nbsp;&nbsp;&nbsp;my_printf
<LI><a href="#[d4]">&gt;&gt;</a>&nbsp;&nbsp;&nbsp;Uart_Init
<LI><a href="#[d7]">&gt;&gt;</a>&nbsp;&nbsp;&nbsp;oled_init
</UL>
<BR>[Called By]<UL><LI><a href="#[69]">&gt;&gt;</a>&nbsp;&nbsp;&nbsp;main
</UL>

<P><STRONG><a name="[dc]"></a>__0printf</STRONG> (Thumb, 22 bytes, Stack size 24 bytes, printfa.o(i.__0printf), UNUSED)
<BR><BR>[Calls]<UL><LI><a href="#[dd]">&gt;&gt;</a>&nbsp;&nbsp;&nbsp;_printf_core
</UL>

<P><STRONG><a name="[222]"></a>__1printf</STRONG> (Thumb, 0 bytes, Stack size 24 bytes, printfa.o(i.__0printf), UNUSED)

<P><STRONG><a name="[a0]"></a>__2printf</STRONG> (Thumb, 0 bytes, Stack size 24 bytes, printfa.o(i.__0printf))
<BR><BR>[Stack]<UL><LI>Max Depth = 24<LI>Call Chain = __2printf
</UL>
<BR>[Called By]<UL><LI><a href="#[39]">&gt;&gt;</a>&nbsp;&nbsp;&nbsp;RTC_Alarm_IRQHandler
<LI><a href="#[1b3]">&gt;&gt;</a>&nbsp;&nbsp;&nbsp;lfs_tortoise_detectcycles
<LI><a href="#[1b5]">&gt;&gt;</a>&nbsp;&nbsp;&nbsp;lfs_mount_
<LI><a href="#[1ae]">&gt;&gt;</a>&nbsp;&nbsp;&nbsp;lfs_fs_desuperblock
<LI><a href="#[160]">&gt;&gt;</a>&nbsp;&nbsp;&nbsp;lfs_fs_deorphan
<LI><a href="#[1ab]">&gt;&gt;</a>&nbsp;&nbsp;&nbsp;lfs_fs_demove
<LI><a href="#[198]">&gt;&gt;</a>&nbsp;&nbsp;&nbsp;lfs_file_relocate
<LI><a href="#[188]">&gt;&gt;</a>&nbsp;&nbsp;&nbsp;lfs_file_flush
<LI><a href="#[18f]">&gt;&gt;</a>&nbsp;&nbsp;&nbsp;lfs_dir_splittingcompact
<LI><a href="#[15f]">&gt;&gt;</a>&nbsp;&nbsp;&nbsp;lfs_dir_orphaningcommit
<LI><a href="#[174]">&gt;&gt;</a>&nbsp;&nbsp;&nbsp;lfs_dir_fetchmatch
<LI><a href="#[167]">&gt;&gt;</a>&nbsp;&nbsp;&nbsp;lfs_dir_compact
<LI><a href="#[150]">&gt;&gt;</a>&nbsp;&nbsp;&nbsp;lfs_ctz_extend
<LI><a href="#[13e]">&gt;&gt;</a>&nbsp;&nbsp;&nbsp;lfs_alloc
</UL>

<P><STRONG><a name="[223]"></a>__c89printf</STRONG> (Thumb, 0 bytes, Stack size 24 bytes, printfa.o(i.__0printf), UNUSED)

<P><STRONG><a name="[224]"></a>printf</STRONG> (Thumb, 0 bytes, Stack size 24 bytes, printfa.o(i.__0printf), UNUSED)

<P><STRONG><a name="[de]"></a>__0vsnprintf</STRONG> (Thumb, 46 bytes, Stack size 24 bytes, printfa.o(i.__0vsnprintf), UNUSED)
<BR><BR>[Calls]<UL><LI><a href="#[dd]">&gt;&gt;</a>&nbsp;&nbsp;&nbsp;_printf_core
</UL>

<P><STRONG><a name="[225]"></a>__1vsnprintf</STRONG> (Thumb, 0 bytes, Stack size 24 bytes, printfa.o(i.__0vsnprintf), UNUSED)

<P><STRONG><a name="[226]"></a>__2vsnprintf</STRONG> (Thumb, 0 bytes, Stack size 24 bytes, printfa.o(i.__0vsnprintf), UNUSED)

<P><STRONG><a name="[227]"></a>__c89vsnprintf</STRONG> (Thumb, 0 bytes, Stack size 24 bytes, printfa.o(i.__0vsnprintf), UNUSED)

<P><STRONG><a name="[9a]"></a>vsnprintf</STRONG> (Thumb, 0 bytes, Stack size 24 bytes, printfa.o(i.__0vsnprintf))
<BR><BR>[Stack]<UL><LI>Max Depth = 24<LI>Call Chain = vsnprintf
</UL>
<BR>[Called By]<UL><LI><a href="#[a5]">&gt;&gt;</a>&nbsp;&nbsp;&nbsp;my_printf
<LI><a href="#[99]">&gt;&gt;</a>&nbsp;&nbsp;&nbsp;Oled_Printf
</UL>

<P><STRONG><a name="[1b8]"></a>__ARM_pop</STRONG> (Thumb, 48 bytes, Stack size 0 bytes, lfs.o(i.__ARM_pop))
<BR><BR>[Called By]<UL><LI><a href="#[158]">&gt;&gt;</a>&nbsp;&nbsp;&nbsp;lfs_popc
</UL>

<P><STRONG><a name="[df]"></a>__aeabi_assert</STRONG> (Thumb, 110 bytes, Stack size 16 bytes, retarget_io.o(i.__aeabi_assert))
<BR><BR>[Stack]<UL><LI>Max Depth = 52<LI>Call Chain = __aeabi_assert &rArr; fputs &rArr; fputc &rArr; stderr_putchar
</UL>
<BR>[Calls]<UL><LI><a href="#[e0]">&gt;&gt;</a>&nbsp;&nbsp;&nbsp;fputs
<LI><a href="#[e1]">&gt;&gt;</a>&nbsp;&nbsp;&nbsp;abort
</UL>
<BR>[Called By]<UL><LI><a href="#[b8]">&gt;&gt;</a>&nbsp;&nbsp;&nbsp;lfs_file_write
<LI><a href="#[b6]">&gt;&gt;</a>&nbsp;&nbsp;&nbsp;lfs_file_read
<LI><a href="#[b5]">&gt;&gt;</a>&nbsp;&nbsp;&nbsp;lfs_file_open
<LI><a href="#[b9]">&gt;&gt;</a>&nbsp;&nbsp;&nbsp;lfs_file_close
<LI><a href="#[77]">&gt;&gt;</a>&nbsp;&nbsp;&nbsp;lfs_spi_flash_read
<LI><a href="#[78]">&gt;&gt;</a>&nbsp;&nbsp;&nbsp;lfs_spi_flash_prog
<LI><a href="#[79]">&gt;&gt;</a>&nbsp;&nbsp;&nbsp;lfs_spi_flash_erase
<LI><a href="#[1a7]">&gt;&gt;</a>&nbsp;&nbsp;&nbsp;lfs_init
<LI><a href="#[18b]">&gt;&gt;</a>&nbsp;&nbsp;&nbsp;lfs_fs_preporphans
<LI><a href="#[1ab]">&gt;&gt;</a>&nbsp;&nbsp;&nbsp;lfs_fs_demove
<LI><a href="#[1a6]">&gt;&gt;</a>&nbsp;&nbsp;&nbsp;lfs_format_
<LI><a href="#[1a5]">&gt;&gt;</a>&nbsp;&nbsp;&nbsp;lfs_file_write_
<LI><a href="#[1a1]">&gt;&gt;</a>&nbsp;&nbsp;&nbsp;lfs_file_read_
<LI><a href="#[16a]">&gt;&gt;</a>&nbsp;&nbsp;&nbsp;lfs_dir_traverse
<LI><a href="#[189]">&gt;&gt;</a>&nbsp;&nbsp;&nbsp;lfs_dir_relocatingcommit
<LI><a href="#[15f]">&gt;&gt;</a>&nbsp;&nbsp;&nbsp;lfs_dir_orphaningcommit
<LI><a href="#[167]">&gt;&gt;</a>&nbsp;&nbsp;&nbsp;lfs_dir_compact
<LI><a href="#[14f]">&gt;&gt;</a>&nbsp;&nbsp;&nbsp;lfs_bd_sync
<LI><a href="#[145]">&gt;&gt;</a>&nbsp;&nbsp;&nbsp;lfs_bd_read
<LI><a href="#[14c]">&gt;&gt;</a>&nbsp;&nbsp;&nbsp;lfs_bd_prog
<LI><a href="#[149]">&gt;&gt;</a>&nbsp;&nbsp;&nbsp;lfs_bd_flush
<LI><a href="#[148]">&gt;&gt;</a>&nbsp;&nbsp;&nbsp;lfs_bd_erase
</UL>

<P><STRONG><a name="[228]"></a>__scatterload_copy</STRONG> (Thumb, 14 bytes, Stack size unknown bytes, handlers.o(i.__scatterload_copy), UNUSED)

<P><STRONG><a name="[229]"></a>__scatterload_null</STRONG> (Thumb, 2 bytes, Stack size unknown bytes, handlers.o(i.__scatterload_null), UNUSED)

<P><STRONG><a name="[22a]"></a>__scatterload_zeroinit</STRONG> (Thumb, 14 bytes, Stack size unknown bytes, handlers.o(i.__scatterload_zeroinit), UNUSED)

<P><STRONG><a name="[e1]"></a>abort</STRONG> (Thumb, 4 bytes, Stack size 0 bytes, retarget_io.o(i.abort))
<BR><BR>[Called By]<UL><LI><a href="#[df]">&gt;&gt;</a>&nbsp;&nbsp;&nbsp;__aeabi_assert
</UL>

<P><STRONG><a name="[f8]"></a>adc_calibration_enable</STRONG> (Thumb, 42 bytes, Stack size 0 bytes, gd32f4xx_adc.o(i.adc_calibration_enable))
<BR><BR>[Called By]<UL><LI><a href="#[d9]">&gt;&gt;</a>&nbsp;&nbsp;&nbsp;adc_init
</UL>

<P><STRONG><a name="[f5]"></a>adc_channel_length_config</STRONG> (Thumb, 82 bytes, Stack size 12 bytes, gd32f4xx_adc.o(i.adc_channel_length_config))
<BR><BR>[Stack]<UL><LI>Max Depth = 12<LI>Call Chain = adc_channel_length_config
</UL>
<BR>[Called By]<UL><LI><a href="#[d9]">&gt;&gt;</a>&nbsp;&nbsp;&nbsp;adc_init
</UL>

<P><STRONG><a name="[ef]"></a>adc_clock_config</STRONG> (Thumb, 28 bytes, Stack size 0 bytes, gd32f4xx_adc.o(i.adc_clock_config))
<BR><BR>[Called By]<UL><LI><a href="#[d9]">&gt;&gt;</a>&nbsp;&nbsp;&nbsp;adc_init
</UL>

<P><STRONG><a name="[f3]"></a>adc_data_alignment_config</STRONG> (Thumb, 22 bytes, Stack size 0 bytes, gd32f4xx_adc.o(i.adc_data_alignment_config))
<BR><BR>[Called By]<UL><LI><a href="#[d9]">&gt;&gt;</a>&nbsp;&nbsp;&nbsp;adc_init
</UL>

<P><STRONG><a name="[e7]"></a>adc_deinit</STRONG> (Thumb, 20 bytes, Stack size 8 bytes, gd32f4xx_adc.o(i.adc_deinit))
<BR><BR>[Stack]<UL><LI>Max Depth = 8<LI>Call Chain = adc_deinit
</UL>
<BR>[Calls]<UL><LI><a href="#[e8]">&gt;&gt;</a>&nbsp;&nbsp;&nbsp;rcu_periph_reset_enable
<LI><a href="#[e9]">&gt;&gt;</a>&nbsp;&nbsp;&nbsp;rcu_periph_reset_disable
</UL>
<BR>[Called By]<UL><LI><a href="#[d9]">&gt;&gt;</a>&nbsp;&nbsp;&nbsp;adc_init
</UL>

<P><STRONG><a name="[f6]"></a>adc_enable</STRONG> (Thumb, 18 bytes, Stack size 0 bytes, gd32f4xx_adc.o(i.adc_enable))
<BR><BR>[Called By]<UL><LI><a href="#[d9]">&gt;&gt;</a>&nbsp;&nbsp;&nbsp;adc_init
</UL>

<P><STRONG><a name="[f4]"></a>adc_external_trigger_config</STRONG> (Thumb, 52 bytes, Stack size 0 bytes, gd32f4xx_adc.o(i.adc_external_trigger_config))
<BR><BR>[Called By]<UL><LI><a href="#[d9]">&gt;&gt;</a>&nbsp;&nbsp;&nbsp;adc_init
</UL>

<P><STRONG><a name="[ed]"></a>adc_flag_clear</STRONG> (Thumb, 8 bytes, Stack size 0 bytes, gd32f4xx_adc.o(i.adc_flag_clear))
<BR><BR>[Called By]<UL><LI><a href="#[8d]">&gt;&gt;</a>&nbsp;&nbsp;&nbsp;adc_get_result
</UL>

<P><STRONG><a name="[ec]"></a>adc_flag_get</STRONG> (Thumb, 14 bytes, Stack size 0 bytes, gd32f4xx_adc.o(i.adc_flag_get))
<BR><BR>[Called By]<UL><LI><a href="#[8d]">&gt;&gt;</a>&nbsp;&nbsp;&nbsp;adc_get_result
</UL>

<P><STRONG><a name="[8d]"></a>adc_get_result</STRONG> (Thumb, 90 bytes, Stack size 16 bytes, adc_app.o(i.adc_get_result))
<BR><BR>[Stack]<UL><LI>Max Depth = 36<LI>Call Chain = adc_get_result &rArr; adc_routine_channel_config
</UL>
<BR>[Calls]<UL><LI><a href="#[eb]">&gt;&gt;</a>&nbsp;&nbsp;&nbsp;adc_software_trigger_enable
<LI><a href="#[ee]">&gt;&gt;</a>&nbsp;&nbsp;&nbsp;adc_routine_data_read
<LI><a href="#[ea]">&gt;&gt;</a>&nbsp;&nbsp;&nbsp;adc_routine_channel_config
<LI><a href="#[ec]">&gt;&gt;</a>&nbsp;&nbsp;&nbsp;adc_flag_get
<LI><a href="#[ed]">&gt;&gt;</a>&nbsp;&nbsp;&nbsp;adc_flag_clear
</UL>
<BR>[Called By]<UL><LI><a href="#[5]">&gt;&gt;</a>&nbsp;&nbsp;&nbsp;ADC_Task
</UL>

<P><STRONG><a name="[d9]"></a>adc_init</STRONG> (Thumb, 126 bytes, Stack size 8 bytes, adc_app.o(i.adc_init))
<BR><BR>[Stack]<UL><LI>Max Depth = 28<LI>Call Chain = adc_init &rArr; gpio_mode_set
</UL>
<BR>[Calls]<UL><LI><a href="#[92]">&gt;&gt;</a>&nbsp;&nbsp;&nbsp;rcu_periph_clock_enable
<LI><a href="#[93]">&gt;&gt;</a>&nbsp;&nbsp;&nbsp;gpio_mode_set
<LI><a href="#[f7]">&gt;&gt;</a>&nbsp;&nbsp;&nbsp;delay_1ms
<LI><a href="#[f0]">&gt;&gt;</a>&nbsp;&nbsp;&nbsp;adc_sync_mode_config
<LI><a href="#[f1]">&gt;&gt;</a>&nbsp;&nbsp;&nbsp;adc_special_function_config
<LI><a href="#[f2]">&gt;&gt;</a>&nbsp;&nbsp;&nbsp;adc_resolution_config
<LI><a href="#[f4]">&gt;&gt;</a>&nbsp;&nbsp;&nbsp;adc_external_trigger_config
<LI><a href="#[f6]">&gt;&gt;</a>&nbsp;&nbsp;&nbsp;adc_enable
<LI><a href="#[e7]">&gt;&gt;</a>&nbsp;&nbsp;&nbsp;adc_deinit
<LI><a href="#[f3]">&gt;&gt;</a>&nbsp;&nbsp;&nbsp;adc_data_alignment_config
<LI><a href="#[ef]">&gt;&gt;</a>&nbsp;&nbsp;&nbsp;adc_clock_config
<LI><a href="#[f5]">&gt;&gt;</a>&nbsp;&nbsp;&nbsp;adc_channel_length_config
<LI><a href="#[f8]">&gt;&gt;</a>&nbsp;&nbsp;&nbsp;adc_calibration_enable
</UL>
<BR>[Called By]<UL><LI><a href="#[d6]">&gt;&gt;</a>&nbsp;&nbsp;&nbsp;UsrFunction
</UL>

<P><STRONG><a name="[f2]"></a>adc_resolution_config</STRONG> (Thumb, 16 bytes, Stack size 0 bytes, gd32f4xx_adc.o(i.adc_resolution_config))
<BR><BR>[Called By]<UL><LI><a href="#[d9]">&gt;&gt;</a>&nbsp;&nbsp;&nbsp;adc_init
</UL>

<P><STRONG><a name="[ea]"></a>adc_routine_channel_config</STRONG> (Thumb, 172 bytes, Stack size 20 bytes, gd32f4xx_adc.o(i.adc_routine_channel_config))
<BR><BR>[Stack]<UL><LI>Max Depth = 20<LI>Call Chain = adc_routine_channel_config
</UL>
<BR>[Called By]<UL><LI><a href="#[8d]">&gt;&gt;</a>&nbsp;&nbsp;&nbsp;adc_get_result
</UL>

<P><STRONG><a name="[ee]"></a>adc_routine_data_read</STRONG> (Thumb, 8 bytes, Stack size 0 bytes, gd32f4xx_adc.o(i.adc_routine_data_read))
<BR><BR>[Called By]<UL><LI><a href="#[8d]">&gt;&gt;</a>&nbsp;&nbsp;&nbsp;adc_get_result
</UL>

<P><STRONG><a name="[eb]"></a>adc_software_trigger_enable</STRONG> (Thumb, 36 bytes, Stack size 0 bytes, gd32f4xx_adc.o(i.adc_software_trigger_enable))
<BR><BR>[Called By]<UL><LI><a href="#[8d]">&gt;&gt;</a>&nbsp;&nbsp;&nbsp;adc_get_result
</UL>

<P><STRONG><a name="[f1]"></a>adc_special_function_config</STRONG> (Thumb, 90 bytes, Stack size 0 bytes, gd32f4xx_adc.o(i.adc_special_function_config))
<BR><BR>[Called By]<UL><LI><a href="#[d9]">&gt;&gt;</a>&nbsp;&nbsp;&nbsp;adc_init
</UL>

<P><STRONG><a name="[f0]"></a>adc_sync_mode_config</STRONG> (Thumb, 28 bytes, Stack size 0 bytes, gd32f4xx_adc.o(i.adc_sync_mode_config))
<BR><BR>[Called By]<UL><LI><a href="#[d9]">&gt;&gt;</a>&nbsp;&nbsp;&nbsp;adc_init
</UL>

<P><STRONG><a name="[10d]"></a>clust2sect</STRONG> (Thumb, 26 bytes, Stack size 0 bytes, ff.o(i.clust2sect))
<BR><BR>[Called By]<UL><LI><a href="#[a8]">&gt;&gt;</a>&nbsp;&nbsp;&nbsp;f_write
<LI><a href="#[aa]">&gt;&gt;</a>&nbsp;&nbsp;&nbsp;f_read
<LI><a href="#[109]">&gt;&gt;</a>&nbsp;&nbsp;&nbsp;dir_sdi
<LI><a href="#[10c]">&gt;&gt;</a>&nbsp;&nbsp;&nbsp;dir_next
</UL>

<P><STRONG><a name="[f7]"></a>delay_1ms</STRONG> (Thumb, 16 bytes, Stack size 0 bytes, systick.o(i.delay_1ms))
<BR><BR>[Called By]<UL><LI><a href="#[d9]">&gt;&gt;</a>&nbsp;&nbsp;&nbsp;adc_init
</UL>

<P><STRONG><a name="[ad]"></a>delay_decrement</STRONG> (Thumb, 18 bytes, Stack size 0 bytes, systick.o(i.delay_decrement))
<BR><BR>[Called By]<UL><LI><a href="#[f]">&gt;&gt;</a>&nbsp;&nbsp;&nbsp;SysTick_Handler
</UL>

<P><STRONG><a name="[a4]"></a>disk_initialize</STRONG> (Thumb, 134 bytes, Stack size 88 bytes, diskio.o(i.disk_initialize))
<BR><BR>[Stack]<UL><LI>Max Depth = 176<LI>Call Chain = disk_initialize &rArr; sd_bus_mode_config &rArr; sd_bus_width_config &rArr; sd_scr_get &rArr; r1_error_check
</UL>
<BR>[Calls]<UL><LI><a href="#[115]">&gt;&gt;</a>&nbsp;&nbsp;&nbsp;sd_transfer_mode_config
<LI><a href="#[110]">&gt;&gt;</a>&nbsp;&nbsp;&nbsp;sd_init
<LI><a href="#[113]">&gt;&gt;</a>&nbsp;&nbsp;&nbsp;sd_cardstatus_get
<LI><a href="#[112]">&gt;&gt;</a>&nbsp;&nbsp;&nbsp;sd_card_select_deselect
<LI><a href="#[111]">&gt;&gt;</a>&nbsp;&nbsp;&nbsp;sd_card_information_get
<LI><a href="#[114]">&gt;&gt;</a>&nbsp;&nbsp;&nbsp;sd_bus_mode_config
</UL>
<BR>[Called By]<UL><LI><a href="#[a3]">&gt;&gt;</a>&nbsp;&nbsp;&nbsp;SD_test
<LI><a href="#[fd]">&gt;&gt;</a>&nbsp;&nbsp;&nbsp;chk_mounted
</UL>

<P><STRONG><a name="[20b]"></a>disk_ioctl</STRONG> (Thumb, 6 bytes, Stack size 0 bytes, diskio.o(i.disk_ioctl))
<BR><BR>[Called By]<UL><LI><a href="#[132]">&gt;&gt;</a>&nbsp;&nbsp;&nbsp;sync
</UL>

<P><STRONG><a name="[fc]"></a>disk_read</STRONG> (Thumb, 80 bytes, Stack size 24 bytes, diskio.o(i.disk_read))
<BR><BR>[Stack]<UL><LI>Max Depth = 152<LI>Call Chain = disk_read &rArr; sd_multiblocks_read &rArr; dma_receive_config &rArr; dma_multi_data_mode_init
</UL>
<BR>[Calls]<UL><LI><a href="#[117]">&gt;&gt;</a>&nbsp;&nbsp;&nbsp;sd_multiblocks_read
<LI><a href="#[116]">&gt;&gt;</a>&nbsp;&nbsp;&nbsp;sd_block_read
</UL>
<BR>[Called By]<UL><LI><a href="#[a8]">&gt;&gt;</a>&nbsp;&nbsp;&nbsp;f_write
<LI><a href="#[aa]">&gt;&gt;</a>&nbsp;&nbsp;&nbsp;f_read
<LI><a href="#[10a]">&gt;&gt;</a>&nbsp;&nbsp;&nbsp;move_window
<LI><a href="#[fd]">&gt;&gt;</a>&nbsp;&nbsp;&nbsp;chk_mounted
<LI><a href="#[fb]">&gt;&gt;</a>&nbsp;&nbsp;&nbsp;check_fs
</UL>

<P><STRONG><a name="[fe]"></a>disk_status</STRONG> (Thumb, 12 bytes, Stack size 0 bytes, diskio.o(i.disk_status))
<BR><BR>[Called By]<UL><LI><a href="#[131]">&gt;&gt;</a>&nbsp;&nbsp;&nbsp;validate
<LI><a href="#[fd]">&gt;&gt;</a>&nbsp;&nbsp;&nbsp;chk_mounted
</UL>

<P><STRONG><a name="[118]"></a>disk_write</STRONG> (Thumb, 80 bytes, Stack size 24 bytes, diskio.o(i.disk_write))
<BR><BR>[Stack]<UL><LI>Max Depth = 160<LI>Call Chain = disk_write &rArr; sd_multiblocks_write &rArr; dma_transfer_config &rArr; dma_multi_data_mode_init
</UL>
<BR>[Calls]<UL><LI><a href="#[11a]">&gt;&gt;</a>&nbsp;&nbsp;&nbsp;sd_multiblocks_write
<LI><a href="#[119]">&gt;&gt;</a>&nbsp;&nbsp;&nbsp;sd_block_write
</UL>
<BR>[Called By]<UL><LI><a href="#[a8]">&gt;&gt;</a>&nbsp;&nbsp;&nbsp;f_write
<LI><a href="#[aa]">&gt;&gt;</a>&nbsp;&nbsp;&nbsp;f_read
<LI><a href="#[12d]">&gt;&gt;</a>&nbsp;&nbsp;&nbsp;f_sync
<LI><a href="#[132]">&gt;&gt;</a>&nbsp;&nbsp;&nbsp;sync
<LI><a href="#[10a]">&gt;&gt;</a>&nbsp;&nbsp;&nbsp;move_window
</UL>

<P><STRONG><a name="[cc]"></a>dma_channel_disable</STRONG> (Thumb, 32 bytes, Stack size 8 bytes, gd32f4xx_dma.o(i.dma_channel_disable))
<BR><BR>[Stack]<UL><LI>Max Depth = 8<LI>Call Chain = dma_channel_disable
</UL>
<BR>[Called By]<UL><LI><a href="#[120]">&gt;&gt;</a>&nbsp;&nbsp;&nbsp;dma_transfer_config
<LI><a href="#[11b]">&gt;&gt;</a>&nbsp;&nbsp;&nbsp;dma_receive_config
<LI><a href="#[35]">&gt;&gt;</a>&nbsp;&nbsp;&nbsp;USART0_IRQHandler
</UL>

<P><STRONG><a name="[d3]"></a>dma_channel_enable</STRONG> (Thumb, 32 bytes, Stack size 8 bytes, gd32f4xx_dma.o(i.dma_channel_enable))
<BR><BR>[Stack]<UL><LI>Max Depth = 8<LI>Call Chain = dma_channel_enable
</UL>
<BR>[Called By]<UL><LI><a href="#[120]">&gt;&gt;</a>&nbsp;&nbsp;&nbsp;dma_transfer_config
<LI><a href="#[11b]">&gt;&gt;</a>&nbsp;&nbsp;&nbsp;dma_receive_config
<LI><a href="#[35]">&gt;&gt;</a>&nbsp;&nbsp;&nbsp;USART0_IRQHandler
</UL>

<P><STRONG><a name="[11f]"></a>dma_channel_subperipheral_select</STRONG> (Thumb, 38 bytes, Stack size 12 bytes, gd32f4xx_dma.o(i.dma_channel_subperipheral_select))
<BR><BR>[Stack]<UL><LI>Max Depth = 12<LI>Call Chain = dma_channel_subperipheral_select
</UL>
<BR>[Called By]<UL><LI><a href="#[120]">&gt;&gt;</a>&nbsp;&nbsp;&nbsp;dma_transfer_config
<LI><a href="#[11b]">&gt;&gt;</a>&nbsp;&nbsp;&nbsp;dma_receive_config
</UL>

<P><STRONG><a name="[11c]"></a>dma_deinit</STRONG> (Thumb, 166 bytes, Stack size 8 bytes, gd32f4xx_dma.o(i.dma_deinit))
<BR><BR>[Stack]<UL><LI>Max Depth = 8<LI>Call Chain = dma_deinit
</UL>
<BR>[Called By]<UL><LI><a href="#[120]">&gt;&gt;</a>&nbsp;&nbsp;&nbsp;dma_transfer_config
<LI><a href="#[11b]">&gt;&gt;</a>&nbsp;&nbsp;&nbsp;dma_receive_config
</UL>

<P><STRONG><a name="[d2]"></a>dma_flag_clear</STRONG> (Thumb, 62 bytes, Stack size 8 bytes, gd32f4xx_dma.o(i.dma_flag_clear))
<BR><BR>[Stack]<UL><LI>Max Depth = 8<LI>Call Chain = dma_flag_clear
</UL>
<BR>[Called By]<UL><LI><a href="#[120]">&gt;&gt;</a>&nbsp;&nbsp;&nbsp;dma_transfer_config
<LI><a href="#[11b]">&gt;&gt;</a>&nbsp;&nbsp;&nbsp;dma_receive_config
<LI><a href="#[35]">&gt;&gt;</a>&nbsp;&nbsp;&nbsp;USART0_IRQHandler
</UL>

<P><STRONG><a name="[1f0]"></a>dma_flag_get</STRONG> (Thumb, 76 bytes, Stack size 8 bytes, gd32f4xx_dma.o(i.dma_flag_get))
<BR><BR>[Stack]<UL><LI>Max Depth = 8<LI>Call Chain = dma_flag_get
</UL>
<BR>[Called By]<UL><LI><a href="#[11a]">&gt;&gt;</a>&nbsp;&nbsp;&nbsp;sd_multiblocks_write
<LI><a href="#[117]">&gt;&gt;</a>&nbsp;&nbsp;&nbsp;sd_multiblocks_read
<LI><a href="#[119]">&gt;&gt;</a>&nbsp;&nbsp;&nbsp;sd_block_write
<LI><a href="#[116]">&gt;&gt;</a>&nbsp;&nbsp;&nbsp;sd_block_read
</UL>

<P><STRONG><a name="[11e]"></a>dma_flow_controller_config</STRONG> (Thumb, 64 bytes, Stack size 12 bytes, gd32f4xx_dma.o(i.dma_flow_controller_config))
<BR><BR>[Stack]<UL><LI>Max Depth = 12<LI>Call Chain = dma_flow_controller_config
</UL>
<BR>[Called By]<UL><LI><a href="#[120]">&gt;&gt;</a>&nbsp;&nbsp;&nbsp;dma_transfer_config
<LI><a href="#[11b]">&gt;&gt;</a>&nbsp;&nbsp;&nbsp;dma_receive_config
</UL>

[...]
<LI><a href="#[197]">&gt;&gt;</a>&nbsp;&nbsp;&nbsp;lfs_file_flushedwrite
<LI><a href="#[196]">&gt;&gt;</a>&nbsp;&nbsp;&nbsp;lfs_file_flushedread
<LI><a href="#[18f]">&gt;&gt;</a>&nbsp;&nbsp;&nbsp;lfs_dir_splittingcompact
<LI><a href="#[184]">&gt;&gt;</a>&nbsp;&nbsp;&nbsp;lfs_dir_getslice
<LI><a href="#[185]">&gt;&gt;</a>&nbsp;&nbsp;&nbsp;lfs_dir_getread
<LI><a href="#[72]">&gt;&gt;</a>&nbsp;&nbsp;&nbsp;lfs_dir_find_match
<LI><a href="#[174]">&gt;&gt;</a>&nbsp;&nbsp;&nbsp;lfs_dir_fetchmatch
<LI><a href="#[165]">&gt;&gt;</a>&nbsp;&nbsp;&nbsp;lfs_dir_commitcrc
<LI><a href="#[155]">&gt;&gt;</a>&nbsp;&nbsp;&nbsp;lfs_ctz_find
<LI><a href="#[145]">&gt;&gt;</a>&nbsp;&nbsp;&nbsp;lfs_bd_read
<LI><a href="#[14c]">&gt;&gt;</a>&nbsp;&nbsp;&nbsp;lfs_bd_prog
<LI><a href="#[146]">&gt;&gt;</a>&nbsp;&nbsp;&nbsp;lfs_bd_crc
<LI><a href="#[144]">&gt;&gt;</a>&nbsp;&nbsp;&nbsp;lfs_bd_cmp
<LI><a href="#[13f]">&gt;&gt;</a>&nbsp;&nbsp;&nbsp;lfs_alloc_scan
</UL>

<P><STRONG><a name="[19d]"></a>lfs_mlist_append</STRONG> (Thumb, 8 bytes, Stack size 0 bytes, lfs.o(i.lfs_mlist_append))
<BR><BR>[Called By]<UL><LI><a href="#[19a]">&gt;&gt;</a>&nbsp;&nbsp;&nbsp;lfs_file_opencfg_
</UL>

<P><STRONG><a name="[192]"></a>lfs_mlist_isopen</STRONG> (Thumb, 30 bytes, Stack size 12 bytes, lfs.o(i.lfs_mlist_isopen))
<BR><BR>[Stack]<UL><LI>Max Depth = 12<LI>Call Chain = lfs_mlist_isopen
</UL>
<BR>[Called By]<UL><LI><a href="#[b8]">&gt;&gt;</a>&nbsp;&nbsp;&nbsp;lfs_file_write
<LI><a href="#[b6]">&gt;&gt;</a>&nbsp;&nbsp;&nbsp;lfs_file_read
<LI><a href="#[b5]">&gt;&gt;</a>&nbsp;&nbsp;&nbsp;lfs_file_open
<LI><a href="#[b9]">&gt;&gt;</a>&nbsp;&nbsp;&nbsp;lfs_file_close
</UL>

<P><STRONG><a name="[195]"></a>lfs_mlist_remove</STRONG> (Thumb, 34 bytes, Stack size 0 bytes, lfs.o(i.lfs_mlist_remove))
<BR><BR>[Called By]<UL><LI><a href="#[193]">&gt;&gt;</a>&nbsp;&nbsp;&nbsp;lfs_file_close_
</UL>

<P><STRONG><a name="[1b5]"></a>lfs_mount_</STRONG> (Thumb, 698 bytes, Stack size 144 bytes, lfs.o(i.lfs_mount_))
<BR><BR>[Stack]<UL><LI>Max Depth = 476<LI>Call Chain = lfs_mount_ &rArr; lfs_dir_fetchmatch &rArr; lfs_bd_crc &rArr; lfs_bd_read &rArr; __aeabi_assert &rArr; fputs &rArr; fputc &rArr; stderr_putchar
</UL>
<BR>[Calls]<UL><LI><a href="#[12c]">&gt;&gt;</a>&nbsp;&nbsp;&nbsp;__aeabi_memcpy4
<LI><a href="#[1b7]">&gt;&gt;</a>&nbsp;&nbsp;&nbsp;lfs_unmount_
<LI><a href="#[1b3]">&gt;&gt;</a>&nbsp;&nbsp;&nbsp;lfs_tortoise_detectcycles
<LI><a href="#[176]">&gt;&gt;</a>&nbsp;&nbsp;&nbsp;lfs_tag_isvalid
<LI><a href="#[186]">&gt;&gt;</a>&nbsp;&nbsp;&nbsp;lfs_tag_isdelete
<LI><a href="#[1b6]">&gt;&gt;</a>&nbsp;&nbsp;&nbsp;lfs_superblock_fromle32
<LI><a href="#[16b]">&gt;&gt;</a>&nbsp;&nbsp;&nbsp;lfs_pair_isnull
<LI><a href="#[142]">&gt;&gt;</a>&nbsp;&nbsp;&nbsp;lfs_min
<LI><a href="#[1a7]">&gt;&gt;</a>&nbsp;&nbsp;&nbsp;lfs_init
<LI><a href="#[170]">&gt;&gt;</a>&nbsp;&nbsp;&nbsp;lfs_gstate_iszero
<LI><a href="#[1b0]">&gt;&gt;</a>&nbsp;&nbsp;&nbsp;lfs_fs_prepsuperblock
<LI><a href="#[1b2]">&gt;&gt;</a>&nbsp;&nbsp;&nbsp;lfs_fs_disk_version_minor
<LI><a href="#[1b1]">&gt;&gt;</a>&nbsp;&nbsp;&nbsp;lfs_fs_disk_version_major
<LI><a href="#[16f]">&gt;&gt;</a>&nbsp;&nbsp;&nbsp;lfs_dir_getgstate
<LI><a href="#[182]">&gt;&gt;</a>&nbsp;&nbsp;&nbsp;lfs_dir_get
<LI><a href="#[174]">&gt;&gt;</a>&nbsp;&nbsp;&nbsp;lfs_dir_fetchmatch
<LI><a href="#[140]">&gt;&gt;</a>&nbsp;&nbsp;&nbsp;lfs_alloc_drop
<LI><a href="#[a0]">&gt;&gt;</a>&nbsp;&nbsp;&nbsp;__2printf
</UL>
<BR>[Called By]<UL><LI><a href="#[b3]">&gt;&gt;</a>&nbsp;&nbsp;&nbsp;lfs_mount
</UL>

<P><STRONG><a name="[156]"></a>lfs_npw2</STRONG> (Thumb, 14 bytes, Stack size 0 bytes, lfs.o(i.lfs_npw2))
<BR><BR>[Called By]<UL><LI><a href="#[1a7]">&gt;&gt;</a>&nbsp;&nbsp;&nbsp;lfs_init
<LI><a href="#[155]">&gt;&gt;</a>&nbsp;&nbsp;&nbsp;lfs_ctz_find
</UL>

<P><STRONG><a name="[169]"></a>lfs_pair_cmp</STRONG> (Thumb, 42 bytes, Stack size 0 bytes, lfs.o(i.lfs_pair_cmp))
<BR><BR>[Called By]<UL><LI><a href="#[17e]">&gt;&gt;</a>&nbsp;&nbsp;&nbsp;lfs_gstate_hasmovehere
<LI><a href="#[18d]">&gt;&gt;</a>&nbsp;&nbsp;&nbsp;lfs_fs_pred
<LI><a href="#[75]">&gt;&gt;</a>&nbsp;&nbsp;&nbsp;lfs_fs_parent_match
<LI><a href="#[18f]">&gt;&gt;</a>&nbsp;&nbsp;&nbsp;lfs_dir_splittingcompact
<LI><a href="#[190]">&gt;&gt;</a>&nbsp;&nbsp;&nbsp;lfs_dir_split
<LI><a href="#[189]">&gt;&gt;</a>&nbsp;&nbsp;&nbsp;lfs_dir_relocatingcommit
<LI><a href="#[15f]">&gt;&gt;</a>&nbsp;&nbsp;&nbsp;lfs_dir_orphaningcommit
<LI><a href="#[167]">&gt;&gt;</a>&nbsp;&nbsp;&nbsp;lfs_dir_compact
</UL>

<P><STRONG><a name="[16d]"></a>lfs_pair_fromle32</STRONG> (Thumb, 22 bytes, Stack size 8 bytes, lfs.o(i.lfs_pair_fromle32))
<BR><BR>[Stack]<UL><LI>Max Depth = 16<LI>Call Chain = lfs_pair_fromle32 &rArr; lfs_fromle32
</UL>
<BR>[Calls]<UL><LI><a href="#[154]">&gt;&gt;</a>&nbsp;&nbsp;&nbsp;lfs_fromle32
</UL>
<BR>[Called By]<UL><LI><a href="#[75]">&gt;&gt;</a>&nbsp;&nbsp;&nbsp;lfs_fs_parent_match
<LI><a href="#[160]">&gt;&gt;</a>&nbsp;&nbsp;&nbsp;lfs_fs_deorphan
<LI><a href="#[189]">&gt;&gt;</a>&nbsp;&nbsp;&nbsp;lfs_dir_relocatingcommit
<LI><a href="#[15f]">&gt;&gt;</a>&nbsp;&nbsp;&nbsp;lfs_dir_orphaningcommit
<LI><a href="#[17f]">&gt;&gt;</a>&nbsp;&nbsp;&nbsp;lfs_dir_find
<LI><a href="#[174]">&gt;&gt;</a>&nbsp;&nbsp;&nbsp;lfs_dir_fetchmatch
<LI><a href="#[167]">&gt;&gt;</a>&nbsp;&nbsp;&nbsp;lfs_dir_compact
</UL>

<P><STRONG><a name="[16b]"></a>lfs_pair_isnull</STRONG> (Thumb, 22 bytes, Stack size 0 bytes, lfs.o(i.lfs_pair_isnull))
<BR><BR>[Called By]<UL><LI><a href="#[1b5]">&gt;&gt;</a>&nbsp;&nbsp;&nbsp;lfs_mount_
<LI><a href="#[143]">&gt;&gt;</a>&nbsp;&nbsp;&nbsp;lfs_fs_traverse_
<LI><a href="#[18d]">&gt;&gt;</a>&nbsp;&nbsp;&nbsp;lfs_fs_pred
<LI><a href="#[18a]">&gt;&gt;</a>&nbsp;&nbsp;&nbsp;lfs_fs_parent
<LI><a href="#[160]">&gt;&gt;</a>&nbsp;&nbsp;&nbsp;lfs_fs_deorphan
<LI><a href="#[194]">&gt;&gt;</a>&nbsp;&nbsp;&nbsp;lfs_file_sync_
<LI><a href="#[167]">&gt;&gt;</a>&nbsp;&nbsp;&nbsp;lfs_dir_compact
</UL>

<P><STRONG><a name="[1ad]"></a>lfs_pair_issync</STRONG> (Thumb, 42 bytes, Stack size 0 bytes, lfs.o(i.lfs_pair_issync))
<BR><BR>[Called By]<UL><LI><a href="#[1b3]">&gt;&gt;</a>&nbsp;&nbsp;&nbsp;lfs_tortoise_detectcycles
<LI><a href="#[160]">&gt;&gt;</a>&nbsp;&nbsp;&nbsp;lfs_fs_deorphan
</UL>

<P><STRONG><a name="[172]"></a>lfs_pair_swap</STRONG> (Thumb, 10 bytes, Stack size 0 bytes, lfs.o(i.lfs_pair_swap))
<BR><BR>[Called By]<UL><LI><a href="#[174]">&gt;&gt;</a>&nbsp;&nbsp;&nbsp;lfs_dir_fetchmatch
<LI><a href="#[167]">&gt;&gt;</a>&nbsp;&nbsp;&nbsp;lfs_dir_compact
</UL>

<P><STRONG><a name="[16c]"></a>lfs_pair_tole32</STRONG> (Thumb, 22 bytes, Stack size 8 bytes, lfs.o(i.lfs_pair_tole32))
<BR><BR>[Stack]<UL><LI>Max Depth = 24<LI>Call Chain = lfs_pair_tole32 &rArr; lfs_tole32 &rArr; lfs_fromle32
</UL>
<BR>[Calls]<UL><LI><a href="#[153]">&gt;&gt;</a>&nbsp;&nbsp;&nbsp;lfs_tole32
</UL>
<BR>[Called By]<UL><LI><a href="#[160]">&gt;&gt;</a>&nbsp;&nbsp;&nbsp;lfs_fs_deorphan
<LI><a href="#[189]">&gt;&gt;</a>&nbsp;&nbsp;&nbsp;lfs_dir_relocatingcommit
<LI><a href="#[15f]">&gt;&gt;</a>&nbsp;&nbsp;&nbsp;lfs_dir_orphaningcommit
<LI><a href="#[167]">&gt;&gt;</a>&nbsp;&nbsp;&nbsp;lfs_dir_compact
</UL>

<P><STRONG><a name="[19e]"></a>lfs_path_isdir</STRONG> (Thumb, 22 bytes, Stack size 8 bytes, lfs.o(i.lfs_path_isdir))
<BR><BR>[Stack]<UL><LI>Max Depth = 28<LI>Call Chain = lfs_path_isdir &rArr; lfs_path_namelen &rArr; strcspn
</UL>
<BR>[Calls]<UL><LI><a href="#[19f]">&gt;&gt;</a>&nbsp;&nbsp;&nbsp;lfs_path_namelen
</UL>
<BR>[Called By]<UL><LI><a href="#[19a]">&gt;&gt;</a>&nbsp;&nbsp;&nbsp;lfs_file_opencfg_
</UL>

<P><STRONG><a name="[19c]"></a>lfs_path_islast</STRONG> (Thumb, 34 bytes, Stack size 16 bytes, lfs.o(i.lfs_path_islast))
<BR><BR>[Stack]<UL><LI>Max Depth = 36<LI>Call Chain = lfs_path_islast &rArr; lfs_path_namelen &rArr; strcspn
</UL>
<BR>[Calls]<UL><LI><a href="#[180]">&gt;&gt;</a>&nbsp;&nbsp;&nbsp;strspn
<LI><a href="#[19f]">&gt;&gt;</a>&nbsp;&nbsp;&nbsp;lfs_path_namelen
</UL>
<BR>[Called By]<UL><LI><a href="#[19a]">&gt;&gt;</a>&nbsp;&nbsp;&nbsp;lfs_file_opencfg_
</UL>

<P><STRONG><a name="[19f]"></a>lfs_path_namelen</STRONG> (Thumb, 14 bytes, Stack size 8 bytes, lfs.o(i.lfs_path_namelen))
<BR><BR>[Stack]<UL><LI>Max Depth = 20<LI>Call Chain = lfs_path_namelen &rArr; strcspn
</UL>
<BR>[Calls]<UL><LI><a href="#[181]">&gt;&gt;</a>&nbsp;&nbsp;&nbsp;strcspn
</UL>
<BR>[Called By]<UL><LI><a href="#[19c]">&gt;&gt;</a>&nbsp;&nbsp;&nbsp;lfs_path_islast
<LI><a href="#[19e]">&gt;&gt;</a>&nbsp;&nbsp;&nbsp;lfs_path_isdir
<LI><a href="#[19a]">&gt;&gt;</a>&nbsp;&nbsp;&nbsp;lfs_file_opencfg_
</UL>

<P><STRONG><a name="[158]"></a>lfs_popc</STRONG> (Thumb, 12 bytes, Stack size 8 bytes, lfs.o(i.lfs_popc))
<BR><BR>[Stack]<UL><LI>Max Depth = 8<LI>Call Chain = lfs_popc
</UL>
<BR>[Calls]<UL><LI><a href="#[1b8]">&gt;&gt;</a>&nbsp;&nbsp;&nbsp;__ARM_pop
</UL>
<BR>[Called By]<UL><LI><a href="#[151]">&gt;&gt;</a>&nbsp;&nbsp;&nbsp;lfs_ctz_index
</UL>

<P><STRONG><a name="[1b6]"></a>lfs_superblock_fromle32</STRONG> (Thumb, 54 bytes, Stack size 8 bytes, lfs.o(i.lfs_superblock_fromle32))
<BR><BR>[Stack]<UL><LI>Max Depth = 16<LI>Call Chain = lfs_superblock_fromle32 &rArr; lfs_fromle32
</UL>
<BR>[Calls]<UL><LI><a href="#[154]">&gt;&gt;</a>&nbsp;&nbsp;&nbsp;lfs_fromle32
</UL>
<BR>[Called By]<UL><LI><a href="#[1b5]">&gt;&gt;</a>&nbsp;&nbsp;&nbsp;lfs_mount_
</UL>

<P><STRONG><a name="[1a9]"></a>lfs_superblock_tole32</STRONG> (Thumb, 54 bytes, Stack size 8 bytes, lfs.o(i.lfs_superblock_tole32))
<BR><BR>[Stack]<UL><LI>Max Depth = 24<LI>Call Chain = lfs_superblock_tole32 &rArr; lfs_tole32 &rArr; lfs_fromle32
</UL>
<BR>[Calls]<UL><LI><a href="#[153]">&gt;&gt;</a>&nbsp;&nbsp;&nbsp;lfs_tole32
</UL>
<BR>[Called By]<UL><LI><a href="#[1ae]">&gt;&gt;</a>&nbsp;&nbsp;&nbsp;lfs_fs_desuperblock
<LI><a href="#[1a6]">&gt;&gt;</a>&nbsp;&nbsp;&nbsp;lfs_format_
</UL>

<P><STRONG><a name="[178]"></a>lfs_tag_chunk</STRONG> (Thumb, 8 bytes, Stack size 0 bytes, lfs.o(i.lfs_tag_chunk))
<BR><BR>[Called By]<UL><LI><a href="#[17b]">&gt;&gt;</a>&nbsp;&nbsp;&nbsp;lfs_tag_splice
<LI><a href="#[189]">&gt;&gt;</a>&nbsp;&nbsp;&nbsp;lfs_dir_relocatingcommit
<LI><a href="#[174]">&gt;&gt;</a>&nbsp;&nbsp;&nbsp;lfs_dir_fetchmatch
</UL>

<P><STRONG><a name="[162]"></a>lfs_tag_dsize</STRONG> (Thumb, 22 bytes, Stack size 16 bytes, lfs.o(i.lfs_tag_dsize))
<BR><BR>[Stack]<UL><LI>Max Depth = 16<LI>Call Chain = lfs_tag_dsize
</UL>
<BR>[Calls]<UL><LI><a href="#[183]">&gt;&gt;</a>&nbsp;&nbsp;&nbsp;lfs_tag_size
<LI><a href="#[186]">&gt;&gt;</a>&nbsp;&nbsp;&nbsp;lfs_tag_isdelete
</UL>
<BR>[Called By]<UL><LI><a href="#[16a]">&gt;&gt;</a>&nbsp;&nbsp;&nbsp;lfs_dir_traverse
<LI><a href="#[184]">&gt;&gt;</a>&nbsp;&nbsp;&nbsp;lfs_dir_getslice
<LI><a href="#[174]">&gt;&gt;</a>&nbsp;&nbsp;&nbsp;lfs_dir_fetchmatch
<LI><a href="#[161]">&gt;&gt;</a>&nbsp;&nbsp;&nbsp;lfs_dir_commitattr
<LI><a href="#[73]">&gt;&gt;</a>&nbsp;&nbsp;&nbsp;lfs_dir_commit_size
</UL>

<P><STRONG><a name="[17a]"></a>lfs_tag_id</STRONG> (Thumb, 8 bytes, Stack size 0 bytes, lfs.o(i.lfs_tag_id))
<BR><BR>[Called By]<UL><LI><a href="#[160]">&gt;&gt;</a>&nbsp;&nbsp;&nbsp;lfs_fs_deorphan
<LI><a href="#[1ab]">&gt;&gt;</a>&nbsp;&nbsp;&nbsp;lfs_fs_demove
<LI><a href="#[74]">&gt;&gt;</a>&nbsp;&nbsp;&nbsp;lfs_dir_traverse_filter
<LI><a href="#[16a]">&gt;&gt;</a>&nbsp;&nbsp;&nbsp;lfs_dir_traverse
<LI><a href="#[189]">&gt;&gt;</a>&nbsp;&nbsp;&nbsp;lfs_dir_relocatingcommit
<LI><a href="#[15f]">&gt;&gt;</a>&nbsp;&nbsp;&nbsp;lfs_dir_orphaningcommit
<LI><a href="#[184]">&gt;&gt;</a>&nbsp;&nbsp;&nbsp;lfs_dir_getslice
<LI><a href="#[17f]">&gt;&gt;</a>&nbsp;&nbsp;&nbsp;lfs_dir_find
<LI><a href="#[174]">&gt;&gt;</a>&nbsp;&nbsp;&nbsp;lfs_dir_fetchmatch
</UL>

<P><STRONG><a name="[186]"></a>lfs_tag_isdelete</STRONG> (Thumb, 18 bytes, Stack size 0 bytes, lfs.o(i.lfs_tag_isdelete))
<BR><BR>[Called By]<UL><LI><a href="#[162]">&gt;&gt;</a>&nbsp;&nbsp;&nbsp;lfs_tag_dsize
<LI><a href="#[1b5]">&gt;&gt;</a>&nbsp;&nbsp;&nbsp;lfs_mount_
<LI><a href="#[74]">&gt;&gt;</a>&nbsp;&nbsp;&nbsp;lfs_dir_traverse_filter
<LI><a href="#[184]">&gt;&gt;</a>&nbsp;&nbsp;&nbsp;lfs_dir_getslice
</UL>

<P><STRONG><a name="[176]"></a>lfs_tag_isvalid</STRONG> (Thumb, 18 bytes, Stack size 0 bytes, lfs.o(i.lfs_tag_isvalid))
<BR><BR>[Called By]<UL><LI><a href="#[1b5]">&gt;&gt;</a>&nbsp;&nbsp;&nbsp;lfs_mount_
<LI><a href="#[174]">&gt;&gt;</a>&nbsp;&nbsp;&nbsp;lfs_dir_fetchmatch
</UL>

<P><STRONG><a name="[183]"></a>lfs_tag_size</STRONG> (Thumb, 8 bytes, Stack size 0 bytes, lfs.o(i.lfs_tag_size))
<BR><BR>[Called By]<UL><LI><a href="#[162]">&gt;&gt;</a>&nbsp;&nbsp;&nbsp;lfs_tag_dsize
<LI><a href="#[1af]">&gt;&gt;</a>&nbsp;&nbsp;&nbsp;lfs_gstate_needssuperblock
<LI><a href="#[18e]">&gt;&gt;</a>&nbsp;&nbsp;&nbsp;lfs_gstate_hasorphans
<LI><a href="#[18b]">&gt;&gt;</a>&nbsp;&nbsp;&nbsp;lfs_fs_preporphans
<LI><a href="#[160]">&gt;&gt;</a>&nbsp;&nbsp;&nbsp;lfs_fs_deorphan
<LI><a href="#[19a]">&gt;&gt;</a>&nbsp;&nbsp;&nbsp;lfs_file_opencfg_
<LI><a href="#[16a]">&gt;&gt;</a>&nbsp;&nbsp;&nbsp;lfs_dir_traverse
<LI><a href="#[184]">&gt;&gt;</a>&nbsp;&nbsp;&nbsp;lfs_dir_getslice
<LI><a href="#[182]">&gt;&gt;</a>&nbsp;&nbsp;&nbsp;lfs_dir_get
<LI><a href="#[72]">&gt;&gt;</a>&nbsp;&nbsp;&nbsp;lfs_dir_find_match
</UL>

<P><STRONG><a name="[17b]"></a>lfs_tag_splice</STRONG> (Thumb, 14 bytes, Stack size 8 bytes, lfs.o(i.lfs_tag_splice))
<BR><BR>[Stack]<UL><LI>Max Depth = 8<LI>Call Chain = lfs_tag_splice
</UL>
<BR>[Calls]<UL><LI><a href="#[178]">&gt;&gt;</a>&nbsp;&nbsp;&nbsp;lfs_tag_chunk
</UL>
<BR>[Called By]<UL><LI><a href="#[74]">&gt;&gt;</a>&nbsp;&nbsp;&nbsp;lfs_dir_traverse_filter
<LI><a href="#[184]">&gt;&gt;</a>&nbsp;&nbsp;&nbsp;lfs_dir_getslice
<LI><a href="#[174]">&gt;&gt;</a>&nbsp;&nbsp;&nbsp;lfs_dir_fetchmatch
</UL>

<P><STRONG><a name="[179]"></a>lfs_tag_type1</STRONG> (Thumb, 10 bytes, Stack size 0 bytes, lfs.o(i.lfs_tag_type1))
<BR><BR>[Called By]<UL><LI><a href="#[17e]">&gt;&gt;</a>&nbsp;&nbsp;&nbsp;lfs_gstate_hasmovehere
<LI><a href="#[1ac]">&gt;&gt;</a>&nbsp;&nbsp;&nbsp;lfs_gstate_hasmove
<LI><a href="#[74]">&gt;&gt;</a>&nbsp;&nbsp;&nbsp;lfs_dir_traverse_filter
<LI><a href="#[189]">&gt;&gt;</a>&nbsp;&nbsp;&nbsp;lfs_dir_relocatingcommit
<LI><a href="#[184]">&gt;&gt;</a>&nbsp;&nbsp;&nbsp;lfs_dir_getslice
<LI><a href="#[174]">&gt;&gt;</a>&nbsp;&nbsp;&nbsp;lfs_dir_fetchmatch
</UL>

<P><STRONG><a name="[177]"></a>lfs_tag_type2</STRONG> (Thumb, 10 bytes, Stack size 0 bytes, lfs.o(i.lfs_tag_type2))
<BR><BR>[Called By]<UL><LI><a href="#[174]">&gt;&gt;</a>&nbsp;&nbsp;&nbsp;lfs_dir_fetchmatch
</UL>

<P><STRONG><a name="[17c]"></a>lfs_tag_type3</STRONG> (Thumb, 8 bytes, Stack size 0 bytes, lfs.o(i.lfs_tag_type3))
<BR><BR>[Called By]<UL><LI><a href="#[143]">&gt;&gt;</a>&nbsp;&nbsp;&nbsp;lfs_fs_traverse_
<LI><a href="#[1ab]">&gt;&gt;</a>&nbsp;&nbsp;&nbsp;lfs_fs_demove
<LI><a href="#[19a]">&gt;&gt;</a>&nbsp;&nbsp;&nbsp;lfs_file_opencfg_
<LI><a href="#[16a]">&gt;&gt;</a>&nbsp;&nbsp;&nbsp;lfs_dir_traverse
<LI><a href="#[189]">&gt;&gt;</a>&nbsp;&nbsp;&nbsp;lfs_dir_relocatingcommit
<LI><a href="#[17f]">&gt;&gt;</a>&nbsp;&nbsp;&nbsp;lfs_dir_find
<LI><a href="#[174]">&gt;&gt;</a>&nbsp;&nbsp;&nbsp;lfs_dir_fetchmatch
</UL>

<P><STRONG><a name="[163]"></a>lfs_tobe32</STRONG> (Thumb, 12 bytes, Stack size 8 bytes, lfs.o(i.lfs_tobe32))
<BR><BR>[Stack]<UL><LI>Max Depth = 16<LI>Call Chain = lfs_tobe32 &rArr; lfs_frombe32
</UL>
<BR>[Calls]<UL><LI><a href="#[175]">&gt;&gt;</a>&nbsp;&nbsp;&nbsp;lfs_frombe32
</UL>
<BR>[Called By]<UL><LI><a href="#[165]">&gt;&gt;</a>&nbsp;&nbsp;&nbsp;lfs_dir_commitcrc
<LI><a href="#[161]">&gt;&gt;</a>&nbsp;&nbsp;&nbsp;lfs_dir_commitattr
</UL>

<P><STRONG><a name="[153]"></a>lfs_tole32</STRONG> (Thumb, 12 bytes, Stack size 8 bytes, lfs.o(i.lfs_tole32))
<BR><BR>[Stack]<UL><LI>Max Depth = 16<LI>Call Chain = lfs_tole32 &rArr; lfs_fromle32
</UL>
<BR>[Calls]<UL><LI><a href="#[154]">&gt;&gt;</a>&nbsp;&nbsp;&nbsp;lfs_fromle32
</UL>
<BR>[Called By]<UL><LI><a href="#[1a9]">&gt;&gt;</a>&nbsp;&nbsp;&nbsp;lfs_superblock_tole32
<LI><a href="#[16c]">&gt;&gt;</a>&nbsp;&nbsp;&nbsp;lfs_pair_tole32
<LI><a href="#[171]">&gt;&gt;</a>&nbsp;&nbsp;&nbsp;lfs_gstate_tole32
<LI><a href="#[166]">&gt;&gt;</a>&nbsp;&nbsp;&nbsp;lfs_fcrc_tole32
<LI><a href="#[174]">&gt;&gt;</a>&nbsp;&nbsp;&nbsp;lfs_dir_fetchmatch
<LI><a href="#[167]">&gt;&gt;</a>&nbsp;&nbsp;&nbsp;lfs_dir_compact
<LI><a href="#[165]">&gt;&gt;</a>&nbsp;&nbsp;&nbsp;lfs_dir_commitcrc
<LI><a href="#[159]">&gt;&gt;</a>&nbsp;&nbsp;&nbsp;lfs_ctz_tole32
<LI><a href="#[150]">&gt;&gt;</a>&nbsp;&nbsp;&nbsp;lfs_ctz_extend
</UL>

<P><STRONG><a name="[1b3]"></a>lfs_tortoise_detectcycles</STRONG> (Thumb, 74 bytes, Stack size 16 bytes, lfs.o(i.lfs_tortoise_detectcycles))
<BR><BR>[Stack]<UL><LI>Max Depth = 40<LI>Call Chain = lfs_tortoise_detectcycles &rArr; __2printf
</UL>
<BR>[Calls]<UL><LI><a href="#[1ad]">&gt;&gt;</a>&nbsp;&nbsp;&nbsp;lfs_pair_issync
<LI><a href="#[a0]">&gt;&gt;</a>&nbsp;&nbsp;&nbsp;__2printf
</UL>
<BR>[Called By]<UL><LI><a href="#[1b5]">&gt;&gt;</a>&nbsp;&nbsp;&nbsp;lfs_mount_
<LI><a href="#[143]">&gt;&gt;</a>&nbsp;&nbsp;&nbsp;lfs_fs_traverse_
<LI><a href="#[18d]">&gt;&gt;</a>&nbsp;&nbsp;&nbsp;lfs_fs_pred
<LI><a href="#[18a]">&gt;&gt;</a>&nbsp;&nbsp;&nbsp;lfs_fs_parent
</UL>

<P><STRONG><a name="[1b7]"></a>lfs_unmount_</STRONG> (Thumb, 12 bytes, Stack size 8 bytes, lfs.o(i.lfs_unmount_))
<BR><BR>[Stack]<UL><LI>Max Depth = 32<LI>Call Chain = lfs_unmount_ &rArr; lfs_deinit &rArr; lfs_free &rArr; free
</UL>
<BR>[Calls]<UL><LI><a href="#[15b]">&gt;&gt;</a>&nbsp;&nbsp;&nbsp;lfs_deinit
</UL>
<BR>[Called By]<UL><LI><a href="#[ba]">&gt;&gt;</a>&nbsp;&nbsp;&nbsp;lfs_unmount
<LI><a href="#[1b5]">&gt;&gt;</a>&nbsp;&nbsp;&nbsp;lfs_mount_
</UL>

<P><STRONG><a name="[133]"></a>stderr_putchar</STRONG> (Thumb, 12 bytes, Stack size 4 bytes, retarget_io.o(i.stderr_putchar))
<BR><BR>[Stack]<UL><LI>Max Depth = 4<LI>Call Chain = stderr_putchar
</UL>
<BR>[Calls]<UL><LI><a href="#[20a]">&gt;&gt;</a>&nbsp;&nbsp;&nbsp;ITM_SendChar
</UL>
<BR>[Called By]<UL><LI><a href="#[6e]">&gt;&gt;</a>&nbsp;&nbsp;&nbsp;fputc
</UL>

<P><STRONG><a name="[e2]"></a>_fp_digits</STRONG> (Thumb, 366 bytes, Stack size 64 bytes, printfa.o(i._fp_digits), UNUSED)
<BR><BR>[Calls]<UL><LI><a href="#[80]">&gt;&gt;</a>&nbsp;&nbsp;&nbsp;__aeabi_uldivmod
<LI><a href="#[89]">&gt;&gt;</a>&nbsp;&nbsp;&nbsp;__aeabi_dmul
<LI><a href="#[8a]">&gt;&gt;</a>&nbsp;&nbsp;&nbsp;__aeabi_ddiv
<LI><a href="#[83]">&gt;&gt;</a>&nbsp;&nbsp;&nbsp;__aeabi_dadd
<LI><a href="#[8b]">&gt;&gt;</a>&nbsp;&nbsp;&nbsp;__aeabi_d2ulz
<LI><a href="#[e3]">&gt;&gt;</a>&nbsp;&nbsp;&nbsp;__aeabi_cdrcmple
</UL>
<BR>[Called By]<UL><LI><a href="#[dd]">&gt;&gt;</a>&nbsp;&nbsp;&nbsp;_printf_core
</UL>

<P><STRONG><a name="[dd]"></a>_printf_core</STRONG> (Thumb, 1704 bytes, Stack size 136 bytes, printfa.o(i._printf_core), UNUSED)
<BR><BR>[Calls]<UL><LI><a href="#[80]">&gt;&gt;</a>&nbsp;&nbsp;&nbsp;__aeabi_uldivmod
<LI><a href="#[e6]">&gt;&gt;</a>&nbsp;&nbsp;&nbsp;__aeabi_uidivmod
<LI><a href="#[e4]">&gt;&gt;</a>&nbsp;&nbsp;&nbsp;_printf_pre_padding
<LI><a href="#[e5]">&gt;&gt;</a>&nbsp;&nbsp;&nbsp;_printf_post_padding
<LI><a href="#[e2]">&gt;&gt;</a>&nbsp;&nbsp;&nbsp;_fp_digits
</UL>
<BR>[Called By]<UL><LI><a href="#[de]">&gt;&gt;</a>&nbsp;&nbsp;&nbsp;__0vsnprintf
<LI><a href="#[dc]">&gt;&gt;</a>&nbsp;&nbsp;&nbsp;__0printf
</UL>

<P><STRONG><a name="[e5]"></a>_printf_post_padding</STRONG> (Thumb, 36 bytes, Stack size 24 bytes, printfa.o(i._printf_post_padding), UNUSED)
<BR><BR>[Called By]<UL><LI><a href="#[dd]">&gt;&gt;</a>&nbsp;&nbsp;&nbsp;_printf_core
</UL>

<P><STRONG><a name="[e4]"></a>_printf_pre_padding</STRONG> (Thumb, 46 bytes, Stack size 24 bytes, printfa.o(i._printf_pre_padding), UNUSED)
<BR><BR>[Called By]<UL><LI><a href="#[dd]">&gt;&gt;</a>&nbsp;&nbsp;&nbsp;_printf_core
</UL>

<P><STRONG><a name="[6f]"></a>_snputc</STRONG> (Thumb, 22 bytes, Stack size 0 bytes, printfa.o(i._snputc))
<BR>[Address Reference Count : 1]<UL><LI> printfa.o(i.__0vsnprintf)
</UL><P>
<H3>
Undefined Global Symbols
</H3><HR></body></html>
