<html>
<body>
<pre>
<h1>礦ision Build Log</h1>
<h2>Tool Versions:</h2>
IDE-Version: μVision V5.25.2.0
Copyright (C) 2018 ARM Ltd and ARM Germany GmbH. All rights reserved.
License Information: 1 1, 1, LIC=76F5U-S6KKT-MMS9I-TX1TP-EIBFG-R6572
 
Tool Versions:
Toolchain:       MDK-ARM Plus  Version: 5.25.2.0
Toolchain Path:  C:\Keil_v5\ARM\ARMCC\Bin
C Compiler:      Armcc.exe V5.06 update 6 (build 750)
Assembler:       Armasm.exe V5.06 update 6 (build 750)
Linker/Locator:  ArmLink.exe V5.06 update 6 (build 750)
Library Manager: ArmAr.exe V5.06 update 6 (build 750)
Hex Converter:   FromElf.exe V5.06 update 6 (build 750)
CPU DLL:         SARMCM3.DLL V5.25.2.0
Dialog DLL:      DCM.DLL V1.17.1.0
Target DLL:      Segger\JL2CM3.dll V2.99.29.0
Dialog DLL:      TCM.DLL V1.35.1.0
 
<h2>Project:</h2>
D:\CIMC\7====2025\嵌入式\demo板资料\04 例程模板\09 CIMC_GD32_fatfs_driver\project\CIMC_GD32_Template.uvprojx
Project File Date:  05/18/2025

<h2>Output:</h2>
*** Using Compiler 'V5.06 update 6 (build 750)', folder: 'C:\Keil_v5\ARM\ARMCC\Bin'
Rebuild target 'CIMC_GD32_Template'
compiling LED.c...
compiling USART.c...
compiling gd32f4xx_it.c...
compiling systick.c...
compiling main.c...
compiling Function.c...
compiling sdcard.c...
compiling gd32f4xx_crc.c...
compiling system_gd32f4xx.c...
compiling gd32f4xx_can.c...
compiling gd32f4xx_ctc.c...
compiling gd32f4xx_adc.c...
compiling gd32f4xx_dac.c...
compiling gd32f4xx_dbg.c...
compiling gd32f4xx_dci.c...
compiling gd32f4xx_exti.c...
compiling gd32f4xx_dma.c...
compiling gd32f4xx_fwdgt.c...
compiling gd32f4xx_fmc.c...
compiling gd32f4xx_exmc.c...
compiling gd32f4xx_enet.c...
compiling gd32f4xx_iref.c...
compiling gd32f4xx_gpio.c...
compiling gd32f4xx_misc.c...
compiling gd32f4xx_ipa.c...
compiling gd32f4xx_i2c.c...
compiling gd32f4xx_pmu.c...
compiling gd32f4xx_rcu.c...
compiling gd32f4xx_syscfg.c...
compiling gd32f4xx_sdio.c...
compiling gd32f4xx_rtc.c...
compiling gd32f4xx_spi.c...
compiling gd32f4xx_tli.c...
compiling gd32f4xx_timer.c...
compiling gd32f4xx_trng.c...
assembling startup_gd32f450_470.s...
compiling ff.c...
compiling gd32f4xx_wwdgt.c...
compiling diskio.c...
compiling gd32f4xx_usart.c...
linking...
Program Size: Code=17660 RO-data=460 RW-data=76 ZI-data=2932  
".\Objects\CIMC_GD32_Template.axf" - 0 Error(s), 0 Warning(s).

<h2>Software Packages used:</h2>

Package Vendor: ARM
                http://www.keil.com/pack/ARM.CMSIS.5.3.0.pack
                ARM.CMSIS.5.3.0
                CMSIS (Cortex Microcontroller Software Interface Standard)
   * Component: CORE Version: 5.1.1

Package Vendor: GigaDevice
                https://gd32mcu.com/data/documents/pack/GigaDevice.GD32F4xx_DFP.3.0.3.pack
                GigaDevice.GD32F4xx_DFP.3.0.3
                GigaDevice GD32F4xx Series Device Support and Examples

<h2>Collection of Component include folders:</h2>
  .\RTE\_CIMC_GD32_Template
  C:\Keil_v5\ARM\PACK\ARM\CMSIS\5.3.0\CMSIS\Include
  C:\Keil_v5\ARM\PACK\GigaDevice\GD32F4xx_DFP\3.0.3\Device\F4XX\Include

<h2>Collection of Component Files used:</h2>

   * Component: ARM::CMSIS:CORE:5.1.1
Build Time Elapsed:  00:00:14
</pre>
</body>
</html>
